Archive member included to satisfy reference by file (symbol)

C:/ST/STM32CubeIDE_1.19.0/STM32CubeIDE/plugins/com.st.stm32cube.ide.mcu.externaltools.gnu-tools-for-stm32.13.3.rel1.win32_1.0.0.202411081344/tools/bin/../lib/gcc/arm-none-eabi/13.3.1/../../../../arm-none-eabi/lib/thumb/v7e-m+dp/hard\libc_nano.a(libc_a-exit.o)
                              C:/ST/STM32CubeIDE_1.19.0/STM32CubeIDE/plugins/com.st.stm32cube.ide.mcu.externaltools.gnu-tools-for-stm32.13.3.rel1.win32_1.0.0.202411081344/tools/bin/../lib/gcc/arm-none-eabi/13.3.1/../../../../arm-none-eabi/lib/thumb/v7e-m+dp/hard/crt0.o (exit)
C:/ST/STM32CubeIDE_1.19.0/STM32CubeIDE/plugins/com.st.stm32cube.ide.mcu.externaltools.gnu-tools-for-stm32.13.3.rel1.win32_1.0.0.202411081344/tools/bin/../lib/gcc/arm-none-eabi/13.3.1/../../../../arm-none-eabi/lib/thumb/v7e-m+dp/hard\libc_nano.a(libc_a-findfp.o)
                              ./Middlewares/Third_Party/FreeRTOS/tasks.o (__sf)
C:/ST/STM32CubeIDE_1.19.0/STM32CubeIDE/plugins/com.st.stm32cube.ide.mcu.externaltools.gnu-tools-for-stm32.13.3.rel1.win32_1.0.0.202411081344/tools/bin/../lib/gcc/arm-none-eabi/13.3.1/../../../../arm-none-eabi/lib/thumb/v7e-m+dp/hard\libc_nano.a(libc_a-fwalk.o)
                              C:/ST/STM32CubeIDE_1.19.0/STM32CubeIDE/plugins/com.st.stm32cube.ide.mcu.externaltools.gnu-tools-for-stm32.13.3.rel1.win32_1.0.0.202411081344/tools/bin/../lib/gcc/arm-none-eabi/13.3.1/../../../../arm-none-eabi/lib/thumb/v7e-m+dp/hard\libc_nano.a(libc_a-findfp.o) (_fwalk_sglue)
C:/ST/STM32CubeIDE_1.19.0/STM32CubeIDE/plugins/com.st.stm32cube.ide.mcu.externaltools.gnu-tools-for-stm32.13.3.rel1.win32_1.0.0.202411081344/tools/bin/../lib/gcc/arm-none-eabi/13.3.1/../../../../arm-none-eabi/lib/thumb/v7e-m+dp/hard\libc_nano.a(libc_a-stdio.o)
                              C:/ST/STM32CubeIDE_1.19.0/STM32CubeIDE/plugins/com.st.stm32cube.ide.mcu.externaltools.gnu-tools-for-stm32.13.3.rel1.win32_1.0.0.202411081344/tools/bin/../lib/gcc/arm-none-eabi/13.3.1/../../../../arm-none-eabi/lib/thumb/v7e-m+dp/hard\libc_nano.a(libc_a-findfp.o) (__sread)
C:/ST/STM32CubeIDE_1.19.0/STM32CubeIDE/plugins/com.st.stm32cube.ide.mcu.externaltools.gnu-tools-for-stm32.13.3.rel1.win32_1.0.0.202411081344/tools/bin/../lib/gcc/arm-none-eabi/13.3.1/../../../../arm-none-eabi/lib/thumb/v7e-m+dp/hard\libc_nano.a(libc_a-memset.o)
                              C:/ST/STM32CubeIDE_1.19.0/STM32CubeIDE/plugins/com.st.stm32cube.ide.mcu.externaltools.gnu-tools-for-stm32.13.3.rel1.win32_1.0.0.202411081344/tools/bin/../lib/gcc/arm-none-eabi/13.3.1/../../../../arm-none-eabi/lib/thumb/v7e-m+dp/hard/crt0.o (memset)
C:/ST/STM32CubeIDE_1.19.0/STM32CubeIDE/plugins/com.st.stm32cube.ide.mcu.externaltools.gnu-tools-for-stm32.13.3.rel1.win32_1.0.0.202411081344/tools/bin/../lib/gcc/arm-none-eabi/13.3.1/../../../../arm-none-eabi/lib/thumb/v7e-m+dp/hard\libc_nano.a(libc_a-closer.o)
                              C:/ST/STM32CubeIDE_1.19.0/STM32CubeIDE/plugins/com.st.stm32cube.ide.mcu.externaltools.gnu-tools-for-stm32.13.3.rel1.win32_1.0.0.202411081344/tools/bin/../lib/gcc/arm-none-eabi/13.3.1/../../../../arm-none-eabi/lib/thumb/v7e-m+dp/hard\libc_nano.a(libc_a-stdio.o) (_close_r)
C:/ST/STM32CubeIDE_1.19.0/STM32CubeIDE/plugins/com.st.stm32cube.ide.mcu.externaltools.gnu-tools-for-stm32.13.3.rel1.win32_1.0.0.202411081344/tools/bin/../lib/gcc/arm-none-eabi/13.3.1/../../../../arm-none-eabi/lib/thumb/v7e-m+dp/hard\libc_nano.a(libc_a-reent.o)
                              ./Middlewares/Third_Party/FreeRTOS/tasks.o (_reclaim_reent)
C:/ST/STM32CubeIDE_1.19.0/STM32CubeIDE/plugins/com.st.stm32cube.ide.mcu.externaltools.gnu-tools-for-stm32.13.3.rel1.win32_1.0.0.202411081344/tools/bin/../lib/gcc/arm-none-eabi/13.3.1/../../../../arm-none-eabi/lib/thumb/v7e-m+dp/hard\libc_nano.a(libc_a-impure.o)
                              ./Middlewares/Third_Party/FreeRTOS/tasks.o (_impure_ptr)
C:/ST/STM32CubeIDE_1.19.0/STM32CubeIDE/plugins/com.st.stm32cube.ide.mcu.externaltools.gnu-tools-for-stm32.13.3.rel1.win32_1.0.0.202411081344/tools/bin/../lib/gcc/arm-none-eabi/13.3.1/../../../../arm-none-eabi/lib/thumb/v7e-m+dp/hard\libc_nano.a(libc_a-lseekr.o)
                              C:/ST/STM32CubeIDE_1.19.0/STM32CubeIDE/plugins/com.st.stm32cube.ide.mcu.externaltools.gnu-tools-for-stm32.13.3.rel1.win32_1.0.0.202411081344/tools/bin/../lib/gcc/arm-none-eabi/13.3.1/../../../../arm-none-eabi/lib/thumb/v7e-m+dp/hard\libc_nano.a(libc_a-stdio.o) (_lseek_r)
C:/ST/STM32CubeIDE_1.19.0/STM32CubeIDE/plugins/com.st.stm32cube.ide.mcu.externaltools.gnu-tools-for-stm32.13.3.rel1.win32_1.0.0.202411081344/tools/bin/../lib/gcc/arm-none-eabi/13.3.1/../../../../arm-none-eabi/lib/thumb/v7e-m+dp/hard\libc_nano.a(libc_a-readr.o)
[...]
Memory Configuration

Name             Origin             Length             Attributes
RAM_D1           0x24000000         0x00080000         xrw
FLASH            0x08000000         0x00100000         xr
DTCMRAM          0x20000000         0x00020000         xrw
RAM_D2           0x30000000         0x00048000         xrw
RAM_D3           0x38000000         0x00010000         xrw
ITCMRAM          0x00000000         0x00010000         xrw
*default*        0x00000000         0xffffffff

Linker script and memory map

LOAD C:/ST/STM32CubeIDE_1.19.0/STM32CubeIDE/plugins/com.st.stm32cube.ide.mcu.externaltools.gnu-tools-for-stm32.13.3.rel1.win32_1.0.0.202411081344/tools/bin/../lib/gcc/arm-none-eabi/13.3.1/thumb/v7e-m+dp/hard/crti.o
LOAD C:/ST/STM32CubeIDE_1.19.0/STM32CubeIDE/plugins/com.st.stm32cube.ide.mcu.externaltools.gnu-tools-for-stm32.13.3.rel1.win32_1.0.0.202411081344/tools/bin/../lib/gcc/arm-none-eabi/13.3.1/thumb/v7e-m+dp/hard/crtbegin.o
LOAD C:/ST/STM32CubeIDE_1.19.0/STM32CubeIDE/plugins/com.st.stm32cube.ide.mcu.externaltools.gnu-tools-for-stm32.13.3.rel1.win32_1.0.0.202411081344/tools/bin/../lib/gcc/arm-none-eabi/13.3.1/../../../../arm-none-eabi/lib/thumb/v7e-m+dp/hard/crt0.o
LOAD ./Common/Src/system_stm32h7xx_dualcore_boot_cm4_cm7.o
LOAD ./Core/Src/PDP.o
LOAD ./Core/Src/TalonFX.o
LOAD ./Core/Src/TalonSRX.o
LOAD ./Core/Src/fdcan.o
LOAD ./Core/Src/freertos.o
LOAD ./Core/Src/gpio.o
LOAD ./Core/Src/main.o
LOAD ./Core/Src/stm32h7xx_hal_msp.o
LOAD ./Core/Src/stm32h7xx_hal_timebase_tim.o
LOAD ./Core/Src/stm32h7xx_it.o
LOAD ./Core/Src/syscalls.o
LOAD ./Core/Src/sysmem.o
LOAD ./Core/Startup/startup_stm32h755zitx.o
LOAD ./Drivers/STM32H7xx_HAL_Driver/stm32h7xx_hal.o
LOAD ./Drivers/STM32H7xx_HAL_Driver/stm32h7xx_hal_cortex.o
LOAD ./Drivers/STM32H7xx_HAL_Driver/stm32h7xx_hal_dma.o
LOAD ./Drivers/STM32H7xx_HAL_Driver/stm32h7xx_hal_dma_ex.o
LOAD ./Drivers/STM32H7xx_HAL_Driver/stm32h7xx_hal_exti.o
LOAD ./Drivers/STM32H7xx_HAL_Driver/stm32h7xx_hal_fdcan.o
LOAD ./Drivers/STM32H7xx_HAL_Driver/stm32h7xx_hal_flash.o
LOAD ./Drivers/STM32H7xx_HAL_Driver/stm32h7xx_hal_flash_ex.o
LOAD ./Drivers/STM32H7xx_HAL_Driver/stm32h7xx_hal_gpio.o
LOAD ./Drivers/STM32H7xx_HAL_Driver/stm32h7xx_hal_hsem.o
LOAD ./Drivers/STM32H7xx_HAL_Driver/stm32h7xx_hal_i2c.o
LOAD ./Drivers/STM32H7xx_HAL_Driver/stm32h7xx_hal_i2c_ex.o
LOAD ./Drivers/STM32H7xx_HAL_Driver/stm32h7xx_hal_mdma.o
LOAD ./Drivers/STM32H7xx_HAL_Driver/stm32h7xx_hal_pwr.o
LOAD ./Drivers/STM32H7xx_HAL_Driver/stm32h7xx_hal_pwr_ex.o
LOAD ./Drivers/STM32H7xx_HAL_Driver/stm32h7xx_hal_rcc.o
LOAD ./Drivers/STM32H7xx_HAL_Driver/stm32h7xx_hal_rcc_ex.o
LOAD ./Drivers/STM32H7xx_HAL_Driver/stm32h7xx_hal_tim.o
LOAD ./Drivers/STM32H7xx_HAL_Driver/stm32h7xx_hal_tim_ex.o
LOAD ./Middlewares/Third_Party/FreeRTOS/cmsis_os2.o
LOAD ./Middlewares/Third_Party/FreeRTOS/croutine.o
LOAD ./Middlewares/Third_Party/FreeRTOS/event_groups.o
LOAD ./Middlewares/Third_Party/FreeRTOS/heap_4.o
LOAD ./Middlewares/Third_Party/FreeRTOS/list.o
LOAD ./Middlewares/Third_Party/FreeRTOS/port.o
LOAD ./Middlewares/Third_Party/FreeRTOS/queue.o
LOAD ./Middlewares/Third_Party/FreeRTOS/stream_buffer.o
LOAD ./Middlewares/Third_Party/FreeRTOS/tasks.o
LOAD ./Middlewares/Third_Party/FreeRTOS/timers.o
START GROUP
LOAD C:/ST/STM32CubeIDE_1.19.0/STM32CubeIDE/plugins/com.st.stm32cube.ide.mcu.externaltools.gnu-tools-for-stm32.13.3.rel1.win32_1.0.0.202411081344/tools/bin/../lib/gcc/arm-none-eabi/13.3.1/../../../../arm-none-eabi/lib/thumb/v7e-m+dp/hard\libc_nano.a
LOAD C:/ST/STM32CubeIDE_1.19.0/STM32CubeIDE/plugins/com.st.stm32cube.ide.mcu.externaltools.gnu-tools-for-stm32.13.3.rel1.win32_1.0.0.202411081344/tools/bin/../lib/gcc/arm-none-eabi/13.3.1/../../../../arm-none-eabi/lib/thumb/v7e-m+dp/hard\libm.a
END GROUP
START GROUP
LOAD C:/ST/STM32CubeIDE_1.19.0/STM32CubeIDE/plugins/com.st.stm32cube.ide.mcu.externaltools.gnu-tools-for-stm32.13.3.rel1.win32_1.0.0.202411081344/tools/bin/../lib/gcc/arm-none-eabi/13.3.1/thumb/v7e-m+dp/hard\libgcc.a
LOAD C:/ST/STM32CubeIDE_1.19.0/STM32CubeIDE/plugins/com.st.stm32cube.ide.mcu.externaltools.gnu-tools-for-stm32.13.3.rel1.win32_1.0.0.202411081344/tools/bin/../lib/gcc/arm-none-eabi/13.3.1/../../../../arm-none-eabi/lib/thumb/v7e-m+dp/hard\libc_nano.a
END GROUP
START GROUP
LOAD C:/ST/STM32CubeIDE_1.19.0/STM32CubeIDE/plugins/com.st.stm32cube.ide.mcu.externaltools.gnu-tools-for-stm32.13.3.rel1.win32_1.0.0.202411081344/tools/bin/../lib/gcc/arm-none-eabi/13.3.1/thumb/v7e-m+dp/hard\libgcc.a
LOAD C:/ST/STM32CubeIDE_1.19.0/STM32CubeIDE/plugins/com.st.stm32cube.ide.mcu.externaltools.gnu-tools-for-stm32.13.3.rel1.win32_1.0.0.202411081344/tools/bin/../lib/gcc/arm-none-eabi/13.3.1/../../../../arm-none-eabi/lib/thumb/v7e-m+dp/hard\libc_nano.a
LOAD C:/ST/STM32CubeIDE_1.19.0/STM32CubeIDE/plugins/com.st.stm32cube.ide.mcu.externaltools.gnu-tools-for-stm32.13.3.rel1.win32_1.0.0.202411081344/tools/bin/../lib/gcc/arm-none-eabi/13.3.1/../../../../arm-none-eabi/lib/thumb/v7e-m+dp/hard\libnosys.a
END GROUP
START GROUP
LOAD C:/ST/STM32CubeIDE_1.19.0/STM32CubeIDE/plugins/com.st.stm32cube.ide.mcu.externaltools.gnu-tools-for-stm32.13.3.rel1.win32_1.0.0.202411081344/tools/bin/../lib/gcc/arm-none-eabi/13.3.1/thumb/v7e-m+dp/hard\libgcc.a
LOAD C:/ST/STM32CubeIDE_1.19.0/STM32CubeIDE/plugins/com.st.stm32cube.ide.mcu.externaltools.gnu-tools-for-stm32.13.3.rel1.win32_1.0.0.202411081344/tools/bin/../lib/gcc/arm-none-eabi/13.3.1/../../../../arm-none-eabi/lib/thumb/v7e-m+dp/hard\libc_nano.a
LOAD C:/ST/STM32CubeIDE_1.19.0/STM32CubeIDE/plugins/com.st.stm32cube.ide.mcu.externaltools.gnu-tools-for-stm32.13.3.rel1.win32_1.0.0.202411081344/tools/bin/../lib/gcc/arm-none-eabi/13.3.1/../../../../arm-none-eabi/lib/thumb/v7e-m+dp/hard\libnosys.a
END GROUP
LOAD C:/ST/STM32CubeIDE_1.19.0/STM32CubeIDE/plugins/com.st.stm32cube.ide.mcu.externaltools.gnu-tools-for-stm32.13.3.rel1.win32_1.0.0.202411081344/tools/bin/../lib/gcc/arm-none-eabi/13.3.1/thumb/v7e-m+dp/hard/crtend.o
LOAD C:/ST/STM32CubeIDE_1.19.0/STM32CubeIDE/plugins/com.st.stm32cube.ide.mcu.externaltools.gnu-tools-for-stm32.13.3.rel1.win32_1.0.0.202411081344/tools/bin/../lib/gcc/arm-none-eabi/13.3.1/thumb/v7e-m+dp/hard/crtn.o
                0x24080000                        _estack = (ORIGIN (RAM_D1) + LENGTH (RAM_D1))
                0x00000200                        _Min_Heap_Size = 0x200
                0x00000400                        _Min_Stack_Size = 0x400

.isr_vector     0x08000000      0x298
                0x08000000                        . = ALIGN (0x4)
 *(.isr_vector)
 .isr_vector    0x08000000      0x298 ./Core/Startup/startup_stm32h755zitx.o
                0x08000000                g_pfnVectors
                0x08000298                        . = ALIGN (0x4)

.text           0x080002a0     0x6ee0
                0x080002a0                        . = ALIGN (0x4)
 *(.text)
 .text          0x080002a0       0x40 C:/ST/STM32CubeIDE_1.19.0/STM32CubeIDE/plugins/com.st.stm32cube.ide.mcu.externaltools.gnu-tools-for-stm32.13.3.rel1.win32_1.0.0.202411081344/tools/bin/../lib/gcc/arm-none-eabi/13.3.1/thumb/v7e-m+dp/hard/crtbegin.o
 *(.text*)
 .text.SystemInit
                0x080002e0      0x15c ./Common/Src/system_stm32h7xx_dualcore_boot_cm4_cm7.o
                0x080002e0                SystemInit
 .text.ExitRun0Mode
                0x0800043c       0x30 ./Common/Src/system_stm32h7xx_dualcore_boot_cm4_cm7.o
                0x0800043c                ExitRun0Mode
 .text.MX_FDCAN1_Init
                0x0800046c       0xc8 ./Core/Src/fdcan.o
                0x0800046c                MX_FDCAN1_Init
 .text.HAL_FDCAN_MspInit
                0x08000534       0xd4 ./Core/Src/fdcan.o
                0x08000534                HAL_FDCAN_MspInit
 .text.MX_FREERTOS_Init
                0x08000608       0x40 ./Core/Src/freertos.o
                0x08000608                MX_FREERTOS_Init
 .text.StartTask01
                0x08000648       0x10 ./Core/Src/freertos.o
                0x08000648                StartTask01
 .text.StartTask02
                0x08000658       0x10 ./Core/Src/freertos.o
                0x08000658                StartTask02
 .text.MX_GPIO_Init
                0x08000668       0x34 ./Core/Src/gpio.o
                0x08000668                MX_GPIO_Init
 .text.main     0x0800069c       0x24 ./Core/Src/main.o
                0x0800069c                main
 .text.SystemClock_Config
                0x080006c0       0xf8 ./Core/Src/main.o
                0x080006c0                SystemClock_Config
 .text.HAL_TIM_PeriodElapsedCallback
                0x080007b8       0x24 ./Core/Src/main.o
                0x080007b8                HAL_TIM_PeriodElapsedCallback
 .text.Error_Handler
                0x080007dc        0xc ./Core/Src/main.o
                0x080007dc                Error_Handler
 .text.HAL_MspInit
                0x080007e8       0x3c ./Core/Src/stm32h7xx_hal_msp.o
                0x080007e8                HAL_MspInit
 .text.HAL_InitTick
                0x08000824       0xd8 ./Core/Src/stm32h7xx_hal_timebase_tim.o
                0x08000824                HAL_InitTick
 .text.NMI_Handler
                0x080008fc        0x8 ./Core/Src/stm32h7xx_it.o
                0x080008fc                NMI_Handler
 .text.HardFault_Handler
                0x08000904        0x8 ./Core/Src/stm32h7xx_it.o
                0x08000904                HardFault_Handler
 .text.MemManage_Handler
                0x0800090c        0x8 ./Core/Src/stm32h7xx_it.o
                0x0800090c                MemManage_Handler
 .text.BusFault_Handler
                0x08000914        0x8 ./Core/Src/stm32h7xx_it.o
                0x08000914                BusFault_Handler
 .text.UsageFault_Handler
                0x0800091c        0x8 ./Core/Src/stm32h7xx_it.o
                0x0800091c                UsageFault_Handler
 .text.DebugMon_Handler
                0x08000924        0xe ./Core/Src/stm32h7xx_it.o
                0x08000924                DebugMon_Handler
 *fill*         0x08000932        0x2 
 .text.TIM6_DAC_IRQHandler
                0x08000934       0x14 ./Core/Src/stm32h7xx_it.o
                0x08000934                TIM6_DAC_IRQHandler
 .text.Reset_Handler
                0x08000948       0x54 ./Core/Startup/startup_stm32h755zitx.o
                0x08000948                Reset_Handler
 .text.Default_Handler
                0x0800099c        0x2 ./Core/Startup/startup_stm32h755zitx.o
                0x0800099c                RTC_Alarm_IRQHandler
                0x0800099c                HASH_RNG_IRQHandler
                0x0800099c                EXTI2_IRQHandler
                0x0800099c                TIM8_CC_IRQHandler
                0x0800099c                HRTIM1_Master_IRQHandler
                0x0800099c                UART8_IRQHandler
                0x0800099c                SPI4_IRQHandler
                0x0800099c                TIM1_CC_IRQHandler
                0x0800099c                BDMA_Channel6_IRQHandler
                0x0800099c                DMA2_Stream5_IRQHandler
                0x0800099c                HRTIM1_FLT_IRQHandler
                0x0800099c                JPEG_IRQHandler
                0x0800099c                DMA1_Stream5_IRQHandler
                0x0800099c                BDMA_Channel1_IRQHandler
                0x0800099c                HRTIM1_TIMD_IRQHandler
                0x0800099c                TAMP_STAMP_IRQHandler
                0x0800099c                EXTI3_IRQHandler
                0x0800099c                LPTIM4_IRQHandler
                0x0800099c                TIM8_TRG_COM_TIM14_IRQHandler
                0x0800099c                LPTIM2_IRQHandler
                0x0800099c                DFSDM1_FLT1_IRQHandler
                0x0800099c                DMAMUX2_OVR_IRQHandler
                0x0800099c                TIM8_UP_TIM13_IRQHandler
                0x0800099c                I2C3_ER_IRQHandler
                0x0800099c                DFSDM1_FLT2_IRQHandler
                0x0800099c                MDMA_IRQHandler
                0x0800099c                LPTIM3_IRQHandler
                0x0800099c                HSEM1_IRQHandler
                0x0800099c                EXTI0_IRQHandler
                0x0800099c                I2C2_EV_IRQHandler
                0x0800099c                DMA1_Stream2_IRQHandler
                0x0800099c                FPU_IRQHandler
                0x0800099c                OTG_HS_WKUP_IRQHandler
                0x0800099c                FDCAN1_IT1_IRQHandler
                0x0800099c                LTDC_ER_IRQHandler
                0x0800099c                DMA2_Stream2_IRQHandler
                0x0800099c                HRTIM1_TIME_IRQHandler
                0x0800099c                SPI1_IRQHandler
                0x0800099c                DCMI_IRQHandler
                0x0800099c                HRTIM1_TIMC_IRQHandler
                0x0800099c                DMA2_Stream3_IRQHandler
                0x0800099c                SAI2_IRQHandler
                0x0800099c                DFSDM1_FLT3_IRQHandler
                0x0800099c                USART6_IRQHandler
                0x0800099c                TIM17_IRQHandler
                0x0800099c                USART3_IRQHandler
                0x0800099c                BDMA_Channel7_IRQHandler
                0x0800099c                CRYP_IRQHandler
                0x0800099c                LPTIM5_IRQHandler
                0x0800099c                UART5_IRQHandler
                0x0800099c                ADC3_IRQHandler
                0x0800099c                DMA2_Stream0_IRQHandler
                0x0800099c                TIM4_IRQHandler
                0x0800099c                BDMA_Channel2_IRQHandler
                0x0800099c                QUADSPI_IRQHandler
                0x0800099c                I2C1_EV_IRQHandler
                0x0800099c                DMA1_Stream6_IRQHandler
                0x0800099c                DMAMUX1_OVR_IRQHandler
                0x0800099c                DMA1_Stream1_IRQHandler
                0x0800099c                TIM16_IRQHandler
                0x0800099c                UART4_IRQHandler
                0x0800099c                BDMA_Channel5_IRQHandler
                0x0800099c                TIM3_IRQHandler
                0x0800099c                RCC_IRQHandler
                0x0800099c                TIM8_BRK_TIM12_IRQHandler
                0x0800099c                TIM1_TRG_COM_IRQHandler
                0x0800099c                Default_Handler
                0x0800099c                ECC_IRQHandler
                0x0800099c                CEC_IRQHandler
                0x0800099c                EXTI15_10_IRQHandler
                0x0800099c                BDMA_Channel0_IRQHandler
                0x0800099c                ADC_IRQHandler
                0x0800099c                DMA1_Stream7_IRQHandler
                0x0800099c                HRTIM1_TIMA_IRQHandler
                0x0800099c                SPI5_IRQHandler
                0x0800099c                TIM7_IRQHandler
                0x0800099c                SDMMC1_IRQHandler
                0x0800099c                TIM5_IRQHandler
                0x0800099c                DMA2_Stream7_IRQHandler
                0x0800099c                TIM15_IRQHandler
                0x0800099c                PVD_AVD_IRQHandler
                0x0800099c                I2C3_EV_IRQHandler
                0x0800099c                EXTI9_5_IRQHandler
                0x0800099c                RTC_WKUP_IRQHandler
                0x0800099c                LTDC_IRQHandler
                0x0800099c                SAI3_IRQHandler
                0x0800099c                ETH_WKUP_IRQHandler
                0x0800099c                SPDIF_RX_IRQHandler
                0x0800099c                SPI2_IRQHandler
                0x0800099c                OTG_HS_EP1_IN_IRQHandler
                0x0800099c                DMA1_Stream0_IRQHandler
                0x0800099c                CRS_IRQHandler
                0x0800099c                CM7_SEV_IRQHandler
                0x0800099c                EXTI4_IRQHandler
                0x0800099c                CM4_SEV_IRQHandler
                0x0800099c                HRTIM1_TIMB_IRQHandler
                0x0800099c                FDCAN2_IT1_IRQHandler
                0x0800099c                ETH_IRQHandler
                0x0800099c                TIM1_UP_IRQHandler
                0x0800099c                WWDG_RST_IRQHandler
                0x0800099c                BDMA_Channel4_IRQHandler
                0x0800099c                OTG_HS_EP1_OUT_IRQHandler
                0x0800099c                WWDG_IRQHandler
                0x0800099c                SPI6_IRQHandler
                0x0800099c                MDIOS_IRQHandler
                0x0800099c                I2C4_EV_IRQHandler
                0x0800099c                FDCAN2_IT0_IRQHandler
                0x0800099c                LPUART1_IRQHandler
                0x0800099c                FDCAN1_IT0_IRQHandler
                0x0800099c                TIM2_IRQHandler
                0x0800099c                OTG_FS_WKUP_IRQHandler
                0x0800099c                OTG_HS_IRQHandler
                0x0800099c                HSEM2_IRQHandler
                0x0800099c                DMA2D_IRQHandler
                0x0800099c                TIM1_BRK_IRQHandler
                0x0800099c                EXTI1_IRQHandler
                0x0800099c                SDMMC2_IRQHandler
                0x0800099c                OTG_FS_EP1_OUT_IRQHandler
                0x0800099c                BDMA_Channel3_IRQHandler
                0x0800099c                HOLD_CORE_IRQHandler
                0x0800099c                UART7_IRQHandler
                0x0800099c                MDIOS_WKUP_IRQHandler
                0x0800099c                USART2_IRQHandler
                0x0800099c                DFSDM1_FLT0_IRQHandler
                0x0800099c                SAI4_IRQHandler
                0x0800099c                I2C2_ER_IRQHandler
                0x0800099c                DMA2_Stream1_IRQHandler
                0x0800099c                FLASH_IRQHandler
                0x0800099c                DMA2_Stream4_IRQHandler
                0x0800099c                USART1_IRQHandler
                0x0800099c                OTG_FS_IRQHandler
                0x0800099c                SPI3_IRQHandler
                0x0800099c                WAKEUP_PIN_IRQHandler
                0x0800099c                DMA1_Stream4_IRQHandler
                0x0800099c                OTG_FS_EP1_IN_IRQHandler
                0x0800099c                I2C1_ER_IRQHandler
                0x0800099c                FMC_IRQHandler
                0x0800099c                FDCAN_CAL_IRQHandler
                0x0800099c                SWPMI1_IRQHandler
                0x0800099c                COMP1_IRQHandler
                0x0800099c                LPTIM1_IRQHandler
                0x0800099c                I2C4_ER_IRQHandler
                0x0800099c                DMA2_Stream6_IRQHandler
                0x0800099c                SAI1_IRQHandler
                0x0800099c                DMA1_Stream3_IRQHandler
 *fill*         0x0800099e        0x2 
 .text.HAL_Init
                0x080009a0       0x78 ./Drivers/STM32H7xx_HAL_Driver/stm32h7xx_hal.o
                0x080009a0                HAL_Init
 .text.HAL_IncTick
                0x08000a18       0x28 ./Drivers/STM32H7xx_HAL_Driver/stm32h7xx_hal.o
                0x08000a18                HAL_IncTick
 .text.HAL_GetTick
                0x08000a40       0x18 ./Drivers/STM32H7xx_HAL_Driver/stm32h7xx_hal.o
                0x08000a40                HAL_GetTick
 .text.HAL_GetREVID
                0x08000a58       0x18 ./Drivers/STM32H7xx_HAL_Driver/stm32h7xx_hal.o
                0x08000a58                HAL_GetREVID
 .text.__NVIC_SetPriorityGrouping
                0x08000a70       0x48 ./Drivers/STM32H7xx_HAL_Driver/stm32h7xx_hal_cortex.o
 .text.__NVIC_GetPriorityGrouping
                0x08000ab8       0x1c ./Drivers/STM32H7xx_HAL_Driver/stm32h7xx_hal_cortex.o
 .text.__NVIC_EnableIRQ
                0x08000ad4       0x3c ./Drivers/STM32H7xx_HAL_Driver/stm32h7xx_hal_cortex.o
 .text.__NVIC_SetPriority
                0x08000b10       0x54 ./Drivers/STM32H7xx_HAL_Driver/stm32h7xx_hal_cortex.o
 .text.NVIC_EncodePriority
                0x08000b64       0x66 ./Drivers/STM32H7xx_HAL_Driver/stm32h7xx_hal_cortex.o
 .text.HAL_NVIC_SetPriorityGrouping
                0x08000bca       0x16 ./Drivers/STM32H7xx_HAL_Driver/stm32h7xx_hal_cortex.o
                0x08000bca                HAL_NVIC_SetPriorityGrouping
 .text.HAL_NVIC_SetPriority
                0x08000be0       0x34 ./Drivers/STM32H7xx_HAL_Driver/stm32h7xx_hal_cortex.o
                0x08000be0                HAL_NVIC_SetPriority
 .text.HAL_NVIC_EnableIRQ
                0x08000c14       0x1c ./Drivers/STM32H7xx_HAL_Driver/stm32h7xx_hal_cortex.o
                0x08000c14                HAL_NVIC_EnableIRQ
 .text.HAL_FDCAN_Init
                0x08000c30      0x3bc ./Drivers/STM32H7xx_HAL_Driver/stm32h7xx_hal_fdcan.o
                0x08000c30                HAL_FDCAN_Init
 .text.FDCAN_CalcultateRamBlockAddresses
                0x08000fec      0x30c ./Drivers/STM32H7xx_HAL_Driver/stm32h7xx_hal_fdcan.o
 .text.HAL_GPIO_Init
                0x080012f8      0x360 ./Drivers/STM32H7xx_HAL_Driver/stm32h7xx_hal_gpio.o
                0x080012f8                HAL_GPIO_Init
 .text.HAL_PWREx_ConfigSupply
                0x08001658       0xb4 ./Drivers/STM32H7xx_HAL_Driver/stm32h7xx_hal_pwr_ex.o
                0x08001658                HAL_PWREx_ConfigSupply
 .text.HAL_RCC_OscConfig
                0x0800170c      0x8b4 ./Drivers/STM32H7xx_HAL_Driver/stm32h7xx_hal_rcc.o
                0x0800170c                HAL_RCC_OscConfig
 .text.HAL_RCC_ClockConfig
                0x08001fc0      0x36c ./Drivers/STM32H7xx_HAL_Driver/stm32h7xx_hal_rcc.o
                0x08001fc0                HAL_RCC_ClockConfig
 .text.HAL_RCC_GetSysClockFreq
                0x0800232c      0x2f4 ./Drivers/STM32H7xx_HAL_Driver/stm32h7xx_hal_rcc.o
                0x0800232c                HAL_RCC_GetSysClockFreq
 .text.HAL_RCC_GetHCLKFreq
                0x08002620       0x60 ./Drivers/STM32H7xx_HAL_Driver/stm32h7xx_hal_rcc.o
                0x08002620                HAL_RCC_GetHCLKFreq
 .text.HAL_RCC_GetPCLK1Freq
                0x08002680       0x2c ./Drivers/STM32H7xx_HAL_Driver/stm32h7xx_hal_rcc.o
                0x08002680                HAL_RCC_GetPCLK1Freq
 .text.HAL_RCC_GetClockConfig
                0x080026ac       0x84 ./Drivers/STM32H7xx_HAL_Driver/stm32h7xx_hal_rcc.o
                0x080026ac                HAL_RCC_GetClockConfig
 .text.HAL_RCCEx_PeriphCLKConfig
                0x08002730     0x1414 ./Drivers/STM32H7xx_HAL_Driver/stm32h7xx_hal_rcc_ex.o
                0x08002730                HAL_RCCEx_PeriphCLKConfig
 .text.RCCEx_PLL2_Config
                0x08003b44      0x164 ./Drivers/STM32H7xx_HAL_Driver/stm32h7xx_hal_rcc_ex.o
 .text.RCCEx_PLL3_Config
                0x08003ca8      0x164 ./Drivers/STM32H7xx_HAL_Driver/stm32h7xx_hal_rcc_ex.o
 .text.HAL_TIM_Base_Init
                0x08003e0c       0xae ./Drivers/STM32H7xx_HAL_Driver/stm32h7xx_hal_tim.o
                0x08003e0c                HAL_TIM_Base_Init
 .text.HAL_TIM_Base_MspInit
                0x08003eba       0x14 ./Drivers/STM32H7xx_HAL_Driver/stm32h7xx_hal_tim.o
                0x08003eba                HAL_TIM_Base_MspInit
 *fill*         0x08003ece        0x2 
 .text.HAL_TIM_Base_Start_IT
                0x08003ed0       0xf0 ./Drivers/STM32H7xx_HAL_Driver/stm32h7xx_hal_tim.o
                0x08003ed0                HAL_TIM_Base_Start_IT
 .text.HAL_TIM_IRQHandler
                0x08003fc0      0x20e ./Drivers/STM32H7xx_HAL_Driver/stm32h7xx_hal_tim.o
                0x08003fc0                HAL_TIM_IRQHandler
 .text.HAL_TIM_OC_DelayElapsedCallback
                0x080041ce       0x14 ./Drivers/STM32H7xx_HAL_Driver/stm32h7xx_hal_tim.o
                0x080041ce                HAL_TIM_OC_DelayElapsedCallback
 .text.HAL_TIM_IC_CaptureCallback
                0x080041e2       0x14 ./Drivers/STM32H7xx_HAL_Driver/stm32h7xx_hal_tim.o
                0x080041e2                HAL_TIM_IC_CaptureCallback
 .text.HAL_TIM_PWM_PulseFinishedCallback
                0x080041f6       0x14 ./Drivers/STM32H7xx_HAL_Driver/stm32h7xx_hal_tim.o
                0x080041f6                HAL_TIM_PWM_PulseFinishedCallback
 .text.HAL_TIM_TriggerCallback
                0x0800420a       0x14 ./Drivers/STM32H7xx_HAL_Driver/stm32h7xx_hal_tim.o
                0x0800420a                HAL_TIM_TriggerCallback
 *fill*         0x0800421e        0x2 
 .text.TIM_Base_SetConfig
                0x08004220      0x140 ./Drivers/STM32H7xx_HAL_Driver/stm32h7xx_hal_tim.o
                0x08004220                TIM_Base_SetConfig
 .text.HAL_TIMEx_CommutCallback
                0x08004360       0x14 ./Drivers/STM32H7xx_HAL_Driver/stm32h7xx_hal_tim_ex.o
                0x08004360                HAL_TIMEx_CommutCallback
 .text.HAL_TIMEx_BreakCallback
                0x08004374       0x14 ./Drivers/STM32H7xx_HAL_Driver/stm32h7xx_hal_tim_ex.o
                0x08004374                HAL_TIMEx_BreakCallback
 .text.HAL_TIMEx_Break2Callback
                0x08004388       0x14 ./Drivers/STM32H7xx_HAL_Driver/stm32h7xx_hal_tim_ex.o
                0x08004388                HAL_TIMEx_Break2Callback
 .text.__NVIC_SetPriority
                0x0800439c       0x54 ./Middlewares/Third_Party/FreeRTOS/cmsis_os2.o
 .text.SysTick_Handler
                0x080043f0       0x20 ./Middlewares/Third_Party/FreeRTOS/cmsis_os2.o
                0x080043f0                SysTick_Handler
 .text.SVC_Setup
                0x08004410       0x12 ./Middlewares/Third_Party/FreeRTOS/cmsis_os2.o
 *fill*         0x08004422        0x2 
 .text.osKernelInitialize
                0x08004424       0x48 ./Middlewares/Third_Party/FreeRTOS/cmsis_os2.o
                0x08004424                osKernelInitialize
 .text.osKernelStart
                0x0800446c       0x4c ./Middlewares/Third_Party/FreeRTOS/cmsis_os2.o
                0x0800446c                osKernelStart
 .text.osThreadNew
                0x080044b8      0x124 ./Middlewares/Third_Party/FreeRTOS/cmsis_os2.o
                0x080044b8                osThreadNew
 .text.osDelay  0x080045dc       0x36 ./Middlewares/Third_Party/FreeRTOS/cmsis_os2.o
                0x080045dc                osDelay
 *fill*         0x08004612        0x2 
 .text.vApplicationGetIdleTaskMemory
                0x08004614       0x34 ./Middlewares/Third_Party/FreeRTOS/cmsis_os2.o
                0x08004614                vApplicationGetIdleTaskMemory
 .text.vApplicationGetTimerTaskMemory
                0x08004648       0x34 ./Middlewares/Third_Party/FreeRTOS/cmsis_os2.o
                0x08004648                vApplicationGetTimerTaskMemory
 .text.pvPortMalloc
                0x0800467c      0x19c ./Middlewares/Third_Party/FreeRTOS/heap_4.o
                0x0800467c                pvPortMalloc
 .text.vPortFree
                0x08004818       0xc8 ./Middlewares/Third_Party/FreeRTOS/heap_4.o
                0x08004818                vPortFree
 .text.prvHeapInit
                0x080048e0       0xc4 ./Middlewares/Third_Party/FreeRTOS/heap_4.o
 .text.prvInsertBlockIntoFreeList
                0x080049a4       0xb4 ./Middlewares/Third_Party/FreeRTOS/heap_4.o
 .text.vListInitialise
                0x08004a58       0x40 ./Middlewares/Third_Party/FreeRTOS/list.o
                0x08004a58                vListInitialise
 .text.vListInitialiseItem
                0x08004a98       0x1a ./Middlewares/Third_Party/FreeRTOS/list.o
                0x08004a98                vListInitialiseItem
 .text.vListInsertEnd
                0x08004ab2       0x48 ./Middlewares/Third_Party/FreeRTOS/list.o
                0x08004ab2                vListInsertEnd
 .text.vListInsert
                0x08004afa       0x72 ./Middlewares/Third_Party/FreeRTOS/list.o
                0x08004afa                vListInsert
 .text.uxListRemove
                0x08004b6c       0x54 ./Middlewares/Third_Party/FreeRTOS/list.o
                0x08004b6c                uxListRemove
 .text.pxPortInitialiseStack
                0x08004bc0       0x68 ./Middlewares/Third_Party/FreeRTOS/port.o
                0x08004bc0                pxPortInitialiseStack
 .text.prvTaskExitError
                0x08004c28       0x5c ./Middlewares/Third_Party/FreeRTOS/port.o
 *fill*         0x08004c84        0xc 
 .text.SVC_Handler
                0x08004c90       0x28 ./Middlewares/Third_Party/FreeRTOS/port.o
                0x08004c90                SVC_Handler
 .text.prvPortStartFirstTask
                0x08004cb8       0x28 ./Middlewares/Third_Party/FreeRTOS/port.o
 .text.xPortStartScheduler
                0x08004ce0      0x148 ./Middlewares/Third_Party/FreeRTOS/port.o
                0x08004ce0                xPortStartScheduler
 .text.vPortEnterCritical
                0x08004e28       0x64 ./Middlewares/Third_Party/FreeRTOS/port.o
                0x08004e28                vPortEnterCritical
 .text.vPortExitCritical
                0x08004e8c       0x54 ./Middlewares/Third_Party/FreeRTOS/port.o
                0x08004e8c                vPortExitCritical
 .text.PendSV_Handler
                0x08004ee0       0x68 ./Middlewares/Third_Party/FreeRTOS/port.o
                0x08004ee0                PendSV_Handler
 .text.xPortSysTickHandler
                0x08004f48       0x44 ./Middlewares/Third_Party/FreeRTOS/port.o
                0x08004f48                xPortSysTickHandler
 .text.vPortSetupTimerInterrupt
                0x08004f8c       0x48 ./Middlewares/Third_Party/FreeRTOS/port.o
                0x08004f8c                vPortSetupTimerInterrupt
 .text.vPortEnableVFP
                0x08004fd4       0x14 ./Middlewares/Third_Party/FreeRTOS/port.o
 .text.vPortValidateInterruptPriority
                0x08004fe8       0x84 ./Middlewares/Third_Party/FreeRTOS/port.o
                0x08004fe8                vPortValidateInterruptPriority
 .text.xQueueGenericReset
                0x0800506c       0xd4 ./Middlewares/Third_Party/FreeRTOS/queue.o
                0x0800506c                xQueueGenericReset
 .text.xQueueGenericCreateStatic
                0x08005140       0xfa ./Middlewares/Third_Party/FreeRTOS/queue.o
                0x08005140                xQueueGenericCreateStatic
 .text.prvInitialiseNewQueue
                0x0800523a       0x46 ./Middlewares/Third_Party/FreeRTOS/queue.o
 .text.xQueueGenericSend
                0x08005280      0x204 ./Middlewares/Third_Party/FreeRTOS/queue.o
                0x08005280                xQueueGenericSend
 .text.xQueueGenericSendFromISR
                0x08005484      0x13c ./Middlewares/Third_Party/FreeRTOS/queue.o
                0x08005484                xQueueGenericSendFromISR
 .text.xQueueReceive
                0x080055c0      0x1c4 ./Middlewares/Third_Party/FreeRTOS/queue.o
                0x080055c0                xQueueReceive
 .text.prvCopyDataToQueue
                0x08005784       0xd4 ./Middlewares/Third_Party/FreeRTOS/queue.o
 .text.prvCopyDataFromQueue
                0x08005858       0x4c ./Middlewares/Third_Party/FreeRTOS/queue.o
 .text.prvUnlockQueue
                0x080058a4       0xa4 ./Middlewares/Third_Party/FreeRTOS/queue.o
 .text.prvIsQueueEmpty
                0x08005948       0x2c ./Middlewares/Third_Party/FreeRTOS/queue.o
 .text.prvIsQueueFull
                0x08005974       0x30 ./Middlewares/Third_Party/FreeRTOS/queue.o
 .text.vQueueAddToRegistry
                0x080059a4       0x54 ./Middlewares/Third_Party/FreeRTOS/queue.o
                0x080059a4                vQueueAddToRegistry
 .text.vQueueWaitForMessageRestricted
                0x080059f8       0x68 ./Middlewares/Third_Party/FreeRTOS/queue.o
                0x080059f8                vQueueWaitForMessageRestricted
 .text.xTaskCreateStatic
                0x08005a60       0xc0 ./Middlewares/Third_Party/FreeRTOS/tasks.o
                0x08005a60                xTaskCreateStatic
 .text.xTaskCreate
                0x08005b20       0x8a ./Middlewares/Third_Party/FreeRTOS/tasks.o
                0x08005b20                xTaskCreate
 *fill*         0x08005baa        0x2 
 .text.prvInitialiseNewTask
                0x08005bac      0x150 ./Middlewares/Third_Party/FreeRTOS/tasks.o
 .text.prvAddNewTaskToReadyList
                0x08005cfc       0xe0 ./Middlewares/Third_Party/FreeRTOS/tasks.o
 .text.vTaskDelay
                0x08005ddc       0x6c ./Middlewares/Third_Party/FreeRTOS/tasks.o
                0x08005ddc                vTaskDelay
 .text.vTaskStartScheduler
                0x08005e48       0xe0 ./Middlewares/Third_Party/FreeRTOS/tasks.o
                0x08005e48                vTaskStartScheduler
 .text.vTaskSuspendAll
                0x08005f28       0x1c ./Middlewares/Third_Party/FreeRTOS/tasks.o
                0x08005f28                vTaskSuspendAll
 .text.xTaskResumeAll
                0x08005f44      0x13c ./Middlewares/Third_Party/FreeRTOS/tasks.o
                0x08005f44                xTaskResumeAll
 .text.xTaskGetTickCount
                0x08006080       0x20 ./Middlewares/Third_Party/FreeRTOS/tasks.o
                0x08006080                xTaskGetTickCount
 .text.xTaskIncrementTick
                0x080060a0      0x174 ./Middlewares/Third_Party/FreeRTOS/tasks.o
                0x080060a0                xTaskIncrementTick
 .text.vTaskSwitchContext
                0x08006214       0xcc ./Middlewares/Third_Party/FreeRTOS/tasks.o
                0x08006214                vTaskSwitchContext
 .text.vTaskPlaceOnEventList
                0x080062e0       0x4c ./Middlewares/Third_Party/FreeRTOS/tasks.o
                0x080062e0                vTaskPlaceOnEventList
 .text.vTaskPlaceOnEventListRestricted
                0x0800632c       0x58 ./Middlewares/Third_Party/FreeRTOS/tasks.o
                0x0800632c                vTaskPlaceOnEventListRestricted
 .text.xTaskRemoveFromEventList
                0x08006384       0xc8 ./Middlewares/Third_Party/FreeRTOS/tasks.o
                0x08006384                xTaskRemoveFromEventList
 .text.vTaskInternalSetTimeOutState
                0x0800644c       0x2c ./Middlewares/Third_Party/FreeRTOS/tasks.o
                0x0800644c                vTaskInternalSetTimeOutState
 .text.xTaskCheckForTimeOut
                0x08006478       0xc8 ./Middlewares/Third_Party/FreeRTOS/tasks.o
                0x08006478                xTaskCheckForTimeOut
 .text.vTaskMissedYield
                0x08006540       0x18 ./Middlewares/Third_Party/FreeRTOS/tasks.o
                0x08006540                vTaskMissedYield
 .text.prvIdleTask
                0x08006558       0x30 ./Middlewares/Third_Party/FreeRTOS/tasks.o
 .text.prvInitialiseTaskLists
                0x08006588       0x80 ./Middlewares/Third_Party/FreeRTOS/tasks.o
 .text.prvCheckTasksWaitingTermination
                0x08006608       0x5c ./Middlewares/Third_Party/FreeRTOS/tasks.o
 .text.prvDeleteTCB
                0x08006664       0x6a ./Middlewares/Third_Party/FreeRTOS/tasks.o
 *fill*         0x080066ce        0x2 
 .text.prvResetNextTaskUnblockTime
                0x080066d0       0x40 ./Middlewares/Third_Party/FreeRTOS/tasks.o
 .text.xTaskGetSchedulerState
                0x08006710       0x3c ./Middlewares/Third_Party/FreeRTOS/tasks.o
                0x08006710                xTaskGetSchedulerState
 .text.xTaskPriorityDisinherit
                0x0800674c       0xe0 ./Middlewares/Third_Party/FreeRTOS/tasks.o
                0x0800674c                xTaskPriorityDisinherit
 .text.prvAddCurrentTaskToDelayedList
                0x0800682c       0xa8 ./Middlewares/Third_Party/FreeRTOS/tasks.o
 .text.xTimerCreateTimerTask
                0x080068d4       0x94 ./Middlewares/Third_Party/FreeRTOS/timers.o
                0x080068d4                xTimerCreateTimerTask
 .text.xTimerGenericCommand
                0x08006968       0x9c ./Middlewares/Third_Party/FreeRTOS/timers.o
                0x08006968                xTimerGenericCommand
 .text.prvProcessExpiredTimer
                0x08006a04       0x9c ./Middlewares/Third_Party/FreeRTOS/timers.o
 .text.prvTimerTask
                0x08006aa0       0x26 ./Middlewares/Third_Party/FreeRTOS/timers.o
 *fill*         0x08006ac6        0x2 
 .text.prvProcessTimerOrBlockTask
                0x08006ac8       0x9c ./Middlewares/Third_Party/FreeRTOS/timers.o
 .text.prvGetNextExpireTime
                0x08006b64       0x48 ./Middlewares/Third_Party/FreeRTOS/timers.o
 .text.prvSampleTimeNow
                0x08006bac       0x40 ./Middlewares/Third_Party/FreeRTOS/timers.o
 .text.prvInsertTimerInActiveList
                0x08006bec       0x84 ./Middlewares/Third_Party/FreeRTOS/timers.o
 .text.prvProcessReceivedCommands
                0x08006c70      0x1cc ./Middlewares/Third_Party/FreeRTOS/timers.o
 .text.prvSwitchTimerLists
                0x08006e3c       0xcc ./Middlewares/Third_Party/FreeRTOS/timers.o
 .text.prvCheckForValidListAndQueue
                0x08006f08       0x80 ./Middlewares/Third_Party/FreeRTOS/timers.o
 .text.memset   0x08006f88       0x10 C:/ST/STM32CubeIDE_1.19.0/STM32CubeIDE/plugins/com.st.stm32cube.ide.mcu.externaltools.gnu-tools-for-stm32.13.3.rel1.win32_1.0.0.202411081344/tools/bin/../lib/gcc/arm-none-eabi/13.3.1/../../../../arm-none-eabi/lib/thumb/v7e-m+dp/hard\libc_nano.a(libc_a-memset.o)
                0x08006f88                memset
 .text._reclaim_reent
                0x08006f98       0xbc C:/ST/STM32CubeIDE_1.19.0/STM32CubeIDE/plugins/com.st.stm32cube.ide.mcu.externaltools.gnu-tools-for-stm32.13.3.rel1.win32_1.0.0.202411081344/tools/bin/../lib/gcc/arm-none-eabi/13.3.1/../../../../arm-none-eabi/lib/thumb/v7e-m+dp/hard\libc_nano.a(libc_a-reent.o)
                0x08006f98                _reclaim_reent
 .text.__libc_init_array
                0x08007054       0x48 C:/ST/STM32CubeIDE_1.19.0/STM32CubeIDE/plugins/com.st.stm32cube.ide.mcu.externaltools.gnu-tools-for-stm32.13.3.rel1.win32_1.0.0.202411081344/tools/bin/../lib/gcc/arm-none-eabi/13.3.1/../../../../arm-none-eabi/lib/thumb/v7e-m+dp/hard\libc_nano.a(libc_a-init.o)
                0x08007054                __libc_init_array
 .text.__retarget_lock_acquire_recursive
                0x0800709c        0x2 C:/ST/STM32CubeIDE_1.19.0/STM32CubeIDE/plugins/com.st.stm32cube.ide.mcu.externaltools.gnu-tools-for-stm32.13.3.rel1.win32_1.0.0.202411081344/tools/bin/../lib/gcc/arm-none-eabi/13.3.1/../../../../arm-none-eabi/lib/thumb/v7e-m+dp/hard\libc_nano.a(libc_a-lock.o)
                0x0800709c                __retarget_lock_acquire_recursive
 .text.__retarget_lock_release_recursive
                0x0800709e        0x2 C:/ST/STM32CubeIDE_1.19.0/STM32CubeIDE/plugins/com.st.stm32cube.ide.mcu.externaltools.gnu-tools-for-stm32.13.3.rel1.win32_1.0.0.202411081344/tools/bin/../lib/gcc/arm-none-eabi/13.3.1/../../../../arm-none-eabi/lib/thumb/v7e-m+dp/hard\libc_nano.a(libc_a-lock.o)
                0x0800709e                __retarget_lock_release_recursive
 .text.memcpy   0x080070a0       0x1c C:/ST/STM32CubeIDE_1.19.0/STM32CubeIDE/plugins/com.st.stm32cube.ide.mcu.externaltools.gnu-tools-for-stm32.13.3.rel1.win32_1.0.0.202411081344/tools/bin/../lib/gcc/arm-none-eabi/13.3.1/../../../../arm-none-eabi/lib/thumb/v7e-m+dp/hard\libc_nano.a(libc_a-memcpy-stub.o)
                0x080070a0                memcpy
 .text._free_r  0x080070bc       0x94 C:/ST/STM32CubeIDE_1.19.0/STM32CubeIDE/plugins/com.st.stm32cube.ide.mcu.externaltools.gnu-tools-for-stm32.13.3.rel1.win32_1.0.0.202411081344/tools/bin/../lib/gcc/arm-none-eabi/13.3.1/../../../../arm-none-eabi/lib/thumb/v7e-m+dp/hard\libc_nano.a(libc_a-freer.o)
                0x080070bc                _free_r
 .text.__malloc_lock
                0x08007150        0xc C:/ST/STM32CubeIDE_1.19.0/STM32CubeIDE/plugins/com.st.stm32cube.ide.mcu.externaltools.gnu-tools-for-stm32.13.3.rel1.win32_1.0.0.202411081344/tools/bin/../lib/gcc/arm-none-eabi/13.3.1/../../../../arm-none-eabi/lib/thumb/v7e-m+dp/hard\libc_nano.a(libc_a-mlock.o)
                0x08007150                __malloc_lock
 .text.__malloc_unlock
                0x0800715c        0xc C:/ST/STM32CubeIDE_1.19.0/STM32CubeIDE/plugins/com.st.stm32cube.ide.mcu.externaltools.gnu-tools-for-stm32.13.3.rel1.win32_1.0.0.202411081344/tools/bin/../lib/gcc/arm-none-eabi/13.3.1/../../../../arm-none-eabi/lib/thumb/v7e-m+dp/hard\libc_nano.a(libc_a-mlock.o)
                0x0800715c                __malloc_unlock
 *(.glue_7)
 .glue_7        0x08007168        0x0 linker stubs
 *(.glue_7t)
 .glue_7t       0x08007168        0x0 linker stubs
 *(.eh_frame)
 .eh_frame      0x08007168        0x0 C:/ST/STM32CubeIDE_1.19.0/STM32CubeIDE/plugins/com.st.stm32cube.ide.mcu.externaltools.gnu-tools-for-stm32.13.3.rel1.win32_1.0.0.202411081344/tools/bin/../lib/gcc/arm-none-eabi/13.3.1/thumb/v7e-m+dp/hard/crtbegin.o
 *(.init)
 .init          0x08007168        0x4 C:/ST/STM32CubeIDE_1.19.0/STM32CubeIDE/plugins/com.st.stm32cube.ide.mcu.externaltools.gnu-tools-for-stm32.13.3.rel1.win32_1.0.0.202411081344/tools/bin/../lib/gcc/arm-none-eabi/13.3.1/thumb/v7e-m+dp/hard/crti.o
                0x08007168                _init
 .init          0x0800716c        0x8 C:/ST/STM32CubeIDE_1.19.0/STM32CubeIDE/plugins/com.st.stm32cube.ide.mcu.externaltools.gnu-tools-for-stm32.13.3.rel1.win32_1.0.0.202411081344/tools/bin/../lib/gcc/arm-none-eabi/13.3.1/thumb/v7e-m+dp/hard/crtn.o
 *(.fini)
 .fini          0x08007174        0x4 C:/ST/STM32CubeIDE_1.19.0/STM32CubeIDE/plugins/com.st.stm32cube.ide.mcu.externaltools.gnu-tools-for-stm32.13.3.rel1.win32_1.0.0.202411081344/tools/bin/../lib/gcc/arm-none-eabi/13.3.1/thumb/v7e-m+dp/hard/crti.o
                0x08007174                _fini
 .fini          0x08007178        0x8 C:/ST/STM32CubeIDE_1.19.0/STM32CubeIDE/plugins/com.st.stm32cube.ide.mcu.externaltools.gnu-tools-for-stm32.13.3.rel1.win32_1.0.0.202411081344/tools/bin/../lib/gcc/arm-none-eabi/13.3.1/thumb/v7e-m+dp/hard/crtn.o
                0x08007180                        . = ALIGN (0x4)
                0x08007180                        _etext = .

.vfp11_veneer   0x08007180        0x0
 .vfp11_veneer  0x08007180        0x0 linker stubs

.v4_bx          0x08007180        0x0
 .v4_bx         0x08007180        0x0 linker stubs

.iplt           0x08007180        0x0
 .iplt          0x08007180        0x0 C:/ST/STM32CubeIDE_1.19.0/STM32CubeIDE/plugins/com.st.stm32cube.ide.mcu.externaltools.gnu-tools-for-stm32.13.3.rel1.win32_1.0.0.202411081344/tools/bin/../lib/gcc/arm-none-eabi/13.3.1/thumb/v7e-m+dp/hard/crtbegin.o

.rodata         0x08007180       0xd4
                0x08007180                        . = ALIGN (0x4)
 *(.rodata)
 .rodata        0x08007180       0x15 ./Core/Src/freertos.o
 *fill*         0x08007195        0x3 
 .rodata        0x08007198       0x4c ./Drivers/STM32H7xx_HAL_Driver/stm32h7xx_hal_fdcan.o
 .rodata        0x080071e4        0x5 ./Middlewares/Third_Party/FreeRTOS/tasks.o
 *fill*         0x080071e9        0x3 
 .rodata        0x080071ec        0xd ./Middlewares/Third_Party/FreeRTOS/timers.o
 *(.rodata*)
 *fill*         0x080071f9        0x3 
 .rodata.D1CorePrescTable
                0x080071fc       0x10 ./Common/Src/system_stm32h7xx_dualcore_boot_cm4_cm7.o
                0x080071fc                D1CorePrescTable
 .rodata.exTask01_attributes
                0x0800720c       0x24 ./Core/Src/freertos.o
                0x0800720c                exTask01_attributes
 .rodata.exTask02_attributes
                0x08007230       0x24 ./Core/Src/freertos.o
                0x08007230                exTask02_attributes
                0x08007254                        . = ALIGN (0x4)

.ARM.extab      0x08007254        0x0
                0x08007254                        . = ALIGN (0x4)
 *(.ARM.extab* .gnu.linkonce.armextab.*)
                0x08007254                        . = ALIGN (0x4)

.ARM            0x08007254        0x0
                0x08007254                        . = ALIGN (0x4)
                0x08007254                        __exidx_start = .
 *(.ARM.exidx*)
                0x08007254                        __exidx_end = .
                0x08007254                        . = ALIGN (0x4)

.preinit_array  0x08007254        0x0
                0x08007254                        . = ALIGN (0x4)
                0x08007254                        PROVIDE (__preinit_array_start = .)
 *(.preinit_array*)
                0x08007254                        PROVIDE (__preinit_array_end = .)
                0x08007254                        . = ALIGN (0x4)

.init_array     0x08007254        0x4
                0x08007254                        . = ALIGN (0x4)
                0x08007254                        PROVIDE (__init_array_start = .)
 *(SORT_BY_NAME(.init_array.*))
 *(.init_array*)
 .init_array    0x08007254        0x4 C:/ST/STM32CubeIDE_1.19.0/STM32CubeIDE/plugins/com.st.stm32cube.ide.mcu.externaltools.gnu-tools-for-stm32.13.3.rel1.win32_1.0.0.202411081344/tools/bin/../lib/gcc/arm-none-eabi/13.3.1/thumb/v7e-m+dp/hard/crtbegin.o
                0x08007258                        PROVIDE (__init_array_end = .)
                0x08007258                        . = ALIGN (0x4)

.fini_array     0x08007258        0x4
                0x08007258                        . = ALIGN (0x4)
                [!provide]                        PROVIDE (__fini_array_start = .)
 *(SORT_BY_NAME(.fini_array.*))
 *(.fini_array*)
 .fini_array    0x08007258        0x4 C:/ST/STM32CubeIDE_1.19.0/STM32CubeIDE/plugins/com.st.stm32cube.ide.mcu.externaltools.gnu-tools-for-stm32.13.3.rel1.win32_1.0.0.202411081344/tools/bin/../lib/gcc/arm-none-eabi/13.3.1/thumb/v7e-m+dp/hard/crtbegin.o
                [!provide]                        PROVIDE (__fini_array_end = .)
                0x0800725c                        . = ALIGN (0x4)
                0x0800725c                        _sidata = LOADADDR (.data)

.rel.dyn        0x0800725c        0x0
 .rel.iplt      0x0800725c        0x0 C:/ST/STM32CubeIDE_1.19.0/STM32CubeIDE/plugins/com.st.stm32cube.ide.mcu.externaltools.gnu-tools-for-stm32.13.3.rel1.win32_1.0.0.202411081344/tools/bin/../lib/gcc/arm-none-eabi/13.3.1/thumb/v7e-m+dp/hard/crtbegin.o

.data           0x24000000       0x64 load address 0x0800725c
                0x24000000                        . = ALIGN (0x4)
                0x24000000                        _sdata = .
 *(.data)
 *(.data*)
 .data.SystemCoreClock
                0x24000000        0x4 ./Common/Src/system_stm32h7xx_dualcore_boot_cm4_cm7.o
                0x24000000                SystemCoreClock
 .data.SystemD2Clock
                0x24000004        0x4 ./Common/Src/system_stm32h7xx_dualcore_boot_cm4_cm7.o
                0x24000004                SystemD2Clock
 .data.uwTickPrio
                0x24000008        0x4 ./Drivers/STM32H7xx_HAL_Driver/stm32h7xx_hal.o
                0x24000008                uwTickPrio
 .data.uwTickFreq
                0x2400000c        0x1 ./Drivers/STM32H7xx_HAL_Driver/stm32h7xx_hal.o
                0x2400000c                uwTickFreq
 *fill*         0x2400000d        0x3 
 .data.uxCriticalNesting
                0x24000010        0x4 ./Middlewares/Third_Party/FreeRTOS/port.o
 .data._impure_ptr
                0x24000014        0x4 C:/ST/STM32CubeIDE_1.19.0/STM32CubeIDE/plugins/com.st.stm32cube.ide.mcu.externaltools.gnu-tools-for-stm32.13.3.rel1.win32_1.0.0.202411081344/tools/bin/../lib/gcc/arm-none-eabi/13.3.1/../../../../arm-none-eabi/lib/thumb/v7e-m+dp/hard\libc_nano.a(libc_a-impure.o)
                0x24000014                _impure_ptr
 .data._impure_data
                0x24000018       0x4c C:/ST/STM32CubeIDE_1.19.0/STM32CubeIDE/plugins/com.st.stm32cube.ide.mcu.externaltools.gnu-tools-for-stm32.13.3.rel1.win32_1.0.0.202411081344/tools/bin/../lib/gcc/arm-none-eabi/13.3.1/../../../../arm-none-eabi/lib/thumb/v7e-m+dp/hard\libc_nano.a(libc_a-impure.o)
                0x24000018                _impure_data
 *(.RamFunc)
 *(.RamFunc*)
                0x24000064                        . = ALIGN (0x4)
                0x24000064                        _edata = .

.igot.plt       0x24000064        0x0 load address 0x080072c0
 .igot.plt      0x24000064        0x0 C:/ST/STM32CubeIDE_1.19.0/STM32CubeIDE/plugins/com.st.stm32cube.ide.mcu.externaltools.gnu-tools-for-stm32.13.3.rel1.win32_1.0.0.202411081344/tools/bin/../lib/gcc/arm-none-eabi/13.3.1/thumb/v7e-m+dp/hard/crtbegin.o
                0x24000064                        . = ALIGN (0x4)

.bss            0x24000064     0x4c3c load address 0x080072c0
                0x24000064                        _sbss = .
                0x24000064                        __bss_start__ = _sbss
 *(.bss)
 .bss           0x24000064       0x1c C:/ST/STM32CubeIDE_1.19.0/STM32CubeIDE/plugins/com.st.stm32cube.ide.mcu.externaltools.gnu-tools-for-stm32.13.3.rel1.win32_1.0.0.202411081344/tools/bin/../lib/gcc/arm-none-eabi/13.3.1/thumb/v7e-m+dp/hard/crtbegin.o
 *(.bss*)
 .bss.hfdcan1   0x24000080       0xa0 ./Core/Src/fdcan.o
                0x24000080                hfdcan1
 .bss.exTask01Handle
                0x24000120        0x4 ./Core/Src/freertos.o
                0x24000120                exTask01Handle
 .bss.exTask02Handle
                0x24000124        0x4 ./Core/Src/freertos.o
                0x24000124                exTask02Handle
 .bss.htim6     0x24000128       0x4c ./Core/Src/stm32h7xx_hal_timebase_tim.o
                0x24000128                htim6
 .bss.uwTick    0x24000174        0x4 ./Drivers/STM32H7xx_HAL_Driver/stm32h7xx_hal.o
                0x24000174                uwTick
 .bss.KernelState
                0x24000178        0x4 ./Middlewares/Third_Party/FreeRTOS/cmsis_os2.o
 .bss.Idle_TCB.3
                0x2400017c       0xa8 ./Middlewares/Third_Party/FreeRTOS/cmsis_os2.o
 .bss.Idle_Stack.2
                0x24000224      0x200 ./Middlewares/Third_Party/FreeRTOS/cmsis_os2.o
 .bss.Timer_TCB.1
                0x24000424       0xa8 ./Middlewares/Third_Party/FreeRTOS/cmsis_os2.o
 .bss.Timer_Stack.0
                0x240004cc      0x400 ./Middlewares/Third_Party/FreeRTOS/cmsis_os2.o
 .bss.ucHeap    0x240008cc     0x3c00 ./Middlewares/Third_Party/FreeRTOS/heap_4.o
 .bss.xStart    0x240044cc        0x8 ./Middlewares/Third_Party/FreeRTOS/heap_4.o
 .bss.pxEnd     0x240044d4        0x4 ./Middlewares/Third_Party/FreeRTOS/heap_4.o
 .bss.xFreeBytesRemaining
                0x240044d8        0x4 ./Middlewares/Third_Party/FreeRTOS/heap_4.o
 .bss.xMinimumEverFreeBytesRemaining
                0x240044dc        0x4 ./Middlewares/Third_Party/FreeRTOS/heap_4.o
 .bss.xNumberOfSuccessfulAllocations
                0x240044e0        0x4 ./Middlewares/Third_Party/FreeRTOS/heap_4.o
 .bss.xNumberOfSuccessfulFrees
                0x240044e4        0x4 ./Middlewares/Third_Party/FreeRTOS/heap_4.o
 .bss.xBlockAllocatedBit
                0x240044e8        0x4 ./Middlewares/Third_Party/FreeRTOS/heap_4.o
 .bss.ucMaxSysCallPriority
                0x240044ec        0x1 ./Middlewares/Third_Party/FreeRTOS/port.o
 *fill*         0x240044ed        0x3 
 .bss.ulMaxPRIGROUPValue
                0x240044f0        0x4 ./Middlewares/Third_Party/FreeRTOS/port.o
 .bss.xQueueRegistry
                0x240044f4       0x40 ./Middlewares/Third_Party/FreeRTOS/queue.o
                0x240044f4                xQueueRegistry
 .bss.pxCurrentTCB
                0x24004534        0x4 ./Middlewares/Third_Party/FreeRTOS/tasks.o
                0x24004534                pxCurrentTCB
 .bss.pxReadyTasksLists
                0x24004538      0x460 ./Middlewares/Third_Party/FreeRTOS/tasks.o
 .bss.xDelayedTaskList1
                0x24004998       0x14 ./Middlewares/Third_Party/FreeRTOS/tasks.o
 .bss.xDelayedTaskList2
                0x240049ac       0x14 ./Middlewares/Third_Party/FreeRTOS/tasks.o
 .bss.pxDelayedTaskList
                0x240049c0        0x4 ./Middlewares/Third_Party/FreeRTOS/tasks.o
 .bss.pxOverflowDelayedTaskList
                0x240049c4        0x4 ./Middlewares/Third_Party/FreeRTOS/tasks.o
 .bss.xPendingReadyList
                0x240049c8       0x14 ./Middlewares/Third_Party/FreeRTOS/tasks.o
 .bss.xTasksWaitingTermination
                0x240049dc       0x14 ./Middlewares/Third_Party/FreeRTOS/tasks.o
 .bss.uxDeletedTasksWaitingCleanUp
                0x240049f0        0x4 ./Middlewares/Third_Party/FreeRTOS/tasks.o
 .bss.xSuspendedTaskList
                0x240049f4       0x14 ./Middlewares/Third_Party/FreeRTOS/tasks.o
 .bss.uxCurrentNumberOfTasks
                0x24004a08        0x4 ./Middlewares/Third_Party/FreeRTOS/tasks.o
 .bss.xTickCount
                0x24004a0c        0x4 ./Middlewares/Third_Party/FreeRTOS/tasks.o
 .bss.uxTopReadyPriority
                0x24004a10        0x4 ./Middlewares/Third_Party/FreeRTOS/tasks.o
 .bss.xSchedulerRunning
                0x24004a14        0x4 ./Middlewares/Third_Party/FreeRTOS/tasks.o
 .bss.xPendedTicks
                0x24004a18        0x4 ./Middlewares/Third_Party/FreeRTOS/tasks.o
 .bss.xYieldPending
                0x24004a1c        0x4 ./Middlewares/Third_Party/FreeRTOS/tasks.o
 .bss.xNumOfOverflows
                0x24004a20        0x4 ./Middlewares/Third_Party/FreeRTOS/tasks.o
 .bss.uxTaskNumber
                0x24004a24        0x4 ./Middlewares/Third_Party/FreeRTOS/tasks.o
 .bss.xNextTaskUnblockTime
                0x24004a28        0x4 ./Middlewares/Third_Party/FreeRTOS/tasks.o
 .bss.xIdleTaskHandle
                0x24004a2c        0x4 ./Middlewares/Third_Party/FreeRTOS/tasks.o
 .bss.uxSchedulerSuspended
                0x24004a30        0x4 ./Middlewares/Third_Party/FreeRTOS/tasks.o
 .bss.xActiveTimerList1
                0x24004a34       0x14 ./Middlewares/Third_Party/FreeRTOS/timers.o
 .bss.xActiveTimerList2
                0x24004a48       0x14 ./Middlewares/Third_Party/FreeRTOS/timers.o
 .bss.pxCurrentTimerList
                0x24004a5c        0x4 ./Middlewares/Third_Party/FreeRTOS/timers.o
 .bss.pxOverflowTimerList
                0x24004a60        0x4 ./Middlewares/Third_Party/FreeRTOS/timers.o
 .bss.xTimerQueue
                0x24004a64        0x4 ./Middlewares/Third_Party/FreeRTOS/timers.o
 .bss.xTimerTaskHandle
                0x24004a68        0x4 ./Middlewares/Third_Party/FreeRTOS/timers.o
 .bss.xLastTime.2
                0x24004a6c        0x4 ./Middlewares/Third_Party/FreeRTOS/timers.o
 .bss.ucStaticTimerQueueStorage.1
                0x24004a70       0xa0 ./Middlewares/Third_Party/FreeRTOS/timers.o
 .bss.xStaticTimerQueue.0
                0x24004b10       0x50 ./Middlewares/Third_Party/FreeRTOS/timers.o
 .bss.__sf      0x24004b60      0x138 C:/ST/STM32CubeIDE_1.19.0/STM32CubeIDE/plugins/com.st.stm32cube.ide.mcu.externaltools.gnu-tools-for-stm32.13.3.rel1.win32_1.0.0.202411081344/tools/bin/../lib/gcc/arm-none-eabi/13.3.1/../../../../arm-none-eabi/lib/thumb/v7e-m+dp/hard\libc_nano.a(libc_a-findfp.o)
                0x24004b60                __sf
 .bss.__lock___malloc_recursive_mutex
                0x24004c98        0x1 C:/ST/STM32CubeIDE_1.19.0/STM32CubeIDE/plugins/com.st.stm32cube.ide.mcu.externaltools.gnu-tools-for-stm32.13.3.rel1.win32_1.0.0.202411081344/tools/bin/../lib/gcc/arm-none-eabi/13.3.1/../../../../arm-none-eabi/lib/thumb/v7e-m+dp/hard\libc_nano.a(libc_a-lock.o)
                0x24004c98                __lock___malloc_recursive_mutex
 *fill*         0x24004c99        0x3 
 .bss.__malloc_free_list
                0x24004c9c        0x4 C:/ST/STM32CubeIDE_1.19.0/STM32CubeIDE/plugins/com.st.stm32cube.ide.mcu.externaltools.gnu-tools-for-stm32.13.3.rel1.win32_1.0.0.202411081344/tools/bin/../lib/gcc/arm-none-eabi/13.3.1/../../../../arm-none-eabi/lib/thumb/v7e-m+dp/hard\libc_nano.a(libc_a-mallocr.o)
                0x24004c9c                __malloc_free_list
 *(COMMON)
                0x24004ca0                        . = ALIGN (0x4)
                0x24004ca0                        _ebss = .
                0x24004ca0                        __bss_end__ = _ebss

._user_heap_stack
                0x24004ca0      0x600 load address 0x080072c0
                0x24004ca0                        . = ALIGN (0x8)
                [!provide]                        PROVIDE (end = .)
                0x24004ca0                        PROVIDE (_end = .)
                0x24004ea0                        . = (. + _Min_Heap_Size)
 *fill*         0x24004ca0      0x200 
                0x240052a0                        . = (. + _Min_Stack_Size)
 *fill*         0x24004ea0      0x400 
                0x240052a0                        . = ALIGN (0x8)

/DISCARD/
 libc.a(*)
 libm.a(*)
 libgcc.a(*)

.ARM.attributes
                0x00000000       0x2e
 *(.ARM.attributes)
 .ARM.attributes
                0x00000000       0x20 C:/ST/STM32CubeIDE_1.19.0/STM32CubeIDE/plugins/com.st.stm32cube.ide.mcu.externaltools.gnu-tools-for-stm32.13.3.rel1.win32_1.0.0.202411081344/tools/bin/../lib/gcc/arm-none-eabi/13.3.1/thumb/v7e-m+dp/hard/crti.o
 .ARM.attributes
                0x00000020       0x32 C:/ST/STM32CubeIDE_1.19.0/STM32CubeIDE/plugins/com.st.stm32cube.ide.mcu.externaltools.gnu-tools-for-stm32.13.3.rel1.win32_1.0.0.202411081344/tools/bin/../lib/gcc/arm-none-eabi/13.3.1/thumb/v7e-m+dp/hard/crtbegin.o
 .ARM.attributes
                0x00000052       0x32 ./Common/Src/system_stm32h7xx_dualcore_boot_cm4_cm7.o
 .ARM.attributes
                0x00000084       0x32 ./Core/Src/fdcan.o
 .ARM.attributes
                0x000000b6       0x32 ./Core/Src/freertos.o
 .ARM.attributes
                0x000000e8       0x32 ./Core/Src/gpio.o
 .ARM.attributes
                0x0000011a       0x32 ./Core/Src/main.o
 .ARM.attributes
                0x0000014c       0x32 ./Core/Src/stm32h7xx_hal_msp.o
 .ARM.attributes
                0x0000017e       0x32 ./Core/Src/stm32h7xx_hal_timebase_tim.o
 .ARM.attributes
                0x000001b0       0x32 ./Core/Src/stm32h7xx_it.o
 .ARM.attributes
                0x000001e2       0x21 ./Core/Startup/startup_stm32h755zitx.o
 .ARM.attributes
                0x00000203       0x32 ./Drivers/STM32H7xx_HAL_Driver/stm32h7xx_hal.o
 .ARM.attributes
                0x00000235       0x32 ./Drivers/STM32H7xx_HAL_Driver/stm32h7xx_hal_cortex.o
 .ARM.attributes
                0x00000267       0x32 ./Drivers/STM32H7xx_HAL_Driver/stm32h7xx_hal_fdcan.o
 .ARM.attributes
                0x00000299       0x32 ./Drivers/STM32H7xx_HAL_Driver/stm32h7xx_hal_gpio.o
 .ARM.attributes
                0x000002cb       0x32 ./Drivers/STM32H7xx_HAL_Driver/stm32h7xx_hal_pwr_ex.o
 .ARM.attributes
                0x000002fd       0x32 ./Drivers/STM32H7xx_HAL_Driver/stm32h7xx_hal_rcc.o
 .ARM.attributes
                0x0000032f       0x32 ./Drivers/STM32H7xx_HAL_Driver/stm32h7xx_hal_rcc_ex.o
 .ARM.attributes
                0x00000361       0x32 ./Drivers/STM32H7xx_HAL_Driver/stm32h7xx_hal_tim.o
 .ARM.attributes
                0x00000393       0x32 ./Drivers/STM32H7xx_HAL_Driver/stm32h7xx_hal_tim_ex.o
 .ARM.attributes
                0x000003c5       0x32 ./Middlewares/Third_Party/FreeRTOS/cmsis_os2.o
 .ARM.attributes
                0x000003f7       0x32 ./Middlewares/Third_Party/FreeRTOS/heap_4.o
 .ARM.attributes
                0x00000429       0x32 ./Middlewares/Third_Party/FreeRTOS/list.o
 .ARM.attributes
                0x0000045b       0x32 ./Middlewares/Third_Party/FreeRTOS/port.o
 .ARM.attributes
                0x0000048d       0x32 ./Middlewares/Third_Party/FreeRTOS/queue.o
 .ARM.attributes
                0x000004bf       0x32 ./Middlewares/Third_Party/FreeRTOS/tasks.o
 .ARM.attributes
                0x000004f1       0x32 ./Middlewares/Third_Party/FreeRTOS/timers.o
 .ARM.attributes
                0x00000523       0x32 C:/ST/STM32CubeIDE_1.19.0/STM32CubeIDE/plugins/com.st.stm32cube.ide.mcu.externaltools.gnu-tools-for-stm32.13.3.rel1.win32_1.0.0.202411081344/tools/bin/../lib/gcc/arm-none-eabi/13.3.1/../../../../arm-none-eabi/lib/thumb/v7e-m+dp/hard\libc_nano.a(libc_a-findfp.o)
 .ARM.attributes
                0x00000555       0x32 C:/ST/STM32CubeIDE_1.19.0/STM32CubeIDE/plugins/com.st.stm32cube.ide.mcu.externaltools.gnu-tools-for-stm32.13.3.rel1.win32_1.0.0.202411081344/tools/bin/../lib/gcc/arm-none-eabi/13.3.1/../../../../arm-none-eabi/lib/thumb/v7e-m+dp/hard\libc_nano.a(libc_a-memset.o)
 .ARM.attributes
                0x00000587       0x32 C:/ST/STM32CubeIDE_1.19.0/STM32CubeIDE/plugins/com.st.stm32cube.ide.mcu.externaltools.gnu-tools-for-stm32.13.3.rel1.win32_1.0.0.202411081344/tools/bin/../lib/gcc/arm-none-eabi/13.3.1/../../../../arm-none-eabi/lib/thumb/v7e-m+dp/hard\libc_nano.a(libc_a-reent.o)
 .ARM.attributes
                0x000005b9       0x32 C:/ST/STM32CubeIDE_1.19.0/STM32CubeIDE/plugins/com.st.stm32cube.ide.mcu.externaltools.gnu-tools-for-stm32.13.3.rel1.win32_1.0.0.202411081344/tools/bin/../lib/gcc/arm-none-eabi/13.3.1/../../../../arm-none-eabi/lib/thumb/v7e-m+dp/hard\libc_nano.a(libc_a-impure.o)
 .ARM.attributes
                0x000005eb       0x32 C:/ST/STM32CubeIDE_1.19.0/STM32CubeIDE/plugins/com.st.stm32cube.ide.mcu.externaltools.gnu-tools-for-stm32.13.3.rel1.win32_1.0.0.202411081344/tools/bin/../lib/gcc/arm-none-eabi/13.3.1/../../../../arm-none-eabi/lib/thumb/v7e-m+dp/hard\libc_nano.a(libc_a-init.o)
 .ARM.attributes
                0x0000061d       0x32 C:/ST/STM32CubeIDE_1.19.0/STM32CubeIDE/plugins/com.st.stm32cube.ide.mcu.externaltools.gnu-tools-for-stm32.13.3.rel1.win32_1.0.0.202411081344/tools/bin/../lib/gcc/arm-none-eabi/13.3.1/../../../../arm-none-eabi/lib/thumb/v7e-m+dp/hard\libc_nano.a(libc_a-lock.o)
 .ARM.attributes
                0x0000064f       0x32 C:/ST/STM32CubeIDE_1.19.0/STM32CubeIDE/plugins/com.st.stm32cube.ide.mcu.externaltools.gnu-tools-for-stm32.13.3.rel1.win32_1.0.0.202411081344/tools/bin/../lib/gcc/arm-none-eabi/13.3.1/../../../../arm-none-eabi/lib/thumb/v7e-m+dp/hard\libc_nano.a(libc_a-memcpy-stub.o)
 .ARM.attributes
                0x00000681       0x32 C:/ST/STM32CubeIDE_1.19.0/STM32CubeIDE/plugins/com.st.stm32cube.ide.mcu.externaltools.gnu-tools-for-stm32.13.3.rel1.win32_1.0.0.202411081344/tools/bin/../lib/gcc/arm-none-eabi/13.3.1/../../../../arm-none-eabi/lib/thumb/v7e-m+dp/hard\libc_nano.a(libc_a-freer.o)
 .ARM.attributes
                0x000006b3       0x32 C:/ST/STM32CubeIDE_1.19.0/STM32CubeIDE/plugins/com.st.stm32cube.ide.mcu.externaltools.gnu-tools-for-stm32.13.3.rel1.win32_1.0.0.202411081344/tools/bin/../lib/gcc/arm-none-eabi/13.3.1/../../../../arm-none-eabi/lib/thumb/v7e-m+dp/hard\libc_nano.a(libc_a-mallocr.o)
 .ARM.attributes
                0x000006e5       0x32 C:/ST/STM32CubeIDE_1.19.0/STM32CubeIDE/plugins/com.st.stm32cube.ide.mcu.externaltools.gnu-tools-for-stm32.13.3.rel1.win32_1.0.0.202411081344/tools/bin/../lib/gcc/arm-none-eabi/13.3.1/../../../../arm-none-eabi/lib/thumb/v7e-m+dp/hard\libc_nano.a(libc_a-mlock.o)
 .ARM.attributes
                0x00000717       0x20 C:/ST/STM32CubeIDE_1.19.0/STM32CubeIDE/plugins/com.st.stm32cube.ide.mcu.externaltools.gnu-tools-for-stm32.13.3.rel1.win32_1.0.0.202411081344/tools/bin/../lib/gcc/arm-none-eabi/13.3.1/thumb/v7e-m+dp/hard/crtn.o
OUTPUT(rtos_filetest_CM7.elf elf32-littlearm)
LOAD linker stubs
LOAD C:/ST/STM32CubeIDE_1.19.0/STM32CubeIDE/plugins/com.st.stm32cube.ide.mcu.externaltools.gnu-tools-for-stm32.13.3.rel1.win32_1.0.0.202411081344/tools/bin/../lib/gcc/arm-none-eabi/13.3.1/../../../../arm-none-eabi/lib/thumb/v7e-m+dp/hard\libc.a
LOAD C:/ST/STM32CubeIDE_1.19.0/STM32CubeIDE/plugins/com.st.stm32cube.ide.mcu.externaltools.gnu-tools-for-stm32.13.3.rel1.win32_1.0.0.202411081344/tools/bin/../lib/gcc/arm-none-eabi/13.3.1/../../../../arm-none-eabi/lib/thumb/v7e-m+dp/hard\libm.a
LOAD C:/ST/STM32CubeIDE_1.19.0/STM32CubeIDE/plugins/com.st.stm32cube.ide.mcu.externaltools.gnu-tools-for-stm32.13.3.rel1.win32_1.0.0.202411081344/tools/bin/../lib/gcc/arm-none-eabi/13.3.1/thumb/v7e-m+dp/hard\libgcc.a

.debug_info     0x00000000    0x1e073
 .debug_info    0x00000000      0xe73 ./Common/Src/system_stm32h7xx_dualcore_boot_cm4_cm7.o
 .debug_info    0x00000e73     0x12d8 ./Core/Src/fdcan.o
 .debug_info    0x0000214b      0x3db ./Core/Src/freertos.o
 .debug_info    0x00002526      0x464 ./Core/Src/gpio.o
 .debug_info    0x0000298a      0xd6f ./Core/Src/main.o
 .debug_info    0x000036f9      0x838 ./Core/Src/stm32h7xx_hal_msp.o
 .debug_info    0x00003f31     0x10cd ./Core/Src/stm32h7xx_hal_timebase_tim.o
 .debug_info    0x00004ffe      0x7e6 ./Core/Src/stm32h7xx_it.o
 .debug_info    0x000057e4       0x30 ./Core/Startup/startup_stm32h755zitx.o
 .debug_info    0x00005814     0x177a ./Drivers/STM32H7xx_HAL_Driver/stm32h7xx_hal.o
 .debug_info    0x00006f8e     0x10d5 ./Drivers/STM32H7xx_HAL_Driver/stm32h7xx_hal_cortex.o
 .debug_info    0x00008063     0x2baf ./Drivers/STM32H7xx_HAL_Driver/stm32h7xx_hal_fdcan.o
 .debug_info    0x0000ac12      0xd06 ./Drivers/STM32H7xx_HAL_Driver/stm32h7xx_hal_gpio.o
 .debug_info    0x0000b918     0x1225 ./Drivers/STM32H7xx_HAL_Driver/stm32h7xx_hal_pwr_ex.o
 .debug_info    0x0000cb3d      0xe67 ./Drivers/STM32H7xx_HAL_Driver/stm32h7xx_hal_rcc.o
 .debug_info    0x0000d9a4     0x1303 ./Drivers/STM32H7xx_HAL_Driver/stm32h7xx_hal_rcc_ex.o
 .debug_info    0x0000eca7     0x2bae ./Drivers/STM32H7xx_HAL_Driver/stm32h7xx_hal_tim.o
 .debug_info    0x00011855     0x17eb ./Drivers/STM32H7xx_HAL_Driver/stm32h7xx_hal_tim_ex.o
 .debug_info    0x00013040     0x4447 ./Middlewares/Third_Party/FreeRTOS/cmsis_os2.o
 .debug_info    0x00017487      0x4d5 ./Middlewares/Third_Party/FreeRTOS/heap_4.o
 .debug_info    0x0001795c      0x2af ./Middlewares/Third_Party/FreeRTOS/list.o
 .debug_info    0x00017c0b      0x4de ./Middlewares/Third_Party/FreeRTOS/port.o
 .debug_info    0x000180e9     0x1b79 ./Middlewares/Third_Party/FreeRTOS/queue.o
 .debug_info    0x00019c62     0x28c1 ./Middlewares/Third_Party/FreeRTOS/tasks.o
 .debug_info    0x0001c523     0x1b50 ./Middlewares/Third_Party/FreeRTOS/timers.o

.debug_abbrev   0x00000000     0x3a3e
 .debug_abbrev  0x00000000      0x165 ./Common/Src/system_stm32h7xx_dualcore_boot_cm4_cm7.o
 .debug_abbrev  0x00000165      0x264 ./Core/Src/fdcan.o
 .debug_abbrev  0x000003c9      0x130 ./Core/Src/freertos.o
 .debug_abbrev  0x000004f9       0xdb ./Core/Src/gpio.o
 .debug_abbrev  0x000005d4      0x26f ./Core/Src/main.o
 .debug_abbrev  0x00000843      0x11c ./Core/Src/stm32h7xx_hal_msp.o
 .debug_abbrev  0x0000095f      0x212 ./Core/Src/stm32h7xx_hal_timebase_tim.o
 .debug_abbrev  0x00000b71      0x17b ./Core/Src/stm32h7xx_it.o
 .debug_abbrev  0x00000cec       0x24 ./Core/Startup/startup_stm32h755zitx.o
 .debug_abbrev  0x00000d10      0x295 ./Drivers/STM32H7xx_HAL_Driver/stm32h7xx_hal.o
 .debug_abbrev  0x00000fa5      0x339 ./Drivers/STM32H7xx_HAL_Driver/stm32h7xx_hal_cortex.o
 .debug_abbrev  0x000012de      0x288 ./Drivers/STM32H7xx_HAL_Driver/stm32h7xx_hal_fdcan.o
 .debug_abbrev  0x00001566      0x205 ./Drivers/STM32H7xx_HAL_Driver/stm32h7xx_hal_gpio.o
 .debug_abbrev  0x0000176b      0x2d7 ./Drivers/STM32H7xx_HAL_Driver/stm32h7xx_hal_pwr_ex.o
 .debug_abbrev  0x00001a42      0x2c8 ./Drivers/STM32H7xx_HAL_Driver/stm32h7xx_hal_rcc.o
 .debug_abbrev  0x00001d0a      0x269 ./Drivers/STM32H7xx_HAL_Driver/stm32h7xx_hal_rcc_ex.o
 .debug_abbrev  0x00001f73      0x276 ./Drivers/STM32H7xx_HAL_Driver/stm32h7xx_hal_tim.o
 .debug_abbrev  0x000021e9      0x281 ./Drivers/STM32H7xx_HAL_Driver/stm32h7xx_hal_tim_ex.o
 .debug_abbrev  0x0000246a      0x54a ./Middlewares/Third_Party/FreeRTOS/cmsis_os2.o
 .debug_abbrev  0x000029b4      0x21d ./Middlewares/Third_Party/FreeRTOS/heap_4.o
 .debug_abbrev  0x00002bd1       0xf5 ./Middlewares/Third_Party/FreeRTOS/list.o
 .debug_abbrev  0x00002cc6      0x25c ./Middlewares/Third_Party/FreeRTOS/port.o
 .debug_abbrev  0x00002f22      0x3b6 ./Middlewares/Third_Party/FreeRTOS/queue.o
 .debug_abbrev  0x000032d8      0x3fe ./Middlewares/Third_Party/FreeRTOS/tasks.o
 .debug_abbrev  0x000036d6      0x368 ./Middlewares/Third_Party/FreeRTOS/timers.o

.debug_aranges  0x00000000     0x18f8
 .debug_aranges
                0x00000000       0x30 ./Common/Src/system_stm32h7xx_dualcore_boot_cm4_cm7.o
 .debug_aranges
                0x00000030       0x40 ./Core/Src/fdcan.o
 .debug_aranges
                0x00000070       0x30 ./Core/Src/freertos.o
 .debug_aranges
                0x000000a0       0x20 ./Core/Src/gpio.o
 .debug_aranges
                0x000000c0       0x38 ./Core/Src/main.o
 .debug_aranges
                0x000000f8       0x20 ./Core/Src/stm32h7xx_hal_msp.o
 .debug_aranges
                0x00000118       0x30 ./Core/Src/stm32h7xx_hal_timebase_tim.o
 .debug_aranges
                0x00000148       0x50 ./Core/Src/stm32h7xx_it.o
 .debug_aranges
                0x00000198       0x28 ./Core/Startup/startup_stm32h755zitx.o
 .debug_aranges
                0x000001c0      0x200 ./Drivers/STM32H7xx_HAL_Driver/stm32h7xx_hal.o
 .debug_aranges
                0x000003c0      0x130 ./Drivers/STM32H7xx_HAL_Driver/stm32h7xx_hal_cortex.o
 .debug_aranges
                0x000004f0      0x338 ./Drivers/STM32H7xx_HAL_Driver/stm32h7xx_hal_fdcan.o
 .debug_aranges
                0x00000828       0x58 ./Drivers/STM32H7xx_HAL_Driver/stm32h7xx_hal_gpio.o
 .debug_aranges
                0x00000880      0x170 ./Drivers/STM32H7xx_HAL_Driver/stm32h7xx_hal_pwr_ex.o
 .debug_aranges
                0x000009f0       0x88 ./Drivers/STM32H7xx_HAL_Driver/stm32h7xx_hal_rcc.o
 .debug_aranges
                0x00000a78      0x100 ./Drivers/STM32H7xx_HAL_Driver/stm32h7xx_hal_rcc_ex.o
 .debug_aranges
                0x00000b78      0x3e0 ./Drivers/STM32H7xx_HAL_Driver/stm32h7xx_hal_tim.o
 .debug_aranges
                0x00000f58      0x188 ./Drivers/STM32H7xx_HAL_Driver/stm32h7xx_hal_tim_ex.o
 .debug_aranges
                0x000010e0      0x2b0 ./Middlewares/Third_Party/FreeRTOS/cmsis_os2.o
 .debug_aranges
                0x00001390       0x58 ./Middlewares/Third_Party/FreeRTOS/heap_4.o
 .debug_aranges
                0x000013e8       0x40 ./Middlewares/Third_Party/FreeRTOS/list.o
 .debug_aranges
                0x00001428       0x80 ./Middlewares/Third_Party/FreeRTOS/port.o
 .debug_aranges
                0x000014a8      0x158 ./Middlewares/Third_Party/FreeRTOS/queue.o
 .debug_aranges
                0x00001600      0x208 ./Middlewares/Third_Party/FreeRTOS/tasks.o
 .debug_aranges
                0x00001808       0xf0 ./Middlewares/Third_Party/FreeRTOS/timers.o

.debug_rnglists
                0x00000000     0x133c
 .debug_rnglists
                0x00000000       0x21 ./Common/Src/system_stm32h7xx_dualcore_boot_cm4_cm7.o
 .debug_rnglists
                0x00000021       0x2d ./Core/Src/fdcan.o
 .debug_rnglists
                0x0000004e       0x1f ./Core/Src/freertos.o
 .debug_rnglists
                0x0000006d       0x13 ./Core/Src/gpio.o
 .debug_rnglists
                0x00000080       0x26 ./Core/Src/main.o
 .debug_rnglists
                0x000000a6       0x13 ./Core/Src/stm32h7xx_hal_msp.o
 .debug_rnglists
                0x000000b9       0x20 ./Core/Src/stm32h7xx_hal_timebase_tim.o
 .debug_rnglists
                0x000000d9       0x37 ./Core/Src/stm32h7xx_it.o
 .debug_rnglists
                0x00000110       0x19 ./Core/Startup/startup_stm32h755zitx.o
 .debug_rnglists
                0x00000129      0x180 ./Drivers/STM32H7xx_HAL_Driver/stm32h7xx_hal.o
 .debug_rnglists
                0x000002a9       0xe0 ./Drivers/STM32H7xx_HAL_Driver/stm32h7xx_hal_cortex.o
 .debug_rnglists
                0x00000389      0x28b ./Drivers/STM32H7xx_HAL_Driver/stm32h7xx_hal_fdcan.o
 .debug_rnglists
                0x00000614       0x3f ./Drivers/STM32H7xx_HAL_Driver/stm32h7xx_hal_gpio.o
 .debug_rnglists
                0x00000653      0x117 ./Drivers/STM32H7xx_HAL_Driver/stm32h7xx_hal_pwr_ex.o
 .debug_rnglists
                0x0000076a       0x68 ./Drivers/STM32H7xx_HAL_Driver/stm32h7xx_hal_rcc.o
 .debug_rnglists
                0x000007d2       0xc6 ./Drivers/STM32H7xx_HAL_Driver/stm32h7xx_hal_rcc_ex.o
 .debug_rnglists
                0x00000898      0x328 ./Drivers/STM32H7xx_HAL_Driver/stm32h7xx_hal_tim.o
 .debug_rnglists
                0x00000bc0      0x13f ./Drivers/STM32H7xx_HAL_Driver/stm32h7xx_hal_tim_ex.o
 .debug_rnglists
                0x00000cff      0x212 ./Middlewares/Third_Party/FreeRTOS/cmsis_os2.o
 .debug_rnglists
                0x00000f11       0x42 ./Middlewares/Third_Party/FreeRTOS/heap_4.o
 .debug_rnglists
                0x00000f53       0x2b ./Middlewares/Third_Party/FreeRTOS/list.o
 .debug_rnglists
                0x00000f7e       0x5d ./Middlewares/Third_Party/FreeRTOS/port.o
 .debug_rnglists
                0x00000fdb      0x109 ./Middlewares/Third_Party/FreeRTOS/queue.o
 .debug_rnglists
                0x000010e4      0x1a0 ./Middlewares/Third_Party/FreeRTOS/tasks.o
 .debug_rnglists
                0x00001284       0xb8 ./Middlewares/Third_Party/FreeRTOS/timers.o

.debug_macro    0x00000000    0x3d4de
 .debug_macro   0x00000000      0x29e ./Common/Src/system_stm32h7xx_dualcore_boot_cm4_cm7.o
 .debug_macro   0x0000029e      0xafc ./Common/Src/system_stm32h7xx_dualcore_boot_cm4_cm7.o
 .debug_macro   0x00000d9a       0x2e ./Common/Src/system_stm32h7xx_dualcore_boot_cm4_cm7.o
 .debug_macro   0x00000dc8       0x49 ./Common/Src/system_stm32h7xx_dualcore_boot_cm4_cm7.o
 .debug_macro   0x00000e11       0x22 ./Common/Src/system_stm32h7xx_dualcore_boot_cm4_cm7.o
 .debug_macro   0x00000e33       0x8e ./Common/Src/system_stm32h7xx_dualcore_boot_cm4_cm7.o
 .debug_macro   0x00000ec1       0x51 ./Common/Src/system_stm32h7xx_dualcore_boot_cm4_cm7.o
 .debug_macro   0x00000f12      0x103 ./Common/Src/system_stm32h7xx_dualcore_boot_cm4_cm7.o
 .debug_macro   0x00001015       0x6a ./Common/Src/system_stm32h7xx_dualcore_boot_cm4_cm7.o
 .debug_macro   0x0000107f      0x1df ./Common/Src/system_stm32h7xx_dualcore_boot_cm4_cm7.o
 .debug_macro   0x0000125e       0x1c ./Common/Src/system_stm32h7xx_dualcore_boot_cm4_cm7.o
 .debug_macro   0x0000127a       0x22 ./Common/Src/system_stm32h7xx_dualcore_boot_cm4_cm7.o
 .debug_macro   0x0000129c       0xfb ./Common/Src/system_stm32h7xx_dualcore_boot_cm4_cm7.o
 .debug_macro   0x00001397     0x1305 ./Common/Src/system_stm32h7xx_dualcore_boot_cm4_cm7.o
 .debug_macro   0x0000269c      0x11f ./Common/Src/system_stm32h7xx_dualcore_boot_cm4_cm7.o
 .debug_macro   0x000027bb       0x27 ./Common/Src/system_stm32h7xx_dualcore_boot_cm4_cm7.o
 .debug_macro   0x000027e2    0x2769e ./Common/Src/system_stm32h7xx_dualcore_boot_cm4_cm7.o
 .debug_macro   0x00029e80       0x6d ./Common/Src/system_stm32h7xx_dualcore_boot_cm4_cm7.o
 .debug_macro   0x00029eed      0x238 ./Common/Src/system_stm32h7xx_dualcore_boot_cm4_cm7.o
 .debug_macro   0x0002a125     0x3d79 ./Common/Src/system_stm32h7xx_dualcore_boot_cm4_cm7.o
 .debug_macro   0x0002de9e      0x190 ./Common/Src/system_stm32h7xx_dualcore_boot_cm4_cm7.o
 .debug_macro   0x0002e02e       0x61 ./Common/Src/system_stm32h7xx_dualcore_boot_cm4_cm7.o
 .debug_macro   0x0002e08f       0x29 ./Common/Src/system_stm32h7xx_dualcore_boot_cm4_cm7.o
 .debug_macro   0x0002e0b8       0x43 ./Common/Src/system_stm32h7xx_dualcore_boot_cm4_cm7.o
 .debug_macro   0x0002e0fb       0x34 ./Common/Src/system_stm32h7xx_dualcore_boot_cm4_cm7.o
 .debug_macro   0x0002e12f      0x370 ./Common/Src/system_stm32h7xx_dualcore_boot_cm4_cm7.o
 .debug_macro   0x0002e49f       0x16 ./Common/Src/system_stm32h7xx_dualcore_boot_cm4_cm7.o
 .debug_macro   0x0002e4b5       0x4a ./Common/Src/system_stm32h7xx_dualcore_boot_cm4_cm7.o
 .debug_macro   0x0002e4ff       0x34 ./Common/Src/system_stm32h7xx_dualcore_boot_cm4_cm7.o
 .debug_macro   0x0002e533       0x10 ./Common/Src/system_stm32h7xx_dualcore_boot_cm4_cm7.o
 .debug_macro   0x0002e543       0x58 ./Common/Src/system_stm32h7xx_dualcore_boot_cm4_cm7.o
 .debug_macro   0x0002e59b       0x8e ./Common/Src/system_stm32h7xx_dualcore_boot_cm4_cm7.o
 .debug_macro   0x0002e629       0x1c ./Common/Src/system_stm32h7xx_dualcore_boot_cm4_cm7.o
 .debug_macro   0x0002e645      0x185 ./Common/Src/system_stm32h7xx_dualcore_boot_cm4_cm7.o
 .debug_macro   0x0002e7ca      0x19b ./Common/Src/system_stm32h7xx_dualcore_boot_cm4_cm7.o
 .debug_macro   0x0002e965       0x5d ./Common/Src/system_stm32h7xx_dualcore_boot_cm4_cm7.o
 .debug_macro   0x0002e9c2     0x3b99 ./Common/Src/system_stm32h7xx_dualcore_boot_cm4_cm7.o
 .debug_macro   0x0003255b     0x1072 ./Common/Src/system_stm32h7xx_dualcore_boot_cm4_cm7.o
 .debug_macro   0x000335cd      0x154 ./Common/Src/system_stm32h7xx_dualcore_boot_cm4_cm7.o
 .debug_macro   0x00033721      0x130 ./Common/Src/system_stm32h7xx_dualcore_boot_cm4_cm7.o
 .debug_macro   0x00033851      0x3c2 ./Common/Src/system_stm32h7xx_dualcore_boot_cm4_cm7.o
 .debug_macro   0x00033c13       0xac ./Common/Src/system_stm32h7xx_dualcore_boot_cm4_cm7.o
 .debug_macro   0x00033cbf      0x72d ./Common/Src/system_stm32h7xx_dualcore_boot_cm4_cm7.o
 .debug_macro   0x000343ec      0x228 ./Common/Src/system_stm32h7xx_dualcore_boot_cm4_cm7.o
 .debug_macro   0x00034614       0x66 ./Common/Src/system_stm32h7xx_dualcore_boot_cm4_cm7.o
 .debug_macro   0x0003467a      0x3bb ./Common/Src/system_stm32h7xx_dualcore_boot_cm4_cm7.o
 .debug_macro   0x00034a35      0x407 ./Common/Src/system_stm32h7xx_dualcore_boot_cm4_cm7.o
 .debug_macro   0x00034e3c      0x27c ./Common/Src/system_stm32h7xx_dualcore_boot_cm4_cm7.o
 .debug_macro   0x000350b8      0xe42 ./Common/Src/system_stm32h7xx_dualcore_boot_cm4_cm7.o
 .debug_macro   0x00035efa      0x3ca ./Common/Src/system_stm32h7xx_dualcore_boot_cm4_cm7.o
 .debug_macro   0x000362c4      0x4a2 ./Common/Src/system_stm32h7xx_dualcore_boot_cm4_cm7.o
 .debug_macro   0x00036766       0x51 ./Common/Src/system_stm32h7xx_dualcore_boot_cm4_cm7.o
 .debug_macro   0x000367b7       0x4a ./Common/Src/system_stm32h7xx_dualcore_boot_cm4_cm7.o
 .debug_macro   0x00036801      0x22c ./Common/Src/system_stm32h7xx_dualcore_boot_cm4_cm7.o
 .debug_macro   0x00036a2d       0x67 ./Common/Src/system_stm32h7xx_dualcore_boot_cm4_cm7.o
 .debug_macro   0x00036a94       0xa5 ./Common/Src/system_stm32h7xx_dualcore_boot_cm4_cm7.o
 .debug_macro   0x00036b39      0x218 ./Common/Src/system_stm32h7xx_dualcore_boot_cm4_cm7.o
 .debug_macro   0x00036d51      0x2ea ./Common/Src/system_stm32h7xx_dualcore_boot_cm4_cm7.o
 .debug_macro   0x0003703b       0x35 ./Common/Src/system_stm32h7xx_dualcore_boot_cm4_cm7.o
 .debug_macro   0x00037070      0xafa ./Common/Src/system_stm32h7xx_dualcore_boot_cm4_cm7.o
 .debug_macro   0x00037b6a      0x29f ./Common/Src/system_stm32h7xx_dualcore_boot_cm4_cm7.o
 .debug_macro   0x00037e09      0x7a4 ./Common/Src/system_stm32h7xx_dualcore_boot_cm4_cm7.o
 .debug_macro   0x000385ad      0x2b2 ./Core/Src/fdcan.o
 .debug_macro   0x0003885f      0x34a ./Core/Src/freertos.o
 .debug_macro   0x00038ba9      0x16f ./Core/Src/freertos.o
 .debug_macro   0x00038d18      0x15a ./Core/Src/freertos.o
 .debug_macro   0x00038e72       0xc9 ./Core/Src/freertos.o
 .debug_macro   0x00038f3b       0x1c ./Core/Src/freertos.o
 .debug_macro   0x00038f57       0x26 ./Core/Src/freertos.o
 .debug_macro   0x00038f7d       0x10 ./Core/Src/freertos.o
 .debug_macro   0x00038f8d      0x4bf ./Core/Src/freertos.o
 .debug_macro   0x0003944c       0xb5 ./Core/Src/freertos.o
 .debug_macro   0x00039501       0xaa ./Core/Src/freertos.o
 .debug_macro   0x000395ab       0x6c ./Core/Src/freertos.o
 .debug_macro   0x00039617       0x74 ./Core/Src/freertos.o
 .debug_macro   0x0003968b       0xdd ./Core/Src/freertos.o
 .debug_macro   0x00039768      0x2b2 ./Core/Src/gpio.o
 .debug_macro   0x00039a1a      0x362 ./Core/Src/main.o
 .debug_macro   0x00039d7c      0x16f ./Core/Src/main.o
 .debug_macro   0x00039eeb       0x16 ./Core/Src/main.o
 .debug_macro   0x00039f01       0x66 ./Core/Src/main.o
 .debug_macro   0x00039f67      0x2a8 ./Core/Src/stm32h7xx_hal_msp.o
 .debug_macro   0x0003a20f      0x29e ./Core/Src/stm32h7xx_hal_timebase_tim.o
 .debug_macro   0x0003a4ad      0x2b2 ./Core/Src/stm32h7xx_it.o
 .debug_macro   0x0003a75f      0x2c8 ./Drivers/STM32H7xx_HAL_Driver/stm32h7xx_hal.o
 .debug_macro   0x0003aa27      0x29e ./Drivers/STM32H7xx_HAL_Driver/stm32h7xx_hal_cortex.o
 .debug_macro   0x0003acc5      0x363 ./Drivers/STM32H7xx_HAL_Driver/stm32h7xx_hal_fdcan.o
 .debug_macro   0x0003b028      0x2b2 ./Drivers/STM32H7xx_HAL_Driver/stm32h7xx_hal_gpio.o
 .debug_macro   0x0003b2da      0x2d7 ./Drivers/STM32H7xx_HAL_Driver/stm32h7xx_hal_pwr_ex.o
 .debug_macro   0x0003b5b1      0x2c2 ./Drivers/STM32H7xx_HAL_Driver/stm32h7xx_hal_rcc.o
 .debug_macro   0x0003b873      0x2bc ./Drivers/STM32H7xx_HAL_Driver/stm32h7xx_hal_rcc_ex.o
 .debug_macro   0x0003bb2f      0x29f ./Drivers/STM32H7xx_HAL_Driver/stm32h7xx_hal_tim.o
 .debug_macro   0x0003bdce      0x29e ./Drivers/STM32H7xx_HAL_Driver/stm32h7xx_hal_tim_ex.o
 .debug_macro   0x0003c06c      0x40f ./Middlewares/Third_Party/FreeRTOS/cmsis_os2.o
 .debug_macro   0x0003c47b       0x10 ./Middlewares/Third_Party/FreeRTOS/cmsis_os2.o
 .debug_macro   0x0003c48b       0x10 ./Middlewares/Third_Party/FreeRTOS/cmsis_os2.o
 .debug_macro   0x0003c49b       0xf5 ./Middlewares/Third_Party/FreeRTOS/cmsis_os2.o
 .debug_macro   0x0003c590       0x91 ./Middlewares/Third_Party/FreeRTOS/cmsis_os2.o
 .debug_macro   0x0003c621       0x8d ./Middlewares/Third_Party/FreeRTOS/cmsis_os2.o
 .debug_macro   0x0003c6ae       0x9a ./Middlewares/Third_Party/FreeRTOS/cmsis_os2.o
 .debug_macro   0x0003c748       0x22 ./Middlewares/Third_Party/FreeRTOS/cmsis_os2.o
 .debug_macro   0x0003c76a      0x1c0 ./Middlewares/Third_Party/FreeRTOS/heap_4.o
 .debug_macro   0x0003c92a      0x199 ./Middlewares/Third_Party/FreeRTOS/list.o
 .debug_macro   0x0003cac3      0x246 ./Middlewares/Third_Party/FreeRTOS/port.o
 .debug_macro   0x0003cd09      0x228 ./Middlewares/Third_Party/FreeRTOS/queue.o
 .debug_macro   0x0003cf31       0x87 ./Middlewares/Third_Party/FreeRTOS/queue.o
 .debug_macro   0x0003cfb8      0x291 ./Middlewares/Third_Party/FreeRTOS/tasks.o
 .debug_macro   0x0003d249       0x10 ./Middlewares/Third_Party/FreeRTOS/tasks.o
 .debug_macro   0x0003d259      0x1ee ./Middlewares/Third_Party/FreeRTOS/timers.o
 .debug_macro   0x0003d447       0x97 ./Middlewares/Third_Party/FreeRTOS/timers.o

.debug_line     0x00000000    0x1cc35
 .debug_line    0x00000000      0xb27 ./Common/Src/system_stm32h7xx_dualcore_boot_cm4_cm7.o
 .debug_line    0x00000b27      0x9db ./Core/Src/fdcan.o
 .debug_line    0x00001502      0xa77 ./Core/Src/freertos.o
 .debug_line    0x00001f79      0x8c8 ./Core/Src/gpio.o
 .debug_line    0x00002841      0xb10 ./Core/Src/main.o
 .debug_line    0x00003351      0x8cc ./Core/Src/stm32h7xx_hal_msp.o
 .debug_line    0x00003c1d      0x942 ./Core/Src/stm32h7xx_hal_timebase_tim.o
 .debug_line    0x0000455f      0x955 ./Core/Src/stm32h7xx_it.o
 .debug_line    0x00004eb4       0x7b ./Core/Startup/startup_stm32h755zitx.o
 .debug_line    0x00004f2f     0x103b ./Drivers/STM32H7xx_HAL_Driver/stm32h7xx_hal.o
 .debug_line    0x00005f6a      0xed2 ./Drivers/STM32H7xx_HAL_Driver/stm32h7xx_hal_cortex.o
 .debug_line    0x00006e3c     0x2967 ./Drivers/STM32H7xx_HAL_Driver/stm32h7xx_hal_fdcan.o
 .debug_line    0x000097a3      0xd65 ./Drivers/STM32H7xx_HAL_Driver/stm32h7xx_hal_gpio.o
 .debug_line    0x0000a508     0x11a5 ./Drivers/STM32H7xx_HAL_Driver/stm32h7xx_hal_pwr_ex.o
 .debug_line    0x0000b6ad     0x1583 ./Drivers/STM32H7xx_HAL_Driver/stm32h7xx_hal_rcc.o
 .debug_line    0x0000cc30     0x1ea7 ./Drivers/STM32H7xx_HAL_Driver/stm32h7xx_hal_rcc_ex.o
 .debug_line    0x0000ead7     0x4030 ./Drivers/STM32H7xx_HAL_Driver/stm32h7xx_hal_tim.o
 .debug_line    0x00012b07     0x1da2 ./Drivers/STM32H7xx_HAL_Driver/stm32h7xx_hal_tim_ex.o
 .debug_line    0x000148a9     0x25b9 ./Middlewares/Third_Party/FreeRTOS/cmsis_os2.o
 .debug_line    0x00016e62      0x9ec ./Middlewares/Third_Party/FreeRTOS/heap_4.o
 .debug_line    0x0001784e      0x7d5 ./Middlewares/Third_Party/FreeRTOS/list.o
 .debug_line    0x00018023      0x9ca ./Middlewares/Third_Party/FreeRTOS/port.o
 .debug_line    0x000189ed     0x1746 ./Middlewares/Third_Party/FreeRTOS/queue.o
 .debug_line    0x0001a133     0x1ced ./Middlewares/Third_Party/FreeRTOS/tasks.o
 .debug_line    0x0001be20      0xe15 ./Middlewares/Third_Party/FreeRTOS/timers.o

.debug_str      0x00000000   0x19506e
 .debug_str     0x00000000   0x19506e ./Common/Src/system_stm32h7xx_dualcore_boot_cm4_cm7.o
                             0x183acb (size before relaxing)
 .debug_str     0x0019506e   0x1840f6 ./Core/Src/fdcan.o
 .debug_str     0x0019506e   0x188323 ./Core/Src/freertos.o
 .debug_str     0x0019506e   0x183692 ./Core/Src/gpio.o
 .debug_str     0x0019506e   0x1887f4 ./Core/Src/main.o
 .debug_str     0x0019506e   0x183f1f ./Core/Src/stm32h7xx_hal_msp.o
 .debug_str     0x0019506e   0x1846f1 ./Core/Src/stm32h7xx_hal_timebase_tim.o
 .debug_str     0x0019506e   0x183b39 ./Core/Src/stm32h7xx_it.o
 .debug_str     0x0019506e       0x89 ./Core/Startup/startup_stm32h755zitx.o
 .debug_str     0x0019506e   0x184b38 ./Drivers/STM32H7xx_HAL_Driver/stm32h7xx_hal.o
 .debug_str     0x0019506e   0x18439f ./Drivers/STM32H7xx_HAL_Driver/stm32h7xx_hal_cortex.o
 .debug_str     0x0019506e   0x1856eb ./Drivers/STM32H7xx_HAL_Driver/stm32h7xx_hal_fdcan.o
 .debug_str     0x0019506e   0x183a2a ./Drivers/STM32H7xx_HAL_Driver/stm32h7xx_hal_gpio.o
 .debug_str     0x0019506e   0x183f35 ./Drivers/STM32H7xx_HAL_Driver/stm32h7xx_hal_pwr_ex.o
 .debug_str     0x0019506e   0x183dab ./Drivers/STM32H7xx_HAL_Driver/stm32h7xx_hal_rcc.o
 .debug_str     0x0019506e   0x1842e0 ./Drivers/STM32H7xx_HAL_Driver/stm32h7xx_hal_rcc_ex.o
 .debug_str     0x0019506e   0x184b37 ./Drivers/STM32H7xx_HAL_Driver/stm32h7xx_hal_tim.o
 .debug_str     0x0019506e   0x18445f ./Drivers/STM32H7xx_HAL_Driver/stm32h7xx_hal_tim_ex.o
 .debug_str     0x0019506e   0x18b929 ./Middlewares/Third_Party/FreeRTOS/cmsis_os2.o
 .debug_str     0x0019506e     0xb623 ./Middlewares/Third_Party/FreeRTOS/heap_4.o
 .debug_str     0x0019506e     0xace1 ./Middlewares/Third_Party/FreeRTOS/list.o
 .debug_str     0x0019506e     0xba1f ./Middlewares/Third_Party/FreeRTOS/port.o
 .debug_str     0x0019506e     0xc821 ./Middlewares/Third_Party/FreeRTOS/queue.o
 .debug_str     0x0019506e     0xd626 ./Middlewares/Third_Party/FreeRTOS/tasks.o
 .debug_str     0x0019506e     0xd072 ./Middlewares/Third_Party/FreeRTOS/timers.o

.comment        0x00000000       0x43
 .comment       0x00000000       0x43 ./Common/Src/system_stm32h7xx_dualcore_boot_cm4_cm7.o
                                 0x44 (size before relaxing)
 .comment       0x00000043       0x44 ./Core/Src/fdcan.o
 .comment       0x00000043       0x44 ./Core/Src/freertos.o
 .comment       0x00000043       0x44 ./Core/Src/gpio.o
 .comment       0x00000043       0x44 ./Core/Src/main.o
 .comment       0x00000043       0x44 ./Core/Src/stm32h7xx_hal_msp.o
 .comment       0x00000043       0x44 ./Core/Src/stm32h7xx_hal_timebase_tim.o
 .comment       0x00000043       0x44 ./Core/Src/stm32h7xx_it.o
 .comment       0x00000043       0x44 ./Drivers/STM32H7xx_HAL_Driver/stm32h7xx_hal.o
 .comment       0x00000043       0x44 ./Drivers/STM32H7xx_HAL_Driver/stm32h7xx_hal_cortex.o
 .comment       0x00000043       0x44 ./Drivers/STM32H7xx_HAL_Driver/stm32h7xx_hal_fdcan.o
 .comment       0x00000043       0x44 ./Drivers/STM32H7xx_HAL_Driver/stm32h7xx_hal_gpio.o
 .comment       0x00000043       0x44 ./Drivers/STM32H7xx_HAL_Driver/stm32h7xx_hal_pwr_ex.o
 .comment       0x00000043       0x44 ./Drivers/STM32H7xx_HAL_Driver/stm32h7xx_hal_rcc.o
 .comment       0x00000043       0x44 ./Drivers/STM32H7xx_HAL_Driver/stm32h7xx_hal_rcc_ex.o
 .comment       0x00000043       0x44 ./Drivers/STM32H7xx_HAL_Driver/stm32h7xx_hal_tim.o
 .comment       0x00000043       0x44 ./Drivers/STM32H7xx_HAL_Driver/stm32h7xx_hal_tim_ex.o
 .comment       0x00000043       0x44 ./Middlewares/Third_Party/FreeRTOS/cmsis_os2.o
 .comment       0x00000043       0x44 ./Middlewares/Third_Party/FreeRTOS/heap_4.o
 .comment       0x00000043       0x44 ./Middlewares/Third_Party/FreeRTOS/list.o
 .comment       0x00000043       0x44 ./Middlewares/Third_Party/FreeRTOS/port.o
 .comment       0x00000043       0x44 ./Middlewares/Third_Party/FreeRTOS/queue.o
 .comment       0x00000043       0x44 ./Middlewares/Third_Party/FreeRTOS/tasks.o
 .comment       0x00000043       0x44 ./Middlewares/Third_Party/FreeRTOS/timers.o

.debug_frame    0x00000000     0x6ce4
 .debug_frame   0x00000000       0x78 ./Common/Src/system_stm32h7xx_dualcore_boot_cm4_cm7.o
 .debug_frame   0x00000078       0xc0 ./Core/Src/fdcan.o
 .debug_frame   0x00000138       0x6c ./Core/Src/freertos.o
 .debug_frame   0x000001a4       0x38 ./Core/Src/gpio.o
 .debug_frame   0x000001dc       0x8c ./Core/Src/main.o
 .debug_frame   0x00000268       0x34 ./Core/Src/stm32h7xx_hal_msp.o
 .debug_frame   0x0000029c       0x74 ./Core/Src/stm32h7xx_hal_timebase_tim.o
 .debug_frame   0x00000310       0xc4 ./Core/Src/stm32h7xx_it.o
 .debug_frame   0x000003d4      0x848 ./Drivers/STM32H7xx_HAL_Driver/stm32h7xx_hal.o
 .debug_frame   0x00000c1c      0x508 ./Drivers/STM32H7xx_HAL_Driver/stm32h7xx_hal_cortex.o
 .debug_frame   0x00001124      0xf9c ./Drivers/STM32H7xx_HAL_Driver/stm32h7xx_hal_fdcan.o
 .debug_frame   0x000020c0      0x14c ./Drivers/STM32H7xx_HAL_Driver/stm32h7xx_hal_gpio.o
 .debug_frame   0x0000220c      0x5ec ./Drivers/STM32H7xx_HAL_Driver/stm32h7xx_hal_pwr_ex.o
 .debug_frame   0x000027f8      0x1f8 ./Drivers/STM32H7xx_HAL_Driver/stm32h7xx_hal_rcc.o
 .debug_frame   0x000029f0      0x43c ./Drivers/STM32H7xx_HAL_Driver/stm32h7xx_hal_rcc_ex.o
 .debug_frame   0x00002e2c     0x121c ./Drivers/STM32H7xx_HAL_Driver/stm32h7xx_hal_tim.o
 .debug_frame   0x00004048      0x6d8 ./Drivers/STM32H7xx_HAL_Driver/stm32h7xx_hal_tim_ex.o
 .debug_frame   0x00004720      0xbe4 ./Middlewares/Third_Party/FreeRTOS/cmsis_os2.o
 .debug_frame   0x00005304      0x12c ./Middlewares/Third_Party/FreeRTOS/heap_4.o
 .debug_frame   0x00005430       0xd8 ./Middlewares/Third_Party/FreeRTOS/list.o
 .debug_frame   0x00005508      0x1a8 ./Middlewares/Third_Party/FreeRTOS/port.o
 .debug_frame   0x000056b0      0x5ec ./Middlewares/Third_Party/FreeRTOS/queue.o
 .debug_frame   0x00005c9c      0x8f0 ./Middlewares/Third_Party/FreeRTOS/tasks.o
 .debug_frame   0x0000658c      0x400 ./Middlewares/Third_Party/FreeRTOS/timers.o
 .debug_frame   0x0000698c      0x144 C:/ST/STM32CubeIDE_1.19.0/STM32CubeIDE/plugins/com.st.stm32cube.ide.mcu.externaltools.gnu-tools-for-stm32.13.3.rel1.win32_1.0.0.202411081344/tools/bin/../lib/gcc/arm-none-eabi/13.3.1/../../../../arm-none-eabi/lib/thumb/v7e-m+dp/hard\libc_nano.a(libc_a-findfp.o)
 .debug_frame   0x00006ad0       0x20 C:/ST/STM32CubeIDE_1.19.0/STM32CubeIDE/plugins/com.st.stm32cube.ide.mcu.externaltools.gnu-tools-for-stm32.13.3.rel1.win32_1.0.0.202411081344/tools/bin/../lib/gcc/arm-none-eabi/13.3.1/../../../../arm-none-eabi/lib/thumb/v7e-m+dp/hard\libc_nano.a(libc_a-memset.o)
 .debug_frame   0x00006af0       0x38 C:/ST/STM32CubeIDE_1.19.0/STM32CubeIDE/plugins/com.st.stm32cube.ide.mcu.externaltools.gnu-tools-for-stm32.13.3.rel1.win32_1.0.0.202411081344/tools/bin/../lib/gcc/arm-none-eabi/13.3.1/../../../../arm-none-eabi/lib/thumb/v7e-m+dp/hard\libc_nano.a(libc_a-reent.o)
 .debug_frame   0x00006b28       0x2c C:/ST/STM32CubeIDE_1.19.0/STM32CubeIDE/plugins/com.st.stm32cube.ide.mcu.externaltools.gnu-tools-for-stm32.13.3.rel1.win32_1.0.0.202411081344/tools/bin/../lib/gcc/arm-none-eabi/13.3.1/../../../../arm-none-eabi/lib/thumb/v7e-m+dp/hard\libc_nano.a(libc_a-init.o)
 .debug_frame   0x00006b54       0xb0 C:/ST/STM32CubeIDE_1.19.0/STM32CubeIDE/plugins/com.st.stm32cube.ide.mcu.externaltools.gnu-tools-for-stm32.13.3.rel1.win32_1.0.0.202411081344/tools/bin/../lib/gcc/arm-none-eabi/13.3.1/../../../../arm-none-eabi/lib/thumb/v7e-m+dp/hard\libc_nano.a(libc_a-lock.o)
 .debug_frame   0x00006c04       0x28 C:/ST/STM32CubeIDE_1.19.0/STM32CubeIDE/plugins/com.st.stm32cube.ide.mcu.externaltools.gnu-tools-for-stm32.13.3.rel1.win32_1.0.0.202411081344/tools/bin/../lib/gcc/arm-none-eabi/13.3.1/../../../../arm-none-eabi/lib/thumb/v7e-m+dp/hard\libc_nano.a(libc_a-memcpy-stub.o)
 .debug_frame   0x00006c2c       0x38 C:/ST/STM32CubeIDE_1.19.0/STM32CubeIDE/plugins/com.st.stm32cube.ide.mcu.externaltools.gnu-tools-for-stm32.13.3.rel1.win32_1.0.0.202411081344/tools/bin/../lib/gcc/arm-none-eabi/13.3.1/../../../../arm-none-eabi/lib/thumb/v7e-m+dp/hard\libc_nano.a(libc_a-freer.o)
 .debug_frame   0x00006c64       0x50 C:/ST/STM32CubeIDE_1.19.0/STM32CubeIDE/plugins/com.st.stm32cube.ide.mcu.externaltools.gnu-tools-for-stm32.13.3.rel1.win32_1.0.0.202411081344/tools/bin/../lib/gcc/arm-none-eabi/13.3.1/../../../../arm-none-eabi/lib/thumb/v7e-m+dp/hard\libc_nano.a(libc_a-mallocr.o)
 .debug_frame   0x00006cb4       0x30 C:/ST/STM32CubeIDE_1.19.0/STM32CubeIDE/plugins/com.st.stm32cube.ide.mcu.externaltools.gnu-tools-for-stm32.13.3.rel1.win32_1.0.0.202411081344/tools/bin/../lib/gcc/arm-none-eabi/13.3.1/../../../../arm-none-eabi/lib/thumb/v7e-m+dp/hard\libc_nano.a(libc_a-mlock.o)

.debug_line_str
                0x00000000       0x6d
 .debug_line_str
                0x00000000       0x6d ./Core/Startup/startup_stm32h755zitx.o