Archive member included to satisfy reference by file (symbol)

C:/ST/STM32CubeIDE_1.19.0/STM32CubeIDE/plugins/com.st.stm32cube.ide.mcu.externaltools.gnu-tools-for-stm32.13.3.rel1.win32_1.0.0.202411081344/tools/bin/../lib/gcc/arm-none-eabi/13.3.1/../../../../arm-none-eabi/lib/thumb/v7e-m+dp/hard\libc_nano.a(libc_a-exit.o)
                              C:/ST/STM32CubeIDE_1.19.0/STM32CubeIDE/plugins/com.st.stm32cube.ide.mcu.externaltools.gnu-tools-for-stm32.13.3.rel1.win32_1.0.0.202411081344/tools/bin/../lib/gcc/arm-none-eabi/13.3.1/../../../../arm-none-eabi/lib/thumb/v7e-m+dp/hard/crt0.o (exit)
C:/ST/STM32CubeIDE_1.19.0/STM32CubeIDE/plugins/com.st.stm32cube.ide.mcu.externaltools.gnu-tools-for-stm32.13.3.rel1.win32_1.0.0.202411081344/tools/bin/../lib/gcc/arm-none-eabi/13.3.1/../../../../arm-none-eabi/lib/thumb/v7e-m+dp/hard\libc_nano.a(libc_a-malloc.o)
                              ./Core/Src/debug.o (malloc)
C:/ST/STM32CubeIDE_1.19.0/STM32CubeIDE/plugins/com.st.stm32cube.ide.mcu.externaltools.gnu-tools-for-stm32.13.3.rel1.win32_1.0.0.202411081344/tools/bin/../lib/gcc/arm-none-eabi/13.3.1/../../../../arm-none-eabi/lib/thumb/v7e-m+dp/hard\libc_nano.a(libc_a-mallocr.o)
                              C:/ST/STM32CubeIDE_1.19.0/STM32CubeIDE/plugins/com.st.stm32cube.ide.mcu.externaltools.gnu-tools-for-stm32.13.3.rel1.win32_1.0.0.202411081344/tools/bin/../lib/gcc/arm-none-eabi/13.3.1/../../../../arm-none-eabi/lib/thumb/v7e-m+dp/hard\libc_nano.a(libc_a-malloc.o) (_malloc_r)
C:/ST/STM32CubeIDE_1.19.0/STM32CubeIDE/plugins/com.st.stm32cube.ide.mcu.externaltools.gnu-tools-for-stm32.13.3.rel1.win32_1.0.0.202411081344/tools/bin/../lib/gcc/arm-none-eabi/13.3.1/../../../../arm-none-eabi/lib/thumb/v7e-m+dp/hard\libc_nano.a(libc_a-mlock.o)
                              C:/ST/STM32CubeIDE_1.19.0/STM32CubeIDE/plugins/com.st.stm32cube.ide.mcu.externaltools.gnu-tools-for-stm32.13.3.rel1.win32_1.0.0.202411081344/tools/bin/../lib/gcc/arm-none-eabi/13.3.1/../../../../arm-none-eabi/lib/thumb/v7e-m+dp/hard\libc_nano.a(libc_a-mallocr.o) (__malloc_lock)
C:/ST/STM32CubeIDE_1.19.0/STM32CubeIDE/plugins/com.st.stm32cube.ide.mcu.externaltools.gnu-tools-for-stm32.13.3.rel1.win32_1.0.0.202411081344/tools/bin/../lib/gcc/arm-none-eabi/13.3.1/../../../../arm-none-eabi/lib/thumb/v7e-m+dp/hard\libc_nano.a(libc_a-findfp.o)
                              ./Middlewares/Third_Party/FreeRTOS/tasks.o (__sf)
C:/ST/STM32CubeIDE_1.19.0/STM32CubeIDE/plugins/com.st.stm32cube.ide.mcu.externaltools.gnu-tools-for-stm32.13.3.rel1.win32_1.0.0.202411081344/tools/bin/../lib/gcc/arm-none-eabi/13.3.1/../../../../arm-none-eabi/lib/thumb/v7e-m+dp/hard\libc_nano.a(libc_a-fwalk.o)
                              C:/ST/STM32CubeIDE_1.19.0/STM32CubeIDE/plugins/com.st.stm32cube.ide.mcu.externaltools.gnu-tools-for-stm32.13.3.rel1.win32_1.0.0.202411081344/tools/bin/../lib/gcc/arm-none-eabi/13.3.1/../../../../arm-none-eabi/lib/thumb/v7e-m+dp/hard\libc_nano.a(libc_a-findfp.o) (_fwalk_sglue)
C:/ST/STM32CubeIDE_1.19.0/STM32CubeIDE/plugins/com.st.stm32cube.ide.mcu.externaltools.gnu-tools-for-stm32.13.3.rel1.win32_1.0.0.202411081344/tools/bin/../lib/gcc/arm-none-eabi/13.3.1/../../../../arm-none-eabi/lib/thumb/v7e-m+dp/hard\libc_nano.a(libc_a-stdio.o)
                              C:/ST/STM32CubeIDE_1.19.0/STM32CubeIDE/plugins/com.st.stm32cube.ide.mcu.externaltools.gnu-tools-for-stm32.13.3.rel1.win32_1.0.0.202411081344/tools/bin/../lib/gcc/arm-none-eabi/13.3.1/../../../../arm-none-eabi/lib/thumb/v7e-m+dp/hard\libc_nano.a(libc_a-findfp.o) (__sread)
C:/ST/STM32CubeIDE_1.19.0/STM32CubeIDE/plugins/com.st.stm32cube.ide.mcu.externaltools.gnu-tools-for-stm32.13.3.rel1.win32_1.0.0.202411081344/tools/bin/../lib/gcc/arm-none-eabi/13.3.1/../../../../arm-none-eabi/lib/thumb/v7e-m+dp/hard\libc_nano.a(libc_a-vsnprintf.o)
                              ./Core/Src/debug.o (vsnprintf)
C:/ST/STM32CubeIDE_1.19.0/STM32CubeIDE/plugins/com.st.stm32cube.ide.mcu.externaltools.gnu-tools-for-stm32.13.3.rel1.win32_1.0.0.202411081344/tools/bin/../lib/gcc/arm-none-eabi/13.3.1/../../../../arm-none-eabi/lib/thumb/v7e-m+dp/hard\libc_nano.a(libc_a-memset.o)
                              C:/ST/STM32CubeIDE_1.19.0/STM32CubeIDE/plugins/com.st.stm32cube.ide.mcu.externaltools.gnu-tools-for-stm32.13.3.rel1.win32_1.0.0.202411081344/tools/bin/../lib/gcc/arm-none-eabi/13.3.1/../../../../arm-none-eabi/lib/thumb/v7e-m+dp/hard/crt0.o (memset)
C:/ST/STM32CubeIDE_1.19.0/STM32CubeIDE/plugins/com.st.stm32cube.ide.mcu.externaltools.gnu-tools-for-stm32.13.3.rel1.win32_1.0.0.202411081344/tools/bin/../lib/gcc/arm-none-eabi/13.3.1/../../../../arm-none-eabi/lib/thumb/v7e-m+dp/hard\libc_nano.a(libc_a-closer.o)
                              C:/ST/STM32CubeIDE_1.19.0/STM32CubeIDE/plugins/com.st.stm32cube.ide.mcu.externaltools.gnu-tools-for-stm32.13.3.rel1.win32_1.0.0.202411081344/tools/bin/../lib/gcc/arm-none-eabi/13.3.1/../../../../arm-none-eabi/lib/thumb/v7e-m+dp/hard\libc_nano.a(libc_a-stdio.o) (_close_r)
[...]
Memory Configuration

Name             Origin             Length             Attributes
RAM_D1           0x24000000         0x00080000         xrw
FLASH            0x08000000         0x00100000         xr
DTCMRAM          0x20000000         0x00020000         xrw
RAM_D2           0x30000000         0x00048000         xrw
RAM_D3           0x38000000         0x00010000         xrw
ITCMRAM          0x00000000         0x00010000         xrw
*default*        0x00000000         0xffffffff

Linker script and memory map

LOAD C:/ST/STM32CubeIDE_1.19.0/STM32CubeIDE/plugins/com.st.stm32cube.ide.mcu.externaltools.gnu-tools-for-stm32.13.3.rel1.win32_1.0.0.202411081344/tools/bin/../lib/gcc/arm-none-eabi/13.3.1/thumb/v7e-m+dp/hard/crti.o
LOAD C:/ST/STM32CubeIDE_1.19.0/STM32CubeIDE/plugins/com.st.stm32cube.ide.mcu.externaltools.gnu-tools-for-stm32.13.3.rel1.win32_1.0.0.202411081344/tools/bin/../lib/gcc/arm-none-eabi/13.3.1/thumb/v7e-m+dp/hard/crtbegin.o
LOAD C:/ST/STM32CubeIDE_1.19.0/STM32CubeIDE/plugins/com.st.stm32cube.ide.mcu.externaltools.gnu-tools-for-stm32.13.3.rel1.win32_1.0.0.202411081344/tools/bin/../lib/gcc/arm-none-eabi/13.3.1/../../../../arm-none-eabi/lib/thumb/v7e-m+dp/hard/crt0.o
LOAD ./Common/Src/system_stm32h7xx_dualcore_boot_cm4_cm7.o
LOAD ./Core/Src/PDP.o
LOAD ./Core/Src/TalonFX.o
LOAD ./Core/Src/TalonSRX.o
LOAD ./Core/Src/adc.o
LOAD ./Core/Src/control.o
LOAD ./Core/Src/debug.o
LOAD ./Core/Src/fdcan.o
LOAD ./Core/Src/freertos.o
LOAD ./Core/Src/gpio.o
LOAD ./Core/Src/main.o
LOAD ./Core/Src/pot.o
LOAD ./Core/Src/serial.o
LOAD ./Core/Src/stm32h7xx_hal_msp.o
LOAD ./Core/Src/stm32h7xx_hal_timebase_tim.o
LOAD ./Core/Src/stm32h7xx_it.o
LOAD ./Core/Src/syscalls.o
LOAD ./Core/Src/sysmem.o
LOAD ./Core/Src/usart.o
LOAD ./Core/Src/util.o
LOAD ./Core/Startup/startup_stm32h755zitx.o
LOAD ./Drivers/STM32H7xx_HAL_Driver/stm32h7xx_hal.o
LOAD ./Drivers/STM32H7xx_HAL_Driver/stm32h7xx_hal_adc.o
LOAD ./Drivers/STM32H7xx_HAL_Driver/stm32h7xx_hal_adc_ex.o
LOAD ./Drivers/STM32H7xx_HAL_Driver/stm32h7xx_hal_cortex.o
LOAD ./Drivers/STM32H7xx_HAL_Driver/stm32h7xx_hal_dma.o
LOAD ./Drivers/STM32H7xx_HAL_Driver/stm32h7xx_hal_dma_ex.o
LOAD ./Drivers/STM32H7xx_HAL_Driver/stm32h7xx_hal_exti.o
LOAD ./Drivers/STM32H7xx_HAL_Driver/stm32h7xx_hal_fdcan.o
LOAD ./Drivers/STM32H7xx_HAL_Driver/stm32h7xx_hal_flash.o
LOAD ./Drivers/STM32H7xx_HAL_Driver/stm32h7xx_hal_flash_ex.o
LOAD ./Drivers/STM32H7xx_HAL_Driver/stm32h7xx_hal_gpio.o
LOAD ./Drivers/STM32H7xx_HAL_Driver/stm32h7xx_hal_hsem.o
LOAD ./Drivers/STM32H7xx_HAL_Driver/stm32h7xx_hal_i2c.o
LOAD ./Drivers/STM32H7xx_HAL_Driver/stm32h7xx_hal_i2c_ex.o
LOAD ./Drivers/STM32H7xx_HAL_Driver/stm32h7xx_hal_mdma.o
LOAD ./Drivers/STM32H7xx_HAL_Driver/stm32h7xx_hal_pwr.o
LOAD ./Drivers/STM32H7xx_HAL_Driver/stm32h7xx_hal_pwr_ex.o
LOAD ./Drivers/STM32H7xx_HAL_Driver/stm32h7xx_hal_rcc.o
LOAD ./Drivers/STM32H7xx_HAL_Driver/stm32h7xx_hal_rcc_ex.o
LOAD ./Drivers/STM32H7xx_HAL_Driver/stm32h7xx_hal_tim.o
LOAD ./Drivers/STM32H7xx_HAL_Driver/stm32h7xx_hal_tim_ex.o
LOAD ./Drivers/STM32H7xx_HAL_Driver/stm32h7xx_hal_uart.o
LOAD ./Drivers/STM32H7xx_HAL_Driver/stm32h7xx_hal_uart_ex.o
LOAD ./Middlewares/Third_Party/FreeRTOS/cmsis_os2.o
LOAD ./Middlewares/Third_Party/FreeRTOS/croutine.o
LOAD ./Middlewares/Third_Party/FreeRTOS/event_groups.o
LOAD ./Middlewares/Third_Party/FreeRTOS/heap_4.o
LOAD ./Middlewares/Third_Party/FreeRTOS/list.o
LOAD ./Middlewares/Third_Party/FreeRTOS/port.o
LOAD ./Middlewares/Third_Party/FreeRTOS/queue.o
LOAD ./Middlewares/Third_Party/FreeRTOS/stream_buffer.o
LOAD ./Middlewares/Third_Party/FreeRTOS/tasks.o
LOAD ./Middlewares/Third_Party/FreeRTOS/timers.o
START GROUP
LOAD C:/ST/STM32CubeIDE_1.19.0/STM32CubeIDE/plugins/com.st.stm32cube.ide.mcu.externaltools.gnu-tools-for-stm32.13.3.rel1.win32_1.0.0.202411081344/tools/bin/../lib/gcc/arm-none-eabi/13.3.1/../../../../arm-none-eabi/lib/thumb/v7e-m+dp/hard\libc_nano.a
LOAD C:/ST/STM32CubeIDE_1.19.0/STM32CubeIDE/plugins/com.st.stm32cube.ide.mcu.externaltools.gnu-tools-for-stm32.13.3.rel1.win32_1.0.0.202411081344/tools/bin/../lib/gcc/arm-none-eabi/13.3.1/../../../../arm-none-eabi/lib/thumb/v7e-m+dp/hard\libm.a
END GROUP
START GROUP
LOAD C:/ST/STM32CubeIDE_1.19.0/STM32CubeIDE/plugins/com.st.stm32cube.ide.mcu.externaltools.gnu-tools-for-stm32.13.3.rel1.win32_1.0.0.202411081344/tools/bin/../lib/gcc/arm-none-eabi/13.3.1/thumb/v7e-m+dp/hard\libgcc.a
LOAD C:/ST/STM32CubeIDE_1.19.0/STM32CubeIDE/plugins/com.st.stm32cube.ide.mcu.externaltools.gnu-tools-for-stm32.13.3.rel1.win32_1.0.0.202411081344/tools/bin/../lib/gcc/arm-none-eabi/13.3.1/../../../../arm-none-eabi/lib/thumb/v7e-m+dp/hard\libc_nano.a
END GROUP
START GROUP
LOAD C:/ST/STM32CubeIDE_1.19.0/STM32CubeIDE/plugins/com.st.stm32cube.ide.mcu.externaltools.gnu-tools-for-stm32.13.3.rel1.win32_1.0.0.202411081344/tools/bin/../lib/gcc/arm-none-eabi/13.3.1/thumb/v7e-m+dp/hard\libgcc.a
LOAD C:/ST/STM32CubeIDE_1.19.0/STM32CubeIDE/plugins/com.st.stm32cube.ide.mcu.externaltools.gnu-tools-for-stm32.13.3.rel1.win32_1.0.0.202411081344/tools/bin/../lib/gcc/arm-none-eabi/13.3.1/../../../../arm-none-eabi/lib/thumb/v7e-m+dp/hard\libc_nano.a
LOAD C:/ST/STM32CubeIDE_1.19.0/STM32CubeIDE/plugins/com.st.stm32cube.ide.mcu.externaltools.gnu-tools-for-stm32.13.3.rel1.win32_1.0.0.202411081344/tools/bin/../lib/gcc/arm-none-eabi/13.3.1/../../../../arm-none-eabi/lib/thumb/v7e-m+dp/hard\libnosys.a
END GROUP
START GROUP
LOAD C:/ST/STM32CubeIDE_1.19.0/STM32CubeIDE/plugins/com.st.stm32cube.ide.mcu.externaltools.gnu-tools-for-stm32.13.3.rel1.win32_1.0.0.202411081344/tools/bin/../lib/gcc/arm-none-eabi/13.3.1/thumb/v7e-m+dp/hard\libgcc.a
LOAD C:/ST/STM32CubeIDE_1.19.0/STM32CubeIDE/plugins/com.st.stm32cube.ide.mcu.externaltools.gnu-tools-for-stm32.13.3.rel1.win32_1.0.0.202411081344/tools/bin/../lib/gcc/arm-none-eabi/13.3.1/../../../../arm-none-eabi/lib/thumb/v7e-m+dp/hard\libc_nano.a
LOAD C:/ST/STM32CubeIDE_1.19.0/STM32CubeIDE/plugins/com.st.stm32cube.ide.mcu.externaltools.gnu-tools-for-stm32.13.3.rel1.win32_1.0.0.202411081344/tools/bin/../lib/gcc/arm-none-eabi/13.3.1/../../../../arm-none-eabi/lib/thumb/v7e-m+dp/hard\libnosys.a
END GROUP
LOAD C:/ST/STM32CubeIDE_1.19.0/STM32CubeIDE/plugins/com.st.stm32cube.ide.mcu.externaltools.gnu-tools-for-stm32.13.3.rel1.win32_1.0.0.202411081344/tools/bin/../lib/gcc/arm-none-eabi/13.3.1/thumb/v7e-m+dp/hard/crtend.o
LOAD C:/ST/STM32CubeIDE_1.19.0/STM32CubeIDE/plugins/com.st.stm32cube.ide.mcu.externaltools.gnu-tools-for-stm32.13.3.rel1.win32_1.0.0.202411081344/tools/bin/../lib/gcc/arm-none-eabi/13.3.1/thumb/v7e-m+dp/hard/crtn.o
                0x24080000                        _estack = (ORIGIN (RAM_D1) + LENGTH (RAM_D1))
                0x00000200                        _Min_Heap_Size = 0x200
                0x00000400                        _Min_Stack_Size = 0x400

.isr_vector     0x08000000      0x298
                0x08000000                        . = ALIGN (0x4)
 *(.isr_vector)
 .isr_vector    0x08000000      0x298 ./Core/Startup/startup_stm32h755zitx.o
                0x08000000                g_pfnVectors
                0x08000298                        . = ALIGN (0x4)

.text           0x080002a0     0xdf30
                0x080002a0                        . = ALIGN (0x4)
 *(.text)
 .text          0x080002a0       0x40 C:/ST/STM32CubeIDE_1.19.0/STM32CubeIDE/plugins/com.st.stm32cube.ide.mcu.externaltools.gnu-tools-for-stm32.13.3.rel1.win32_1.0.0.202411081344/tools/bin/../lib/gcc/arm-none-eabi/13.3.1/thumb/v7e-m+dp/hard/crtbegin.o
 .text          0x080002e0       0x10 C:/ST/STM32CubeIDE_1.19.0/STM32CubeIDE/plugins/com.st.stm32cube.ide.mcu.externaltools.gnu-tools-for-stm32.13.3.rel1.win32_1.0.0.202411081344/tools/bin/../lib/gcc/arm-none-eabi/13.3.1/../../../../arm-none-eabi/lib/thumb/v7e-m+dp/hard\libc_nano.a(libc_a-strlen.o)
                0x080002e0                strlen
 .text          0x080002f0       0x30 C:/ST/STM32CubeIDE_1.19.0/STM32CubeIDE/plugins/com.st.stm32cube.ide.mcu.externaltools.gnu-tools-for-stm32.13.3.rel1.win32_1.0.0.202411081344/tools/bin/../lib/gcc/arm-none-eabi/13.3.1/thumb/v7e-m+dp/hard\libgcc.a(_aeabi_uldivmod.o)
                0x080002f0                __aeabi_uldivmod
 .text          0x08000320      0x2f8 C:/ST/STM32CubeIDE_1.19.0/STM32CubeIDE/plugins/com.st.stm32cube.ide.mcu.externaltools.gnu-tools-for-stm32.13.3.rel1.win32_1.0.0.202411081344/tools/bin/../lib/gcc/arm-none-eabi/13.3.1/thumb/v7e-m+dp/hard\libgcc.a(_udivmoddi4.o)
                0x08000320                __udivmoddi4
 .text          0x08000618        0x4 C:/ST/STM32CubeIDE_1.19.0/STM32CubeIDE/plugins/com.st.stm32cube.ide.mcu.externaltools.gnu-tools-for-stm32.13.3.rel1.win32_1.0.0.202411081344/tools/bin/../lib/gcc/arm-none-eabi/13.3.1/thumb/v7e-m+dp/hard\libgcc.a(_dvmd_tls.o)
                0x08000618                __aeabi_idiv0
                0x08000618                __aeabi_ldiv0
 *(.text*)
 .text.SystemInit
                0x0800061c      0x15c ./Common/Src/system_stm32h7xx_dualcore_boot_cm4_cm7.o
                0x0800061c                SystemInit
 .text.ExitRun0Mode
                0x08000778       0x30 ./Common/Src/system_stm32h7xx_dualcore_boot_cm4_cm7.o
                0x08000778                ExitRun0Mode
 .text.sendFXCANMessage
                0x080007a8       0x2c ./Core/Src/TalonFX.o
                0x080007a8                sendFXCANMessage
 *fill*         0x080007d4        0x4 
 .text.setFX    0x080007d8       0x8c ./Core/Src/TalonFX.o
                0x080007d8                setFX
 .text.setNeutralModeFX
                0x08000864       0x84 ./Core/Src/TalonFX.o
                0x08000864                setNeutralModeFX
 .text.applySupplyCurrentLimitFX
                0x080008e8       0x80 ./Core/Src/TalonFX.o
                0x080008e8                applySupplyCurrentLimitFX
 .text.applyConfigFX
                0x08000968       0xc0 ./Core/Src/TalonFX.o
                0x08000968                applyConfigFX
 .text.setControlFX
                0x08000a28       0xb0 ./Core/Src/TalonFX.o
                0x08000a28                setControlFX
 .text.voltageCycleClosedLoopRampPeriodFX
                0x08000ad8       0x80 ./Core/Src/TalonFX.o
                0x08000ad8                voltageCycleClosedLoopRampPeriodFX
 .text.TalonFXInit
                0x08000b58       0x64 ./Core/Src/TalonFX.o
                0x08000b58                TalonFXInit
 .text.sendSRXCANMessage
                0x08000bbc       0x2c ./Core/Src/TalonSRX.o
                0x08000bbc                sendSRXCANMessage
 .text.setInvertedSRX
                0x08000be8       0x1e ./Core/Src/TalonSRX.o
                0x08000be8                setInvertedSRX
 *fill*         0x08000c06        0x2 
 .text.setSRX   0x08000c08       0x7c ./Core/Src/TalonSRX.o
                0x08000c08                setSRX
 .text.TalonSRXInit
                0x08000c84       0x44 ./Core/Src/TalonSRX.o
                0x08000c84                TalonSRXInit
 .text.MX_ADC1_Init
                0x08000cc8       0xf8 ./Core/Src/adc.o
                0x08000cc8                MX_ADC1_Init
 .text.HAL_ADC_MspInit
                0x08000dc0       0xe4 ./Core/Src/adc.o
                0x08000dc0                HAL_ADC_MspInit
 .text.initializeTalons
                0x08000ea4      0x11c ./Core/Src/control.o
                0x08000ea4                initializeTalons
 .text.writeDebug
                0x08000fc0       0x28 ./Core/Src/debug.o
                0x08000fc0                writeDebug
 .text.writeDebugString
                0x08000fe8       0x22 ./Core/Src/debug.o
                0x08000fe8                writeDebugString
 .text.sendCANMessage
                0x0800100a       0x56 ./Core/Src/fdcan.o
                0x0800100a                sendCANMessage
 .text.sendGlobalEnableFrame
                0x08001060       0x58 ./Core/Src/fdcan.o
                0x08001060                sendGlobalEnableFrame
 .text.MX_FDCAN1_Init
                0x080010b8       0xd8 ./Core/Src/fdcan.o
                0x080010b8                MX_FDCAN1_Init
 .text.HAL_FDCAN_MspInit
                0x08001190       0xd4 ./Core/Src/fdcan.o
                0x08001190                HAL_FDCAN_MspInit
 .text.MX_FREERTOS_Init
                0x08001264       0x5c ./Core/Src/freertos.o
                0x08001264                MX_FREERTOS_Init
 .text.ControlTaskFunction
                0x080012c0       0x3c ./Core/Src/freertos.o
                0x080012c0                ControlTaskFunction
 .text.FeedbackTaskFunction
                0x080012fc       0x10 ./Core/Src/freertos.o
                0x080012fc                FeedbackTaskFunction
 .text.ADCTaskFunction
                0x0800130c       0x10 ./Core/Src/freertos.o
                0x0800130c                ADCTaskFunction
 .text.findStartByte
                0x0800131c       0x3e ./Core/Src/freertos.o
                0x0800131c                findStartByte
 *fill*         0x0800135a        0x2 
 .text.HAL_UART_RxCpltCallback
                0x0800135c       0xc8 ./Core/Src/freertos.o
                0x0800135c                HAL_UART_RxCpltCallback
 .text.MX_GPIO_Init
                0x08001424       0xc4 ./Core/Src/gpio.o
                0x08001424                MX_GPIO_Init
 .text.main     0x080014e8       0x68 ./Core/Src/main.o
                0x080014e8                main
 .text.SystemClock_Config
                0x08001550       0xfc ./Core/Src/main.o
                0x08001550                SystemClock_Config
 .text.HAL_TIM_PeriodElapsedCallback
                0x0800164c       0x24 ./Core/Src/main.o
                0x0800164c                HAL_TIM_PeriodElapsedCallback
 .text.Error_Handler
                0x08001670        0xc ./Core/Src/main.o
                0x08001670                Error_Handler
 .text.writeToJetson
                0x0800167c       0x28 ./Core/Src/serial.o
                0x0800167c                writeToJetson
 .text.HAL_MspInit
                0x080016a4       0x3c ./Core/Src/stm32h7xx_hal_msp.o
                0x080016a4                HAL_MspInit
 .text.HAL_InitTick
                0x080016e0       0xd8 ./Core/Src/stm32h7xx_hal_timebase_tim.o
                0x080016e0                HAL_InitTick
 .text.NMI_Handler
                0x080017b8        0x8 ./Core/Src/stm32h7xx_it.o
                0x080017b8                NMI_Handler
 .text.HardFault_Handler
                0x080017c0        0x8 ./Core/Src/stm32h7xx_it.o
                0x080017c0                HardFault_Handler
 .text.MemManage_Handler
                0x080017c8        0x8 ./Core/Src/stm32h7xx_it.o
                0x080017c8                MemManage_Handler
 .text.BusFault_Handler
                0x080017d0        0x8 ./Core/Src/stm32h7xx_it.o
                0x080017d0                BusFault_Handler
 .text.UsageFault_Handler
                0x080017d8        0x8 ./Core/Src/stm32h7xx_it.o
                0x080017d8                UsageFault_Handler
 .text.DebugMon_Handler
                0x080017e0        0xe ./Core/Src/stm32h7xx_it.o
                0x080017e0                DebugMon_Handler
 *fill*         0x080017ee        0x2 
 .text.TIM6_DAC_IRQHandler
                0x080017f0       0x14 ./Core/Src/stm32h7xx_it.o
                0x080017f0                TIM6_DAC_IRQHandler
 .text.USART6_IRQHandler
                0x08001804       0x14 ./Core/Src/stm32h7xx_it.o
                0x08001804                USART6_IRQHandler
 .text.MX_USART3_UART_Init
                0x08001818       0x98 ./Core/Src/usart.o
                0x08001818                MX_USART3_UART_Init
 .text.MX_USART6_UART_Init
                0x080018b0       0x98 ./Core/Src/usart.o
                0x080018b0                MX_USART6_UART_Init
 .text.HAL_UART_MspInit
                0x08001948      0x184 ./Core/Src/usart.o
                0x08001948                HAL_UART_MspInit
 .text.floatToByteArray
                0x08001acc       0x46 ./Core/Src/util.o
                0x08001acc                floatToByteArray
 *fill*         0x08001b12        0x2 
 .text.Reset_Handler
                0x08001b14       0x54 ./Core/Startup/startup_stm32h755zitx.o
                0x08001b14                Reset_Handler
 .text.Default_Handler
                0x08001b68        0x2 ./Core/Startup/startup_stm32h755zitx.o
                0x08001b68                RTC_Alarm_IRQHandler
                0x08001b68                HASH_RNG_IRQHandler
                0x08001b68                EXTI2_IRQHandler
                0x08001b68                TIM8_CC_IRQHandler
                0x08001b68                HRTIM1_Master_IRQHandler
                0x08001b68                UART8_IRQHandler
                0x08001b68                SPI4_IRQHandler
                0x08001b68                TIM1_CC_IRQHandler
                0x08001b68                BDMA_Channel6_IRQHandler
                0x08001b68                DMA2_Stream5_IRQHandler
                0x08001b68                HRTIM1_FLT_IRQHandler
                0x08001b68                JPEG_IRQHandler
                0x08001b68                DMA1_Stream5_IRQHandler
                0x08001b68                BDMA_Channel1_IRQHandler
                0x08001b68                HRTIM1_TIMD_IRQHandler
                0x08001b68                TAMP_STAMP_IRQHandler
                0x08001b68                EXTI3_IRQHandler
                0x08001b68                LPTIM4_IRQHandler
                0x08001b68                TIM8_TRG_COM_TIM14_IRQHandler
                0x08001b68                LPTIM2_IRQHandler
                0x08001b68                DFSDM1_FLT1_IRQHandler
                0x08001b68                DMAMUX2_OVR_IRQHandler
                0x08001b68                TIM8_UP_TIM13_IRQHandler
                0x08001b68                I2C3_ER_IRQHandler
                0x08001b68                DFSDM1_FLT2_IRQHandler
                0x08001b68                MDMA_IRQHandler
                0x08001b68                LPTIM3_IRQHandler
                0x08001b68                HSEM1_IRQHandler
                0x08001b68                EXTI0_IRQHandler
                0x08001b68                I2C2_EV_IRQHandler
                0x08001b68                DMA1_Stream2_IRQHandler
                0x08001b68                FPU_IRQHandler
                0x08001b68                OTG_HS_WKUP_IRQHandler
                0x08001b68                FDCAN1_IT1_IRQHandler
                0x08001b68                LTDC_ER_IRQHandler
                0x08001b68                DMA2_Stream2_IRQHandler
                0x08001b68                HRTIM1_TIME_IRQHandler
                0x08001b68                SPI1_IRQHandler
                0x08001b68                DCMI_IRQHandler
                0x08001b68                HRTIM1_TIMC_IRQHandler
                0x08001b68                DMA2_Stream3_IRQHandler
                0x08001b68                SAI2_IRQHandler
                0x08001b68                DFSDM1_FLT3_IRQHandler
                0x08001b68                TIM17_IRQHandler
                0x08001b68                USART3_IRQHandler
                0x08001b68                BDMA_Channel7_IRQHandler
                0x08001b68                CRYP_IRQHandler
                0x08001b68                LPTIM5_IRQHandler
                0x08001b68                UART5_IRQHandler
                0x08001b68                ADC3_IRQHandler
                0x08001b68                DMA2_Stream0_IRQHandler
                0x08001b68                TIM4_IRQHandler
                0x08001b68                BDMA_Channel2_IRQHandler
                0x08001b68                QUADSPI_IRQHandler
                0x08001b68                I2C1_EV_IRQHandler
                0x08001b68                DMA1_Stream6_IRQHandler
                0x08001b68                DMAMUX1_OVR_IRQHandler
                0x08001b68                DMA1_Stream1_IRQHandler
                0x08001b68                TIM16_IRQHandler
                0x08001b68                UART4_IRQHandler
                0x08001b68                BDMA_Channel5_IRQHandler
                0x08001b68                TIM3_IRQHandler
                0x08001b68                RCC_IRQHandler
                0x08001b68                TIM8_BRK_TIM12_IRQHandler
                0x08001b68                TIM1_TRG_COM_IRQHandler
                0x08001b68                Default_Handler
                0x08001b68                ECC_IRQHandler
                0x08001b68                CEC_IRQHandler
                0x08001b68                EXTI15_10_IRQHandler
                0x08001b68                BDMA_Channel0_IRQHandler
                0x08001b68                ADC_IRQHandler
                0x08001b68                DMA1_Stream7_IRQHandler
                0x08001b68                HRTIM1_TIMA_IRQHandler
                0x08001b68                SPI5_IRQHandler
                0x08001b68                TIM7_IRQHandler
                0x08001b68                SDMMC1_IRQHandler
                0x08001b68                TIM5_IRQHandler
                0x08001b68                DMA2_Stream7_IRQHandler
                0x08001b68                TIM15_IRQHandler
                0x08001b68                PVD_AVD_IRQHandler
                0x08001b68                I2C3_EV_IRQHandler
                0x08001b68                EXTI9_5_IRQHandler
                0x08001b68                RTC_WKUP_IRQHandler
                0x08001b68                LTDC_IRQHandler
                0x08001b68                SAI3_IRQHandler
                0x08001b68                ETH_WKUP_IRQHandler
                0x08001b68                SPDIF_RX_IRQHandler
                0x08001b68                SPI2_IRQHandler
                0x08001b68                OTG_HS_EP1_IN_IRQHandler
                0x08001b68                DMA1_Stream0_IRQHandler
                0x08001b68                CRS_IRQHandler
                0x08001b68                CM7_SEV_IRQHandler
                0x08001b68                EXTI4_IRQHandler
                0x08001b68                CM4_SEV_IRQHandler
                0x08001b68                HRTIM1_TIMB_IRQHandler
                0x08001b68                FDCAN2_IT1_IRQHandler
                0x08001b68                ETH_IRQHandler
                0x08001b68                TIM1_UP_IRQHandler
                0x08001b68                WWDG_RST_IRQHandler
                0x08001b68                BDMA_Channel4_IRQHandler
                0x08001b68                OTG_HS_EP1_OUT_IRQHandler
                0x08001b68                WWDG_IRQHandler
                0x08001b68                SPI6_IRQHandler
                0x08001b68                MDIOS_IRQHandler
                0x08001b68                I2C4_EV_IRQHandler
                0x08001b68                FDCAN2_IT0_IRQHandler
                0x08001b68                LPUART1_IRQHandler
                0x08001b68                FDCAN1_IT0_IRQHandler
                0x08001b68                TIM2_IRQHandler
                0x08001b68                OTG_FS_WKUP_IRQHandler
                0x08001b68                OTG_HS_IRQHandler
                0x08001b68                HSEM2_IRQHandler
                0x08001b68                DMA2D_IRQHandler
                0x08001b68                TIM1_BRK_IRQHandler
                0x08001b68                EXTI1_IRQHandler
                0x08001b68                SDMMC2_IRQHandler
                0x08001b68                OTG_FS_EP1_OUT_IRQHandler
                0x08001b68                BDMA_Channel3_IRQHandler
                0x08001b68                HOLD_CORE_IRQHandler
                0x08001b68                UART7_IRQHandler
                0x08001b68                MDIOS_WKUP_IRQHandler
                0x08001b68                USART2_IRQHandler
                0x08001b68                DFSDM1_FLT0_IRQHandler
                0x08001b68                SAI4_IRQHandler
                0x08001b68                I2C2_ER_IRQHandler
                0x08001b68                DMA2_Stream1_IRQHandler
                0x08001b68                FLASH_IRQHandler
                0x08001b68                DMA2_Stream4_IRQHandler
                0x08001b68                USART1_IRQHandler
                0x08001b68                OTG_FS_IRQHandler
                0x08001b68                SPI3_IRQHandler
                0x08001b68                WAKEUP_PIN_IRQHandler
                0x08001b68                DMA1_Stream4_IRQHandler
                0x08001b68                OTG_FS_EP1_IN_IRQHandler
                0x08001b68                I2C1_ER_IRQHandler
                0x08001b68                FMC_IRQHandler
                0x08001b68                FDCAN_CAL_IRQHandler
                0x08001b68                SWPMI1_IRQHandler
                0x08001b68                COMP1_IRQHandler
                0x08001b68                LPTIM1_IRQHandler
                0x08001b68                I2C4_ER_IRQHandler
                0x08001b68                DMA2_Stream6_IRQHandler
                0x08001b68                SAI1_IRQHandler
                0x08001b68                DMA1_Stream3_IRQHandler
 *fill*         0x08001b6a        0x2 
 .text.HAL_Init
                0x08001b6c       0x78 ./Drivers/STM32H7xx_HAL_Driver/stm32h7xx_hal.o
                0x08001b6c                HAL_Init
 .text.HAL_IncTick
                0x08001be4       0x28 ./Drivers/STM32H7xx_HAL_Driver/stm32h7xx_hal.o
                0x08001be4                HAL_IncTick
 .text.HAL_GetTick
                0x08001c0c       0x18 ./Drivers/STM32H7xx_HAL_Driver/stm32h7xx_hal.o
                0x08001c0c                HAL_GetTick
 .text.HAL_Delay
                0x08001c24       0x48 ./Drivers/STM32H7xx_HAL_Driver/stm32h7xx_hal.o
                0x08001c24                HAL_Delay
 .text.HAL_GetREVID
                0x08001c6c       0x18 ./Drivers/STM32H7xx_HAL_Driver/stm32h7xx_hal.o
                0x08001c6c                HAL_GetREVID
 .text.LL_ADC_SetCommonClock
                0x08001c84       0x26 ./Drivers/STM32H7xx_HAL_Driver/stm32h7xx_hal_adc.o
 .text.LL_ADC_SetCommonPathInternalCh
                0x08001caa       0x26 ./Drivers/STM32H7xx_HAL_Driver/stm32h7xx_hal_adc.o
 .text.LL_ADC_GetCommonPathInternalCh
                0x08001cd0       0x1c ./Drivers/STM32H7xx_HAL_Driver/stm32h7xx_hal_adc.o
 .text.LL_ADC_SetChannelPreselection
                0x08001cec       0x66 ./Drivers/STM32H7xx_HAL_Driver/stm32h7xx_hal_adc.o
 .text.LL_ADC_SetOffset
                0x08001d52       0x40 ./Drivers/STM32H7xx_HAL_Driver/stm32h7xx_hal_adc.o
 .text.LL_ADC_SetDataRightShift
                0x08001d92       0x32 ./Drivers/STM32H7xx_HAL_Driver/stm32h7xx_hal_adc.o
 .text.LL_ADC_SetOffsetSignedSaturation
                0x08001dc4       0x36 ./Drivers/STM32H7xx_HAL_Driver/stm32h7xx_hal_adc.o
 .text.LL_ADC_REG_SetSequencerRanks
                0x08001dfa       0x58 ./Drivers/STM32H7xx_HAL_Driver/stm32h7xx_hal_adc.o
 .text.LL_ADC_SetChannelSamplingTime
                0x08001e52       0x56 ./Drivers/STM32H7xx_HAL_Driver/stm32h7xx_hal_adc.o
 .text.LL_ADC_SetChannelSingleDiff
                0x08001ea8       0x48 ./Drivers/STM32H7xx_HAL_Driver/stm32h7xx_hal_adc.o
 .text.LL_ADC_DisableDeepPowerDown
                0x08001ef0       0x24 ./Drivers/STM32H7xx_HAL_Driver/stm32h7xx_hal_adc.o
 .text.LL_ADC_IsDeepPowerDownEnabled
                0x08001f14       0x28 ./Drivers/STM32H7xx_HAL_Driver/stm32h7xx_hal_adc.o
 .text.LL_ADC_EnableInternalRegulator
                0x08001f3c       0x28 ./Drivers/STM32H7xx_HAL_Driver/stm32h7xx_hal_adc.o
 .text.LL_ADC_IsInternalRegulatorEnabled
                0x08001f64       0x28 ./Drivers/STM32H7xx_HAL_Driver/stm32h7xx_hal_adc.o
 .text.LL_ADC_IsEnabled
                0x08001f8c       0x26 ./Drivers/STM32H7xx_HAL_Driver/stm32h7xx_hal_adc.o
 .text.LL_ADC_REG_IsConversionOngoing
                0x08001fb2       0x26 ./Drivers/STM32H7xx_HAL_Driver/stm32h7xx_hal_adc.o
 .text.LL_ADC_INJ_IsConversionOngoing
                0x08001fd8       0x26 ./Drivers/STM32H7xx_HAL_Driver/stm32h7xx_hal_adc.o
 *fill*         0x08001ffe        0x2 
 .text.HAL_ADC_Init
                0x08002000      0x344 ./Drivers/STM32H7xx_HAL_Driver/stm32h7xx_hal_adc.o
                0x08002000                HAL_ADC_Init
 .text.HAL_ADC_ConfigChannel
                0x08002344      0x5e0 ./Drivers/STM32H7xx_HAL_Driver/stm32h7xx_hal_adc.o
                0x08002344                HAL_ADC_ConfigChannel
 .text.ADC_ConfigureBoostMode
                0x08002924      0x218 ./Drivers/STM32H7xx_HAL_Driver/stm32h7xx_hal_adc.o
                0x08002924                ADC_ConfigureBoostMode
 .text.LL_ADC_IsEnabled
                0x08002b3c       0x26 ./Drivers/STM32H7xx_HAL_Driver/stm32h7xx_hal_adc_ex.o
 .text.LL_ADC_REG_IsConversionOngoing
                0x08002b62       0x26 ./Drivers/STM32H7xx_HAL_Driver/stm32h7xx_hal_adc_ex.o
 .text.HAL_ADCEx_MultiModeConfigChannel
                0x08002b88      0x1bc ./Drivers/STM32H7xx_HAL_Driver/stm32h7xx_hal_adc_ex.o
                0x08002b88                HAL_ADCEx_MultiModeConfigChannel
 .text.__NVIC_SetPriorityGrouping
                0x08002d44       0x48 ./Drivers/STM32H7xx_HAL_Driver/stm32h7xx_hal_cortex.o
 .text.__NVIC_GetPriorityGrouping
                0x08002d8c       0x1c ./Drivers/STM32H7xx_HAL_Driver/stm32h7xx_hal_cortex.o
 .text.__NVIC_EnableIRQ
                0x08002da8       0x3c ./Drivers/STM32H7xx_HAL_Driver/stm32h7xx_hal_cortex.o
 .text.__NVIC_SetPriority
                0x08002de4       0x54 ./Drivers/STM32H7xx_HAL_Driver/stm32h7xx_hal_cortex.o
 .text.NVIC_EncodePriority
                0x08002e38       0x66 ./Drivers/STM32H7xx_HAL_Driver/stm32h7xx_hal_cortex.o
 .text.HAL_NVIC_SetPriorityGrouping
                0x08002e9e       0x16 ./Drivers/STM32H7xx_HAL_Driver/stm32h7xx_hal_cortex.o
                0x08002e9e                HAL_NVIC_SetPriorityGrouping
 .text.HAL_NVIC_SetPriority
                0x08002eb4       0x34 ./Drivers/STM32H7xx_HAL_Driver/stm32h7xx_hal_cortex.o
                0x08002eb4                HAL_NVIC_SetPriority
 .text.HAL_NVIC_EnableIRQ
                0x08002ee8       0x1c ./Drivers/STM32H7xx_HAL_Driver/stm32h7xx_hal_cortex.o
                0x08002ee8                HAL_NVIC_EnableIRQ
 .text.HAL_DMA_Abort
                0x08002f04      0x63c ./Drivers/STM32H7xx_HAL_Driver/stm32h7xx_hal_dma.o
                0x08002f04                HAL_DMA_Abort
 .text.HAL_DMA_Abort_IT
                0x08003540      0x48c ./Drivers/STM32H7xx_HAL_Driver/stm32h7xx_hal_dma.o
                0x08003540                HAL_DMA_Abort_IT
 .text.HAL_FDCAN_Init
                0x080039cc      0x3bc ./Drivers/STM32H7xx_HAL_Driver/stm32h7xx_hal_fdcan.o
                0x080039cc                HAL_FDCAN_Init
 .text.HAL_FDCAN_Start
                0x08003d88       0x56 ./Drivers/STM32H7xx_HAL_Driver/stm32h7xx_hal_fdcan.o
                0x08003d88                HAL_FDCAN_Start
 .text.HAL_FDCAN_AddMessageToTxFifoQ
                0x08003dde       0xb6 ./Drivers/STM32H7xx_HAL_Driver/stm32h7xx_hal_fdcan.o
                0x08003dde                HAL_FDCAN_AddMessageToTxFifoQ
 .text.FDCAN_CalcultateRamBlockAddresses
                0x08003e94      0x30c ./Drivers/STM32H7xx_HAL_Driver/stm32h7xx_hal_fdcan.o
 .text.FDCAN_CopyMessageToRAM
                0x080041a0       0xfc ./Drivers/STM32H7xx_HAL_Driver/stm32h7xx_hal_fdcan.o
 .text.HAL_GPIO_Init
                0x0800429c      0x360 ./Drivers/STM32H7xx_HAL_Driver/stm32h7xx_hal_gpio.o
                0x0800429c                HAL_GPIO_Init
 .text.HAL_GPIO_WritePin
                0x080045fc       0x32 ./Drivers/STM32H7xx_HAL_Driver/stm32h7xx_hal_gpio.o
                0x080045fc                HAL_GPIO_WritePin
 .text.HAL_GPIO_TogglePin
                0x0800462e       0x34 ./Drivers/STM32H7xx_HAL_Driver/stm32h7xx_hal_gpio.o
                0x0800462e                HAL_GPIO_TogglePin
 *fill*         0x08004662        0x2 
 .text.HAL_PWREx_ConfigSupply
                0x08004664       0xb4 ./Drivers/STM32H7xx_HAL_Driver/stm32h7xx_hal_pwr_ex.o
                0x08004664                HAL_PWREx_ConfigSupply
 .text.HAL_RCC_OscConfig
                0x08004718      0x8b4 ./Drivers/STM32H7xx_HAL_Driver/stm32h7xx_hal_rcc.o
                0x08004718                HAL_RCC_OscConfig
 .text.HAL_RCC_ClockConfig
                0x08004fcc      0x36c ./Drivers/STM32H7xx_HAL_Driver/stm32h7xx_hal_rcc.o
                0x08004fcc                HAL_RCC_ClockConfig
 .text.HAL_RCC_GetSysClockFreq
                0x08005338      0x2f4 ./Drivers/STM32H7xx_HAL_Driver/stm32h7xx_hal_rcc.o
                0x08005338                HAL_RCC_GetSysClockFreq
 .text.HAL_RCC_GetHCLKFreq
                0x0800562c       0x60 ./Drivers/STM32H7xx_HAL_Driver/stm32h7xx_hal_rcc.o
                0x0800562c                HAL_RCC_GetHCLKFreq
 .text.HAL_RCC_GetPCLK1Freq
                0x0800568c       0x2c ./Drivers/STM32H7xx_HAL_Driver/stm32h7xx_hal_rcc.o
                0x0800568c                HAL_RCC_GetPCLK1Freq
 .text.HAL_RCC_GetPCLK2Freq
                0x080056b8       0x2c ./Drivers/STM32H7xx_HAL_Driver/stm32h7xx_hal_rcc.o
                0x080056b8                HAL_RCC_GetPCLK2Freq
 .text.HAL_RCC_GetClockConfig
                0x080056e4       0x84 ./Drivers/STM32H7xx_HAL_Driver/stm32h7xx_hal_rcc.o
                0x080056e4                HAL_RCC_GetClockConfig
 .text.HAL_RCCEx_PeriphCLKConfig
                0x08005768     0x1414 ./Drivers/STM32H7xx_HAL_Driver/stm32h7xx_hal_rcc_ex.o
                0x08005768                HAL_RCCEx_PeriphCLKConfig
 .text.HAL_RCCEx_GetPeriphCLKFreq
                0x08006b7c      0xb00 ./Drivers/STM32H7xx_HAL_Driver/stm32h7xx_hal_rcc_ex.o
                0x08006b7c                HAL_RCCEx_GetPeriphCLKFreq
 .text.HAL_RCCEx_GetD3PCLK1Freq
                0x0800767c       0x2c ./Drivers/STM32H7xx_HAL_Driver/stm32h7xx_hal_rcc_ex.o
                0x0800767c                HAL_RCCEx_GetD3PCLK1Freq
 .text.HAL_RCCEx_GetPLL2ClockFreq
                0x080076a8      0x2a8 ./Drivers/STM32H7xx_HAL_Driver/stm32h7xx_hal_rcc_ex.o
                0x080076a8                HAL_RCCEx_GetPLL2ClockFreq
 .text.HAL_RCCEx_GetPLL3ClockFreq
                0x08007950      0x2a8 ./Drivers/STM32H7xx_HAL_Driver/stm32h7xx_hal_rcc_ex.o
                0x08007950                HAL_RCCEx_GetPLL3ClockFreq
 .text.HAL_RCCEx_GetPLL1ClockFreq
                0x08007bf8      0x2a4 ./Drivers/STM32H7xx_HAL_Driver/stm32h7xx_hal_rcc_ex.o
                0x08007bf8                HAL_RCCEx_GetPLL1ClockFreq
 .text.RCCEx_PLL2_Config
                0x08007e9c      0x164 ./Drivers/STM32H7xx_HAL_Driver/stm32h7xx_hal_rcc_ex.o
 .text.RCCEx_PLL3_Config
                0x08008000      0x164 ./Drivers/STM32H7xx_HAL_Driver/stm32h7xx_hal_rcc_ex.o
 .text.HAL_TIM_Base_Init
                0x08008164       0xae ./Drivers/STM32H7xx_HAL_Driver/stm32h7xx_hal_tim.o
                0x08008164                HAL_TIM_Base_Init
 .text.HAL_TIM_Base_MspInit
                0x08008212       0x14 ./Drivers/STM32H7xx_HAL_Driver/stm32h7xx_hal_tim.o
                0x08008212                HAL_TIM_Base_MspInit
 *fill*         0x08008226        0x2 
 .text.HAL_TIM_Base_Start_IT
                0x08008228       0xf0 ./Drivers/STM32H7xx_HAL_Driver/stm32h7xx_hal_tim.o
                0x08008228                HAL_TIM_Base_Start_IT
 .text.HAL_TIM_IRQHandler
                0x08008318      0x20e ./Drivers/STM32H7xx_HAL_Driver/stm32h7xx_hal_tim.o
                0x08008318                HAL_TIM_IRQHandler
 .text.HAL_TIM_OC_DelayElapsedCallback
                0x08008526       0x14 ./Drivers/STM32H7xx_HAL_Driver/stm32h7xx_hal_tim.o
                0x08008526                HAL_TIM_OC_DelayElapsedCallback
 .text.HAL_TIM_IC_CaptureCallback
                0x0800853a       0x14 ./Drivers/STM32H7xx_HAL_Driver/stm32h7xx_hal_tim.o
                0x0800853a                HAL_TIM_IC_CaptureCallback
 .text.HAL_TIM_PWM_PulseFinishedCallback
                0x0800854e       0x14 ./Drivers/STM32H7xx_HAL_Driver/stm32h7xx_hal_tim.o
                0x0800854e                HAL_TIM_PWM_PulseFinishedCallback
 .text.HAL_TIM_TriggerCallback
                0x08008562       0x14 ./Drivers/STM32H7xx_HAL_Driver/stm32h7xx_hal_tim.o
                0x08008562                HAL_TIM_TriggerCallback
 *fill*         0x08008576        0x2 
 .text.TIM_Base_SetConfig
                0x08008578      0x140 ./Drivers/STM32H7xx_HAL_Driver/stm32h7xx_hal_tim.o
                0x08008578                TIM_Base_SetConfig
 .text.HAL_TIMEx_CommutCallback
                0x080086b8       0x14 ./Drivers/STM32H7xx_HAL_Driver/stm32h7xx_hal_tim_ex.o
                0x080086b8                HAL_TIMEx_CommutCallback
 .text.HAL_TIMEx_BreakCallback
                0x080086cc       0x14 ./Drivers/STM32H7xx_HAL_Driver/stm32h7xx_hal_tim_ex.o
                0x080086cc                HAL_TIMEx_BreakCallback
 .text.HAL_TIMEx_Break2Callback
                0x080086e0       0x14 ./Drivers/STM32H7xx_HAL_Driver/stm32h7xx_hal_tim_ex.o
                0x080086e0                HAL_TIMEx_Break2Callback
 .text.HAL_UART_Init
                0x080086f4       0xa0 ./Drivers/STM32H7xx_HAL_Driver/stm32h7xx_hal_uart.o
                0x080086f4                HAL_UART_Init
 .text.HAL_UART_Transmit
                0x08008794      0x11c ./Drivers/STM32H7xx_HAL_Driver/stm32h7xx_hal_uart.o
                0x08008794                HAL_UART_Transmit
 .text.HAL_UART_Transmit_IT
                0x080088b0      0x128 ./Drivers/STM32H7xx_HAL_Driver/stm32h7xx_hal_uart.o
                0x080088b0                HAL_UART_Transmit_IT
 .text.HAL_UART_Receive_IT
                0x080089d8       0x98 ./Drivers/STM32H7xx_HAL_Driver/stm32h7xx_hal_uart.o
                0x080089d8                HAL_UART_Receive_IT
 .text.HAL_UART_IRQHandler
                0x08008a70      0x7ac ./Drivers/STM32H7xx_HAL_Driver/stm32h7xx_hal_uart.o
                0x08008a70                HAL_UART_IRQHandler
 .text.HAL_UART_TxCpltCallback
                0x0800921c       0x14 ./Drivers/STM32H7xx_HAL_Driver/stm32h7xx_hal_uart.o
                0x0800921c                HAL_UART_TxCpltCallback
 .text.HAL_UART_ErrorCallback
                0x08009230       0x14 ./Drivers/STM32H7xx_HAL_Driver/stm32h7xx_hal_uart.o
                0x08009230                HAL_UART_ErrorCallback
 .text.HAL_UARTEx_RxEventCallback
                0x08009244       0x18 ./Drivers/STM32H7xx_HAL_Driver/stm32h7xx_hal_uart.o
                0x08009244                HAL_UARTEx_RxEventCallback
 .text.UART_SetConfig
                0x0800925c      0xad0 ./Drivers/STM32H7xx_HAL_Driver/stm32h7xx_hal_uart.o
                0x0800925c                UART_SetConfig
 .text.UART_AdvFeatureConfig
                0x08009d2c      0x144 ./Drivers/STM32H7xx_HAL_Driver/stm32h7xx_hal_uart.o
                0x08009d2c                UART_AdvFeatureConfig
 .text.UART_CheckIdleState
                0x08009e70      0x154 ./Drivers/STM32H7xx_HAL_Driver/stm32h7xx_hal_uart.o
                0x08009e70                UART_CheckIdleState
 .text.UART_WaitOnFlagUntilTimeout
                0x08009fc4       0xda ./Drivers/STM32H7xx_HAL_Driver/stm32h7xx_hal_uart.o
                0x08009fc4                UART_WaitOnFlagUntilTimeout
 *fill*         0x0800a09e        0x2 
 .text.UART_Start_Receive_IT
                0x0800a0a0      0x244 ./Drivers/STM32H7xx_HAL_Driver/stm32h7xx_hal_uart.o
                0x0800a0a0                UART_Start_Receive_IT
 .text.UART_EndRxTransfer
                0x0800a2e4       0xcc ./Drivers/STM32H7xx_HAL_Driver/stm32h7xx_hal_uart.o
 .text.UART_DMAAbortOnError
                0x0800a3b0       0x24 ./Drivers/STM32H7xx_HAL_Driver/stm32h7xx_hal_uart.o
 .text.UART_TxISR_8BIT
                0x0800a3d4       0xb8 ./Drivers/STM32H7xx_HAL_Driver/stm32h7xx_hal_uart.o
 .text.UART_TxISR_16BIT
                0x0800a48c       0xc2 ./Drivers/STM32H7xx_HAL_Driver/stm32h7xx_hal_uart.o
 .text.UART_TxISR_8BIT_FIFOEN
                0x0800a54e       0xe0 ./Drivers/STM32H7xx_HAL_Driver/stm32h7xx_hal_uart.o
 .text.UART_TxISR_16BIT_FIFOEN
                0x0800a62e       0xea ./Drivers/STM32H7xx_HAL_Driver/stm32h7xx_hal_uart.o
 .text.UART_EndTransmit_IT
                0x0800a718       0x56 ./Drivers/STM32H7xx_HAL_Driver/stm32h7xx_hal_uart.o
 *fill*         0x0800a76e        0x2 
 .text.UART_RxISR_8BIT
                0x0800a770      0x1b8 ./Drivers/STM32H7xx_HAL_Driver/stm32h7xx_hal_uart.o
 .text.UART_RxISR_16BIT
                0x0800a928      0x1b8 ./Drivers/STM32H7xx_HAL_Driver/stm32h7xx_hal_uart.o
 .text.UART_RxISR_8BIT_FIFOEN
                0x0800aae0      0x364 ./Drivers/STM32H7xx_HAL_Driver/stm32h7xx_hal_uart.o
 .text.UART_RxISR_16BIT_FIFOEN
                0x0800ae44      0x36c ./Drivers/STM32H7xx_HAL_Driver/stm32h7xx_hal_uart.o
 .text.HAL_UARTEx_WakeupCallback
                0x0800b1b0       0x14 ./Drivers/STM32H7xx_HAL_Driver/stm32h7xx_hal_uart_ex.o
                0x0800b1b0                HAL_UARTEx_WakeupCallback
 .text.HAL_UARTEx_RxFifoFullCallback
                0x0800b1c4       0x14 ./Drivers/STM32H7xx_HAL_Driver/stm32h7xx_hal_uart_ex.o
                0x0800b1c4                HAL_UARTEx_RxFifoFullCallback
 .text.HAL_UARTEx_TxFifoEmptyCallback
                0x0800b1d8       0x14 ./Drivers/STM32H7xx_HAL_Driver/stm32h7xx_hal_uart_ex.o
                0x0800b1d8                HAL_UARTEx_TxFifoEmptyCallback
 .text.HAL_UARTEx_DisableFifoMode
                0x0800b1ec       0x72 ./Drivers/STM32H7xx_HAL_Driver/stm32h7xx_hal_uart_ex.o
                0x0800b1ec                HAL_UARTEx_DisableFifoMode
 .text.HAL_UARTEx_SetTxFifoThreshold
                0x0800b25e       0x7c ./Drivers/STM32H7xx_HAL_Driver/stm32h7xx_hal_uart_ex.o
                0x0800b25e                HAL_UARTEx_SetTxFifoThreshold
 .text.HAL_UARTEx_SetRxFifoThreshold
                0x0800b2da       0x7c ./Drivers/STM32H7xx_HAL_Driver/stm32h7xx_hal_uart_ex.o
                0x0800b2da                HAL_UARTEx_SetRxFifoThreshold
 *fill*         0x0800b356        0x2 
 .text.UARTEx_SetNbDataToProcess
                0x0800b358       0x9c ./Drivers/STM32H7xx_HAL_Driver/stm32h7xx_hal_uart_ex.o
 .text.__NVIC_SetPriority
                0x0800b3f4       0x54 ./Middlewares/Third_Party/FreeRTOS/cmsis_os2.o
 .text.SysTick_Handler
                0x0800b448       0x20 ./Middlewares/Third_Party/FreeRTOS/cmsis_os2.o
                0x0800b448                SysTick_Handler
 .text.SVC_Setup
                0x0800b468       0x12 ./Middlewares/Third_Party/FreeRTOS/cmsis_os2.o
 *fill*         0x0800b47a        0x2 
 .text.osKernelInitialize
                0x0800b47c       0x48 ./Middlewares/Third_Party/FreeRTOS/cmsis_os2.o
                0x0800b47c                osKernelInitialize
 .text.osKernelStart
                0x0800b4c4       0x4c ./Middlewares/Third_Party/FreeRTOS/cmsis_os2.o
                0x0800b4c4                osKernelStart
 .text.osThreadNew
                0x0800b510      0x124 ./Middlewares/Third_Party/FreeRTOS/cmsis_os2.o
                0x0800b510                osThreadNew
 .text.osDelay  0x0800b634       0x36 ./Middlewares/Third_Party/FreeRTOS/cmsis_os2.o
                0x0800b634                osDelay
 *fill*         0x0800b66a        0x2 
 .text.vApplicationGetIdleTaskMemory
                0x0800b66c       0x34 ./Middlewares/Third_Party/FreeRTOS/cmsis_os2.o
                0x0800b66c                vApplicationGetIdleTaskMemory
 .text.vApplicationGetTimerTaskMemory
                0x0800b6a0       0x34 ./Middlewares/Third_Party/FreeRTOS/cmsis_os2.o
                0x0800b6a0                vApplicationGetTimerTaskMemory
 .text.pvPortMalloc
                0x0800b6d4      0x19c ./Middlewares/Third_Party/FreeRTOS/heap_4.o
                0x0800b6d4                pvPortMalloc
 .text.vPortFree
                0x0800b870       0xc8 ./Middlewares/Third_Party/FreeRTOS/heap_4.o
                0x0800b870                vPortFree
 .text.prvHeapInit
                0x0800b938       0xc4 ./Middlewares/Third_Party/FreeRTOS/heap_4.o
 .text.prvInsertBlockIntoFreeList
                0x0800b9fc       0xb4 ./Middlewares/Third_Party/FreeRTOS/heap_4.o
 .text.vListInitialise
                0x0800bab0       0x40 ./Middlewares/Third_Party/FreeRTOS/list.o
                0x0800bab0                vListInitialise
 .text.vListInitialiseItem
                0x0800baf0       0x1a ./Middlewares/Third_Party/FreeRTOS/list.o
                0x0800baf0                vListInitialiseItem
 .text.vListInsertEnd
                0x0800bb0a       0x48 ./Middlewares/Third_Party/FreeRTOS/list.o
                0x0800bb0a                vListInsertEnd
 .text.vListInsert
                0x0800bb52       0x72 ./Middlewares/Third_Party/FreeRTOS/list.o
                0x0800bb52                vListInsert
 .text.uxListRemove
                0x0800bbc4       0x54 ./Middlewares/Third_Party/FreeRTOS/list.o
                0x0800bbc4                uxListRemove
 .text.pxPortInitialiseStack
                0x0800bc18       0x68 ./Middlewares/Third_Party/FreeRTOS/port.o
                0x0800bc18                pxPortInitialiseStack
 .text.prvTaskExitError
                0x0800bc80       0x5c ./Middlewares/Third_Party/FreeRTOS/port.o
 *fill*         0x0800bcdc        0x4 
 .text.SVC_Handler
                0x0800bce0       0x28 ./Middlewares/Third_Party/FreeRTOS/port.o
                0x0800bce0                SVC_Handler
 .text.prvPortStartFirstTask
                0x0800bd08       0x28 ./Middlewares/Third_Party/FreeRTOS/port.o
 .text.xPortStartScheduler
                0x0800bd30      0x148 ./Middlewares/Third_Party/FreeRTOS/port.o
                0x0800bd30                xPortStartScheduler
 .text.vPortEnterCritical
                0x0800be78       0x64 ./Middlewares/Third_Party/FreeRTOS/port.o
                0x0800be78                vPortEnterCritical
 .text.vPortExitCritical
                0x0800bedc       0x54 ./Middlewares/Third_Party/FreeRTOS/port.o
                0x0800bedc                vPortExitCritical
 .text.PendSV_Handler
                0x0800bf30       0x68 ./Middlewares/Third_Party/FreeRTOS/port.o
                0x0800bf30                PendSV_Handler
 .text.xPortSysTickHandler
                0x0800bf98       0x44 ./Middlewares/Third_Party/FreeRTOS/port.o
                0x0800bf98                xPortSysTickHandler
 .text.vPortSetupTimerInterrupt
                0x0800bfdc       0x48 ./Middlewares/Third_Party/FreeRTOS/port.o
                0x0800bfdc                vPortSetupTimerInterrupt
 .text.vPortEnableVFP
                0x0800c024       0x14 ./Middlewares/Third_Party/FreeRTOS/port.o
 .text.vPortValidateInterruptPriority
                0x0800c038       0x84 ./Middlewares/Third_Party/FreeRTOS/port.o
                0x0800c038                vPortValidateInterruptPriority
 .text.xQueueGenericReset
                0x0800c0bc       0xd4 ./Middlewares/Third_Party/FreeRTOS/queue.o
                0x0800c0bc                xQueueGenericReset
 .text.xQueueGenericCreateStatic
                0x0800c190       0xfa ./Middlewares/Third_Party/FreeRTOS/queue.o
                0x0800c190                xQueueGenericCreateStatic
 .text.prvInitialiseNewQueue
                0x0800c28a       0x46 ./Middlewares/Third_Party/FreeRTOS/queue.o
 .text.xQueueGenericSend
                0x0800c2d0      0x204 ./Middlewares/Third_Party/FreeRTOS/queue.o
                0x0800c2d0                xQueueGenericSend
 .text.xQueueGenericSendFromISR
                0x0800c4d4      0x13c ./Middlewares/Third_Party/FreeRTOS/queue.o
                0x0800c4d4                xQueueGenericSendFromISR
 .text.xQueueReceive
                0x0800c610      0x1c4 ./Middlewares/Third_Party/FreeRTOS/queue.o
                0x0800c610                xQueueReceive
 .text.prvCopyDataToQueue
                0x0800c7d4       0xd4 ./Middlewares/Third_Party/FreeRTOS/queue.o
 .text.prvCopyDataFromQueue
                0x0800c8a8       0x4c ./Middlewares/Third_Party/FreeRTOS/queue.o
 .text.prvUnlockQueue
                0x0800c8f4       0xa4 ./Middlewares/Third_Party/FreeRTOS/queue.o
 .text.prvIsQueueEmpty
                0x0800c998       0x2c ./Middlewares/Third_Party/FreeRTOS/queue.o
 .text.prvIsQueueFull
                0x0800c9c4       0x30 ./Middlewares/Third_Party/FreeRTOS/queue.o
 .text.vQueueAddToRegistry
                0x0800c9f4       0x54 ./Middlewares/Third_Party/FreeRTOS/queue.o
                0x0800c9f4                vQueueAddToRegistry
 .text.vQueueWaitForMessageRestricted
                0x0800ca48       0x68 ./Middlewares/Third_Party/FreeRTOS/queue.o
                0x0800ca48                vQueueWaitForMessageRestricted
 .text.xTaskCreateStatic
                0x0800cab0       0xc0 ./Middlewares/Third_Party/FreeRTOS/tasks.o
                0x0800cab0                xTaskCreateStatic
 .text.xTaskCreate
                0x0800cb70       0x8a ./Middlewares/Third_Party/FreeRTOS/tasks.o
                0x0800cb70                xTaskCreate
 *fill*         0x0800cbfa        0x2 
 .text.prvInitialiseNewTask
                0x0800cbfc      0x150 ./Middlewares/Third_Party/FreeRTOS/tasks.o
 .text.prvAddNewTaskToReadyList
                0x0800cd4c       0xe0 ./Middlewares/Third_Party/FreeRTOS/tasks.o
 .text.vTaskDelay
                0x0800ce2c       0x6c ./Middlewares/Third_Party/FreeRTOS/tasks.o
                0x0800ce2c                vTaskDelay
 .text.vTaskStartScheduler
                0x0800ce98       0xe0 ./Middlewares/Third_Party/FreeRTOS/tasks.o
                0x0800ce98                vTaskStartScheduler
 .text.vTaskSuspendAll
                0x0800cf78       0x1c ./Middlewares/Third_Party/FreeRTOS/tasks.o
                0x0800cf78                vTaskSuspendAll
 .text.xTaskResumeAll
                0x0800cf94      0x13c ./Middlewares/Third_Party/FreeRTOS/tasks.o
                0x0800cf94                xTaskResumeAll
 .text.xTaskGetTickCount
                0x0800d0d0       0x20 ./Middlewares/Third_Party/FreeRTOS/tasks.o
                0x0800d0d0                xTaskGetTickCount
 .text.xTaskIncrementTick
                0x0800d0f0      0x174 ./Middlewares/Third_Party/FreeRTOS/tasks.o
                0x0800d0f0                xTaskIncrementTick
 .text.vTaskSwitchContext
                0x0800d264       0xcc ./Middlewares/Third_Party/FreeRTOS/tasks.o
                0x0800d264                vTaskSwitchContext
 .text.vTaskPlaceOnEventList
                0x0800d330       0x4c ./Middlewares/Third_Party/FreeRTOS/tasks.o
                0x0800d330                vTaskPlaceOnEventList
 .text.vTaskPlaceOnEventListRestricted
                0x0800d37c       0x58 ./Middlewares/Third_Party/FreeRTOS/tasks.o
                0x0800d37c                vTaskPlaceOnEventListRestricted
 .text.xTaskRemoveFromEventList
                0x0800d3d4       0xc8 ./Middlewares/Third_Party/FreeRTOS/tasks.o
                0x0800d3d4                xTaskRemoveFromEventList
 .text.vTaskInternalSetTimeOutState
                0x0800d49c       0x2c ./Middlewares/Third_Party/FreeRTOS/tasks.o
                0x0800d49c                vTaskInternalSetTimeOutState
 .text.xTaskCheckForTimeOut
                0x0800d4c8       0xc8 ./Middlewares/Third_Party/FreeRTOS/tasks.o
                0x0800d4c8                xTaskCheckForTimeOut
 .text.vTaskMissedYield
                0x0800d590       0x18 ./Middlewares/Third_Party/FreeRTOS/tasks.o
                0x0800d590                vTaskMissedYield
 .text.prvIdleTask
                0x0800d5a8       0x30 ./Middlewares/Third_Party/FreeRTOS/tasks.o
 .text.prvInitialiseTaskLists
                0x0800d5d8       0x80 ./Middlewares/Third_Party/FreeRTOS/tasks.o
 .text.prvCheckTasksWaitingTermination
                0x0800d658       0x5c ./Middlewares/Third_Party/FreeRTOS/tasks.o
 .text.prvDeleteTCB
                0x0800d6b4       0x6a ./Middlewares/Third_Party/FreeRTOS/tasks.o
 *fill*         0x0800d71e        0x2 
 .text.prvResetNextTaskUnblockTime
                0x0800d720       0x40 ./Middlewares/Third_Party/FreeRTOS/tasks.o
 .text.xTaskGetSchedulerState
                0x0800d760       0x3c ./Middlewares/Third_Party/FreeRTOS/tasks.o
                0x0800d760                xTaskGetSchedulerState
 .text.xTaskPriorityDisinherit
                0x0800d79c       0xe0 ./Middlewares/Third_Party/FreeRTOS/tasks.o
                0x0800d79c                xTaskPriorityDisinherit
 .text.prvAddCurrentTaskToDelayedList
                0x0800d87c       0xa8 ./Middlewares/Third_Party/FreeRTOS/tasks.o
 .text.xTimerCreateTimerTask
                0x0800d924       0x94 ./Middlewares/Third_Party/FreeRTOS/timers.o
                0x0800d924                xTimerCreateTimerTask
 .text.xTimerGenericCommand
                0x0800d9b8       0x9c ./Middlewares/Third_Party/FreeRTOS/timers.o
                0x0800d9b8                xTimerGenericCommand
 .text.prvProcessExpiredTimer
                0x0800da54       0x9c ./Middlewares/Third_Party/FreeRTOS/timers.o
 .text.prvTimerTask
                0x0800daf0       0x26 ./Middlewares/Third_Party/FreeRTOS/timers.o
 *fill*         0x0800db16        0x2 
 .text.prvProcessTimerOrBlockTask
                0x0800db18       0x9c ./Middlewares/Third_Party/FreeRTOS/timers.o
 .text.prvGetNextExpireTime
                0x0800dbb4       0x48 ./Middlewares/Third_Party/FreeRTOS/timers.o
 .text.prvSampleTimeNow
                0x0800dbfc       0x40 ./Middlewares/Third_Party/FreeRTOS/timers.o
 .text.prvInsertTimerInActiveList
                0x0800dc3c       0x84 ./Middlewares/Third_Party/FreeRTOS/timers.o
 .text.prvProcessReceivedCommands
                0x0800dcc0      0x1cc ./Middlewares/Third_Party/FreeRTOS/timers.o
 .text.prvSwitchTimerLists
                0x0800de8c       0xcc ./Middlewares/Third_Party/FreeRTOS/timers.o
 .text.prvCheckForValidListAndQueue
                0x0800df58       0x80 ./Middlewares/Third_Party/FreeRTOS/timers.o
 .text.__malloc_lock
                0x0800dfd8        0xc C:/ST/STM32CubeIDE_1.19.0/STM32CubeIDE/plugins/com.st.stm32cube.ide.mcu.externaltools.gnu-tools-for-stm32.13.3.rel1.win32_1.0.0.202411081344/tools/bin/../lib/gcc/arm-none-eabi/13.3.1/../../../../arm-none-eabi/lib/thumb/v7e-m+dp/hard\libc_nano.a(libc_a-mlock.o)
                0x0800dfd8                __malloc_lock
 .text.__malloc_unlock
                0x0800dfe4        0xc C:/ST/STM32CubeIDE_1.19.0/STM32CubeIDE/plugins/com.st.stm32cube.ide.mcu.externaltools.gnu-tools-for-stm32.13.3.rel1.win32_1.0.0.202411081344/tools/bin/../lib/gcc/arm-none-eabi/13.3.1/../../../../arm-none-eabi/lib/thumb/v7e-m+dp/hard\libc_nano.a(libc_a-mlock.o)
                0x0800dfe4                __malloc_unlock
 .text.memset   0x0800dff0       0x10 C:/ST/STM32CubeIDE_1.19.0/STM32CubeIDE/plugins/com.st.stm32cube.ide.mcu.externaltools.gnu-tools-for-stm32.13.3.rel1.win32_1.0.0.202411081344/tools/bin/../lib/gcc/arm-none-eabi/13.3.1/../../../../arm-none-eabi/lib/thumb/v7e-m+dp/hard\libc_nano.a(libc_a-memset.o)
                0x0800dff0                memset
 .text._reclaim_reent
                0x0800e000       0xbc C:/ST/STM32CubeIDE_1.19.0/STM32CubeIDE/plugins/com.st.stm32cube.ide.mcu.externaltools.gnu-tools-for-stm32.13.3.rel1.win32_1.0.0.202411081344/tools/bin/../lib/gcc/arm-none-eabi/13.3.1/../../../../arm-none-eabi/lib/thumb/v7e-m+dp/hard\libc_nano.a(libc_a-reent.o)
                0x0800e000                _reclaim_reent
 .text.__libc_init_array
                0x0800e0bc       0x48 C:/ST/STM32CubeIDE_1.19.0/STM32CubeIDE/plugins/com.st.stm32cube.ide.mcu.externaltools.gnu-tools-for-stm32.13.3.rel1.win32_1.0.0.202411081344/tools/bin/../lib/gcc/arm-none-eabi/13.3.1/../../../../arm-none-eabi/lib/thumb/v7e-m+dp/hard\libc_nano.a(libc_a-init.o)
                0x0800e0bc                __libc_init_array
 .text.__retarget_lock_acquire_recursive
                0x0800e104        0x2 C:/ST/STM32CubeIDE_1.19.0/STM32CubeIDE/plugins/com.st.stm32cube.ide.mcu.externaltools.gnu-tools-for-stm32.13.3.rel1.win32_1.0.0.202411081344/tools/bin/../lib/gcc/arm-none-eabi/13.3.1/../../../../arm-none-eabi/lib/thumb/v7e-m+dp/hard\libc_nano.a(libc_a-lock.o)
                0x0800e104                __retarget_lock_acquire_recursive
 .text.__retarget_lock_release_recursive
                0x0800e106        0x2 C:/ST/STM32CubeIDE_1.19.0/STM32CubeIDE/plugins/com.st.stm32cube.ide.mcu.externaltools.gnu-tools-for-stm32.13.3.rel1.win32_1.0.0.202411081344/tools/bin/../lib/gcc/arm-none-eabi/13.3.1/../../../../arm-none-eabi/lib/thumb/v7e-m+dp/hard\libc_nano.a(libc_a-lock.o)
                0x0800e106                __retarget_lock_release_recursive
 .text.memcpy   0x0800e108       0x1c C:/ST/STM32CubeIDE_1.19.0/STM32CubeIDE/plugins/com.st.stm32cube.ide.mcu.externaltools.gnu-tools-for-stm32.13.3.rel1.win32_1.0.0.202411081344/tools/bin/../lib/gcc/arm-none-eabi/13.3.1/../../../../arm-none-eabi/lib/thumb/v7e-m+dp/hard\libc_nano.a(libc_a-memcpy-stub.o)
                0x0800e108                memcpy
 .text._free_r  0x0800e124       0x94 C:/ST/STM32CubeIDE_1.19.0/STM32CubeIDE/plugins/com.st.stm32cube.ide.mcu.externaltools.gnu-tools-for-stm32.13.3.rel1.win32_1.0.0.202411081344/tools/bin/../lib/gcc/arm-none-eabi/13.3.1/../../../../arm-none-eabi/lib/thumb/v7e-m+dp/hard\libc_nano.a(libc_a-freer.o)
                0x0800e124                _free_r
 *(.glue_7)
 .glue_7        0x0800e1b8        0x0 linker stubs
 *(.glue_7t)
 .glue_7t       0x0800e1b8        0x0 linker stubs
 *(.eh_frame)
 .eh_frame      0x0800e1b8        0x0 C:/ST/STM32CubeIDE_1.19.0/STM32CubeIDE/plugins/com.st.stm32cube.ide.mcu.externaltools.gnu-tools-for-stm32.13.3.rel1.win32_1.0.0.202411081344/tools/bin/../lib/gcc/arm-none-eabi/13.3.1/thumb/v7e-m+dp/hard/crtbegin.o
 *(.init)
 .init          0x0800e1b8        0x4 C:/ST/STM32CubeIDE_1.19.0/STM32CubeIDE/plugins/com.st.stm32cube.ide.mcu.externaltools.gnu-tools-for-stm32.13.3.rel1.win32_1.0.0.202411081344/tools/bin/../lib/gcc/arm-none-eabi/13.3.1/thumb/v7e-m+dp/hard/crti.o
                0x0800e1b8                _init
 .init          0x0800e1bc        0x8 C:/ST/STM32CubeIDE_1.19.0/STM32CubeIDE/plugins/com.st.stm32cube.ide.mcu.externaltools.gnu-tools-for-stm32.13.3.rel1.win32_1.0.0.202411081344/tools/bin/../lib/gcc/arm-none-eabi/13.3.1/thumb/v7e-m+dp/hard/crtn.o
 *(.fini)
 .fini          0x0800e1c4        0x4 C:/ST/STM32CubeIDE_1.19.0/STM32CubeIDE/plugins/com.st.stm32cube.ide.mcu.externaltools.gnu-tools-for-stm32.13.3.rel1.win32_1.0.0.202411081344/tools/bin/../lib/gcc/arm-none-eabi/13.3.1/thumb/v7e-m+dp/hard/crti.o
                0x0800e1c4                _fini
 .fini          0x0800e1c8        0x8 C:/ST/STM32CubeIDE_1.19.0/STM32CubeIDE/plugins/com.st.stm32cube.ide.mcu.externaltools.gnu-tools-for-stm32.13.3.rel1.win32_1.0.0.202411081344/tools/bin/../lib/gcc/arm-none-eabi/13.3.1/thumb/v7e-m+dp/hard/crtn.o
                0x0800e1d0                        . = ALIGN (0x4)
                0x0800e1d0                        _etext = .

.vfp11_veneer   0x0800e1d0        0x0
 .vfp11_veneer  0x0800e1d0        0x0 linker stubs

.v4_bx          0x0800e1d0        0x0
 .v4_bx         0x0800e1d0        0x0 linker stubs

.iplt           0x0800e1d0        0x0
 .iplt          0x0800e1d0        0x0 C:/ST/STM32CubeIDE_1.19.0/STM32CubeIDE/plugins/com.st.stm32cube.ide.mcu.externaltools.gnu-tools-for-stm32.13.3.rel1.win32_1.0.0.202411081344/tools/bin/../lib/gcc/arm-none-eabi/13.3.1/thumb/v7e-m+dp/hard/crtbegin.o

.rodata         0x0800e1d0      0x1b0
                0x0800e1d0                        . = ALIGN (0x4)
 *(.rodata)
 .rodata        0x0800e1d0       0x1c ./Core/Src/TalonFX.o
 .rodata        0x0800e1ec        0x3 ./Core/Src/fdcan.o
 *fill*         0x0800e1ef        0x1 
 .rodata        0x0800e1f0       0x59 ./Core/Src/freertos.o
 *fill*         0x0800e249        0x3 
 .rodata        0x0800e24c       0x1c ./Core/Src/main.o
 .rodata        0x0800e268       0x4c ./Drivers/STM32H7xx_HAL_Driver/stm32h7xx_hal_fdcan.o
 .rodata        0x0800e2b4        0x5 ./Middlewares/Third_Party/FreeRTOS/tasks.o
 *fill*         0x0800e2b9        0x3 
 .rodata        0x0800e2bc        0xd ./Middlewares/Third_Party/FreeRTOS/timers.o
 *(.rodata*)
 *fill*         0x0800e2c9        0x3 
 .rodata.D1CorePrescTable
                0x0800e2cc       0x10 ./Common/Src/system_stm32h7xx_dualcore_boot_cm4_cm7.o
                0x0800e2cc                D1CorePrescTable
 .rodata.ControlTask_attributes
                0x0800e2dc       0x24 ./Core/Src/freertos.o
                0x0800e2dc                ControlTask_attributes
 .rodata.FeedbackTask_attributes
                0x0800e300       0x24 ./Core/Src/freertos.o
                0x0800e300                FeedbackTask_attributes
 .rodata.ADCTask_attributes
                0x0800e324       0x24 ./Core/Src/freertos.o
                0x0800e324                ADCTask_attributes
 .rodata.DLCtoBytes
                0x0800e348       0x10 ./Drivers/STM32H7xx_HAL_Driver/stm32h7xx_hal_fdcan.o
 .rodata.UARTPrescTable
                0x0800e358       0x18 ./Drivers/STM32H7xx_HAL_Driver/stm32h7xx_hal_uart.o
                0x0800e358                UARTPrescTable
 .rodata.numerator.1
                0x0800e370        0x8 ./Drivers/STM32H7xx_HAL_Driver/stm32h7xx_hal_uart_ex.o
 .rodata.denominator.0
                0x0800e378        0x8 ./Drivers/STM32H7xx_HAL_Driver/stm32h7xx_hal_uart_ex.o
                0x0800e380                        . = ALIGN (0x4)

.ARM.extab      0x0800e380        0x0
                0x0800e380                        . = ALIGN (0x4)
 *(.ARM.extab* .gnu.linkonce.armextab.*)
                0x0800e380                        . = ALIGN (0x4)

.ARM            0x0800e380        0x8
                0x0800e380                        . = ALIGN (0x4)
                0x0800e380                        __exidx_start = .
 *(.ARM.exidx*)
 .ARM.exidx     0x0800e380        0x8 C:/ST/STM32CubeIDE_1.19.0/STM32CubeIDE/plugins/com.st.stm32cube.ide.mcu.externaltools.gnu-tools-for-stm32.13.3.rel1.win32_1.0.0.202411081344/tools/bin/../lib/gcc/arm-none-eabi/13.3.1/../../../../arm-none-eabi/lib/thumb/v7e-m+dp/hard\libc_nano.a(libc_a-strlen.o)
 .ARM.exidx     0x0800e388        0x0 C:/ST/STM32CubeIDE_1.19.0/STM32CubeIDE/plugins/com.st.stm32cube.ide.mcu.externaltools.gnu-tools-for-stm32.13.3.rel1.win32_1.0.0.202411081344/tools/bin/../lib/gcc/arm-none-eabi/13.3.1/thumb/v7e-m+dp/hard\libgcc.a(_udivmoddi4.o)
                                  0x8 (size before relaxing)
                0x0800e388                        __exidx_end = .
                0x0800e388                        . = ALIGN (0x4)

.preinit_array  0x0800e388        0x0
                0x0800e388                        . = ALIGN (0x4)
                0x0800e388                        PROVIDE (__preinit_array_start = .)
 *(.preinit_array*)
                0x0800e388                        PROVIDE (__preinit_array_end = .)
                0x0800e388                        . = ALIGN (0x4)

.init_array     0x0800e388        0x4
                0x0800e388                        . = ALIGN (0x4)
                0x0800e388                        PROVIDE (__init_array_start = .)
 *(SORT_BY_NAME(.init_array.*))
 *(.init_array*)
 .init_array    0x0800e388        0x4 C:/ST/STM32CubeIDE_1.19.0/STM32CubeIDE/plugins/com.st.stm32cube.ide.mcu.externaltools.gnu-tools-for-stm32.13.3.rel1.win32_1.0.0.202411081344/tools/bin/../lib/gcc/arm-none-eabi/13.3.1/thumb/v7e-m+dp/hard/crtbegin.o
                0x0800e38c                        PROVIDE (__init_array_end = .)
                0x0800e38c                        . = ALIGN (0x4)

.fini_array     0x0800e38c        0x4
                0x0800e38c                        . = ALIGN (0x4)
                [!provide]                        PROVIDE (__fini_array_start = .)
 *(SORT_BY_NAME(.fini_array.*))
 *(.fini_array*)
 .fini_array    0x0800e38c        0x4 C:/ST/STM32CubeIDE_1.19.0/STM32CubeIDE/plugins/com.st.stm32cube.ide.mcu.externaltools.gnu-tools-for-stm32.13.3.rel1.win32_1.0.0.202411081344/tools/bin/../lib/gcc/arm-none-eabi/13.3.1/thumb/v7e-m+dp/hard/crtbegin.o
                [!provide]                        PROVIDE (__fini_array_end = .)
                0x0800e390                        . = ALIGN (0x4)
                0x0800e390                        _sidata = LOADADDR (.data)

.rel.dyn        0x0800e390        0x0
 .rel.iplt      0x0800e390        0x0 C:/ST/STM32CubeIDE_1.19.0/STM32CubeIDE/plugins/com.st.stm32cube.ide.mcu.externaltools.gnu-tools-for-stm32.13.3.rel1.win32_1.0.0.202411081344/tools/bin/../lib/gcc/arm-none-eabi/13.3.1/thumb/v7e-m+dp/hard/crtbegin.o

.data           0x24000000       0x6c load address 0x0800e390
                0x24000000                        . = ALIGN (0x4)
                0x24000000                        _sdata = .
 *(.data)
 *(.data*)
 .data.SystemCoreClock
                0x24000000        0x4 ./Common/Src/system_stm32h7xx_dualcore_boot_cm4_cm7.o
                0x24000000                SystemCoreClock
 .data.SystemD2Clock
                0x24000004        0x4 ./Common/Src/system_stm32h7xx_dualcore_boot_cm4_cm7.o
                0x24000004                SystemD2Clock
 .data.motorValues
                0x24000008        0x8 ./Core/Src/main.o
                0x24000008                motorValues
 .data.uwTickPrio
                0x24000010        0x4 ./Drivers/STM32H7xx_HAL_Driver/stm32h7xx_hal.o
                0x24000010                uwTickPrio
 .data.uwTickFreq
                0x24000014        0x1 ./Drivers/STM32H7xx_HAL_Driver/stm32h7xx_hal.o
                0x24000014                uwTickFreq
 *fill*         0x24000015        0x3 
 .data.uxCriticalNesting
                0x24000018        0x4 ./Middlewares/Third_Party/FreeRTOS/port.o
 .data._impure_ptr
                0x2400001c        0x4 C:/ST/STM32CubeIDE_1.19.0/STM32CubeIDE/plugins/com.st.stm32cube.ide.mcu.externaltools.gnu-tools-for-stm32.13.3.rel1.win32_1.0.0.202411081344/tools/bin/../lib/gcc/arm-none-eabi/13.3.1/../../../../arm-none-eabi/lib/thumb/v7e-m+dp/hard\libc_nano.a(libc_a-impure.o)
                0x2400001c                _impure_ptr
 .data._impure_data
                0x24000020       0x4c C:/ST/STM32CubeIDE_1.19.0/STM32CubeIDE/plugins/com.st.stm32cube.ide.mcu.externaltools.gnu-tools-for-stm32.13.3.rel1.win32_1.0.0.202411081344/tools/bin/../lib/gcc/arm-none-eabi/13.3.1/../../../../arm-none-eabi/lib/thumb/v7e-m+dp/hard\libc_nano.a(libc_a-impure.o)
                0x24000020                _impure_data
 *(.RamFunc)
 *(.RamFunc*)
                0x2400006c                        . = ALIGN (0x4)
                0x2400006c                        _edata = .

.igot.plt       0x2400006c        0x0 load address 0x0800e3fc
 .igot.plt      0x2400006c        0x0 C:/ST/STM32CubeIDE_1.19.0/STM32CubeIDE/plugins/com.st.stm32cube.ide.mcu.externaltools.gnu-tools-for-stm32.13.3.rel1.win32_1.0.0.202411081344/tools/bin/../lib/gcc/arm-none-eabi/13.3.1/thumb/v7e-m+dp/hard/crtbegin.o
                0x2400006c                        . = ALIGN (0x4)

.bss            0x2400006c     0x4ec8 load address 0x0800e3fc
                0x2400006c                        _sbss = .
                0x2400006c                        __bss_start__ = _sbss
 *(.bss)
 .bss           0x2400006c       0x1c C:/ST/STM32CubeIDE_1.19.0/STM32CubeIDE/plugins/com.st.stm32cube.ide.mcu.externaltools.gnu-tools-for-stm32.13.3.rel1.win32_1.0.0.202411081344/tools/bin/../lib/gcc/arm-none-eabi/13.3.1/thumb/v7e-m+dp/hard/crtbegin.o
 *(.bss*)
 .bss.hadc1     0x24000088       0x64 ./Core/Src/adc.o
                0x24000088                hadc1
 .bss.frontLeft
                0x240000ec       0x20 ./Core/Src/control.o
                0x240000ec                frontLeft
 .bss.backLeft  0x2400010c       0x20 ./Core/Src/control.o
                0x2400010c                backLeft
 .bss.frontRight
                0x2400012c       0x20 ./Core/Src/control.o
                0x2400012c                frontRight
 .bss.backRight
                0x2400014c       0x20 ./Core/Src/control.o
                0x2400014c                backRight
 .bss.bucketDrumRight
                0x2400016c       0x20 ./Core/Src/control.o
                0x2400016c                bucketDrumRight
 .bss.bucketDrumLeft
                0x2400018c       0x20 ./Core/Src/control.o
                0x2400018c                bucketDrumLeft
 .bss.leftActuator
                0x240001ac       0x14 ./Core/Src/control.o
                0x240001ac                leftActuator
 .bss.rightActuator
                0x240001c0       0x14 ./Core/Src/control.o
                0x240001c0                rightActuator
 .bss.hfdcan1   0x240001d4       0xa0 ./Core/Src/fdcan.o
                0x240001d4                hfdcan1
 .bss.ControlTaskHandle
                0x24000274        0x4 ./Core/Src/freertos.o
                0x24000274                ControlTaskHandle
 .bss.FeedbackTaskHandle
                0x24000278        0x4 ./Core/Src/freertos.o
                0x24000278                FeedbackTaskHandle
 .bss.ADCTaskHandle
                0x2400027c        0x4 ./Core/Src/freertos.o
                0x2400027c                ADCTaskHandle
 .bss.rx_buff   0x24000280       0x10 ./Core/Src/main.o
                0x24000280                rx_buff
 .bss.count     0x24000290        0x4 ./Core/Src/main.o
                0x24000290                count
 .bss.htim6     0x24000294       0x4c ./Core/Src/stm32h7xx_hal_timebase_tim.o
                0x24000294                htim6
 .bss.huart3    0x240002e0       0x94 ./Core/Src/usart.o
                0x240002e0                huart3
 .bss.huart6    0x24000374       0x94 ./Core/Src/usart.o
                0x24000374                huart6
 .bss.uwTick    0x24000408        0x4 ./Drivers/STM32H7xx_HAL_Driver/stm32h7xx_hal.o
                0x24000408                uwTick
 .bss.KernelState
                0x2400040c        0x4 ./Middlewares/Third_Party/FreeRTOS/cmsis_os2.o
 .bss.Idle_TCB.3
                0x24000410       0xa8 ./Middlewares/Third_Party/FreeRTOS/cmsis_os2.o
 .bss.Idle_Stack.2
                0x240004b8      0x200 ./Middlewares/Third_Party/FreeRTOS/cmsis_os2.o
 .bss.Timer_TCB.1
                0x240006b8       0xa8 ./Middlewares/Third_Party/FreeRTOS/cmsis_os2.o
 .bss.Timer_Stack.0
                0x24000760      0x400 ./Middlewares/Third_Party/FreeRTOS/cmsis_os2.o
 .bss.ucHeap    0x24000b60     0x3c00 ./Middlewares/Third_Party/FreeRTOS/heap_4.o
 .bss.xStart    0x24004760        0x8 ./Middlewares/Third_Party/FreeRTOS/heap_4.o
 .bss.pxEnd     0x24004768        0x4 ./Middlewares/Third_Party/FreeRTOS/heap_4.o
 .bss.xFreeBytesRemaining
                0x2400476c        0x4 ./Middlewares/Third_Party/FreeRTOS/heap_4.o
 .bss.xMinimumEverFreeBytesRemaining
                0x24004770        0x4 ./Middlewares/Third_Party/FreeRTOS/heap_4.o
 .bss.xNumberOfSuccessfulAllocations
                0x24004774        0x4 ./Middlewares/Third_Party/FreeRTOS/heap_4.o
 .bss.xNumberOfSuccessfulFrees
                0x24004778        0x4 ./Middlewares/Third_Party/FreeRTOS/heap_4.o
 .bss.xBlockAllocatedBit
                0x2400477c        0x4 ./Middlewares/Third_Party/FreeRTOS/heap_4.o
 .bss.ucMaxSysCallPriority
                0x24004780        0x1 ./Middlewares/Third_Party/FreeRTOS/port.o
 *fill*         0x24004781        0x3 
 .bss.ulMaxPRIGROUPValue
                0x24004784        0x4 ./Middlewares/Third_Party/FreeRTOS/port.o
 .bss.xQueueRegistry
                0x24004788       0x40 ./Middlewares/Third_Party/FreeRTOS/queue.o
                0x24004788                xQueueRegistry
 .bss.pxCurrentTCB
                0x240047c8        0x4 ./Middlewares/Third_Party/FreeRTOS/tasks.o
                0x240047c8                pxCurrentTCB
 .bss.pxReadyTasksLists
                0x240047cc      0x460 ./Middlewares/Third_Party/FreeRTOS/tasks.o
 .bss.xDelayedTaskList1
                0x24004c2c       0x14 ./Middlewares/Third_Party/FreeRTOS/tasks.o
 .bss.xDelayedTaskList2
                0x24004c40       0x14 ./Middlewares/Third_Party/FreeRTOS/tasks.o
 .bss.pxDelayedTaskList
                0x24004c54        0x4 ./Middlewares/Third_Party/FreeRTOS/tasks.o
 .bss.pxOverflowDelayedTaskList
                0x24004c58        0x4 ./Middlewares/Third_Party/FreeRTOS/tasks.o
 .bss.xPendingReadyList
                0x24004c5c       0x14 ./Middlewares/Third_Party/FreeRTOS/tasks.o
 .bss.xTasksWaitingTermination
                0x24004c70       0x14 ./Middlewares/Third_Party/FreeRTOS/tasks.o
 .bss.uxDeletedTasksWaitingCleanUp
                0x24004c84        0x4 ./Middlewares/Third_Party/FreeRTOS/tasks.o
 .bss.xSuspendedTaskList
                0x24004c88       0x14 ./Middlewares/Third_Party/FreeRTOS/tasks.o
 .bss.uxCurrentNumberOfTasks
                0x24004c9c        0x4 ./Middlewares/Third_Party/FreeRTOS/tasks.o
 .bss.xTickCount
                0x24004ca0        0x4 ./Middlewares/Third_Party/FreeRTOS/tasks.o
 .bss.uxTopReadyPriority
                0x24004ca4        0x4 ./Middlewares/Third_Party/FreeRTOS/tasks.o
 .bss.xSchedulerRunning
                0x24004ca8        0x4 ./Middlewares/Third_Party/FreeRTOS/tasks.o
 .bss.xPendedTicks
                0x24004cac        0x4 ./Middlewares/Third_Party/FreeRTOS/tasks.o
 .bss.xYieldPending
                0x24004cb0        0x4 ./Middlewares/Third_Party/FreeRTOS/tasks.o
 .bss.xNumOfOverflows
                0x24004cb4        0x4 ./Middlewares/Third_Party/FreeRTOS/tasks.o
 .bss.uxTaskNumber
                0x24004cb8        0x4 ./Middlewares/Third_Party/FreeRTOS/tasks.o
 .bss.xNextTaskUnblockTime
                0x24004cbc        0x4 ./Middlewares/Third_Party/FreeRTOS/tasks.o
 .bss.xIdleTaskHandle
                0x24004cc0        0x4 ./Middlewares/Third_Party/FreeRTOS/tasks.o
 .bss.uxSchedulerSuspended
                0x24004cc4        0x4 ./Middlewares/Third_Party/FreeRTOS/tasks.o
 .bss.xActiveTimerList1
                0x24004cc8       0x14 ./Middlewares/Third_Party/FreeRTOS/timers.o
 .bss.xActiveTimerList2
                0x24004cdc       0x14 ./Middlewares/Third_Party/FreeRTOS/timers.o
 .bss.pxCurrentTimerList
                0x24004cf0        0x4 ./Middlewares/Third_Party/FreeRTOS/timers.o
 .bss.pxOverflowTimerList
                0x24004cf4        0x4 ./Middlewares/Third_Party/FreeRTOS/timers.o
 .bss.xTimerQueue
                0x24004cf8        0x4 ./Middlewares/Third_Party/FreeRTOS/timers.o
 .bss.xTimerTaskHandle
                0x24004cfc        0x4 ./Middlewares/Third_Party/FreeRTOS/timers.o
 .bss.xLastTime.2
                0x24004d00        0x4 ./Middlewares/Third_Party/FreeRTOS/timers.o
 .bss.ucStaticTimerQueueStorage.1
                0x24004d04       0xa0 ./Middlewares/Third_Party/FreeRTOS/timers.o
 .bss.xStaticTimerQueue.0
                0x24004da4       0x50 ./Middlewares/Third_Party/FreeRTOS/timers.o
 .bss.__malloc_free_list
                0x24004df4        0x4 C:/ST/STM32CubeIDE_1.19.0/STM32CubeIDE/plugins/com.st.stm32cube.ide.mcu.externaltools.gnu-tools-for-stm32.13.3.rel1.win32_1.0.0.202411081344/tools/bin/../lib/gcc/arm-none-eabi/13.3.1/../../../../arm-none-eabi/lib/thumb/v7e-m+dp/hard\libc_nano.a(libc_a-mallocr.o)
                0x24004df4                __malloc_free_list
 .bss.__sf      0x24004df8      0x138 C:/ST/STM32CubeIDE_1.19.0/STM32CubeIDE/plugins/com.st.stm32cube.ide.mcu.externaltools.gnu-tools-for-stm32.13.3.rel1.win32_1.0.0.202411081344/tools/bin/../lib/gcc/arm-none-eabi/13.3.1/../../../../arm-none-eabi/lib/thumb/v7e-m+dp/hard\libc_nano.a(libc_a-findfp.o)
                0x24004df8                __sf
 .bss.__lock___malloc_recursive_mutex
                0x24004f30        0x1 C:/ST/STM32CubeIDE_1.19.0/STM32CubeIDE/plugins/com.st.stm32cube.ide.mcu.externaltools.gnu-tools-for-stm32.13.3.rel1.win32_1.0.0.202411081344/tools/bin/../lib/gcc/arm-none-eabi/13.3.1/../../../../arm-none-eabi/lib/thumb/v7e-m+dp/hard\libc_nano.a(libc_a-lock.o)
                0x24004f30                __lock___malloc_recursive_mutex
 *(COMMON)
                0x24004f34                        . = ALIGN (0x4)
 *fill*         0x24004f31        0x3 
                0x24004f34                        _ebss = .
                0x24004f34                        __bss_end__ = _ebss

._user_heap_stack
                0x24004f34      0x604 load address 0x0800e3fc
                0x24004f38                        . = ALIGN (0x8)
 *fill*         0x24004f34        0x4 
                [!provide]                        PROVIDE (end = .)
                0x24004f38                        PROVIDE (_end = .)
                0x24005138                        . = (. + _Min_Heap_Size)
 *fill*         0x24004f38      0x200 
                0x24005538                        . = (. + _Min_Stack_Size)
 *fill*         0x24005138      0x400 
                0x24005538                        . = ALIGN (0x8)

/DISCARD/
 libc.a(*)
 libm.a(*)
 libgcc.a(*)

.ARM.attributes
                0x00000000       0x2e
 *(.ARM.attributes)
 .ARM.attributes
                0x00000000       0x20 C:/ST/STM32CubeIDE_1.19.0/STM32CubeIDE/plugins/com.st.stm32cube.ide.mcu.externaltools.gnu-tools-for-stm32.13.3.rel1.win32_1.0.0.202411081344/tools/bin/../lib/gcc/arm-none-eabi/13.3.1/thumb/v7e-m+dp/hard/crti.o
 .ARM.attributes
                0x00000020       0x32 C:/ST/STM32CubeIDE_1.19.0/STM32CubeIDE/plugins/com.st.stm32cube.ide.mcu.externaltools.gnu-tools-for-stm32.13.3.rel1.win32_1.0.0.202411081344/tools/bin/../lib/gcc/arm-none-eabi/13.3.1/thumb/v7e-m+dp/hard/crtbegin.o
 .ARM.attributes
                0x00000052       0x32 ./Common/Src/system_stm32h7xx_dualcore_boot_cm4_cm7.o
 .ARM.attributes
                0x00000084       0x32 ./Core/Src/TalonFX.o
 .ARM.attributes
                0x000000b6       0x32 ./Core/Src/TalonSRX.o
 .ARM.attributes
                0x000000e8       0x32 ./Core/Src/adc.o
 .ARM.attributes
                0x0000011a       0x32 ./Core/Src/control.o
 .ARM.attributes
                0x0000014c       0x32 ./Core/Src/debug.o
 .ARM.attributes
                0x0000017e       0x32 ./Core/Src/fdcan.o
 .ARM.attributes
                0x000001b0       0x32 ./Core/Src/freertos.o
 .ARM.attributes
                0x000001e2       0x32 ./Core/Src/gpio.o
 .ARM.attributes
                0x00000214       0x32 ./Core/Src/main.o
 .ARM.attributes
                0x00000246       0x32 ./Core/Src/serial.o
 .ARM.attributes
                0x00000278       0x32 ./Core/Src/stm32h7xx_hal_msp.o
 .ARM.attributes
                0x000002aa       0x32 ./Core/Src/stm32h7xx_hal_timebase_tim.o
 .ARM.attributes
                0x000002dc       0x32 ./Core/Src/stm32h7xx_it.o
 .ARM.attributes
                0x0000030e       0x32 ./Core/Src/usart.o
 .ARM.attributes
                0x00000340       0x32 ./Core/Src/util.o
 .ARM.attributes
                0x00000372       0x21 ./Core/Startup/startup_stm32h755zitx.o
 .ARM.attributes
                0x00000393       0x32 ./Drivers/STM32H7xx_HAL_Driver/stm32h7xx_hal.o
 .ARM.attributes
                0x000003c5       0x32 ./Drivers/STM32H7xx_HAL_Driver/stm32h7xx_hal_adc.o
 .ARM.attributes
                0x000003f7       0x32 ./Drivers/STM32H7xx_HAL_Driver/stm32h7xx_hal_adc_ex.o
 .ARM.attributes
                0x00000429       0x32 ./Drivers/STM32H7xx_HAL_Driver/stm32h7xx_hal_cortex.o
 .ARM.attributes
                0x0000045b       0x32 ./Drivers/STM32H7xx_HAL_Driver/stm32h7xx_hal_dma.o
 .ARM.attributes
                0x0000048d       0x32 ./Drivers/STM32H7xx_HAL_Driver/stm32h7xx_hal_fdcan.o
 .ARM.attributes
                0x000004bf       0x32 ./Drivers/STM32H7xx_HAL_Driver/stm32h7xx_hal_gpio.o
 .ARM.attributes
                0x000004f1       0x32 ./Drivers/STM32H7xx_HAL_Driver/stm32h7xx_hal_pwr_ex.o
 .ARM.attributes
                0x00000523       0x32 ./Drivers/STM32H7xx_HAL_Driver/stm32h7xx_hal_rcc.o
 .ARM.attributes
                0x00000555       0x32 ./Drivers/STM32H7xx_HAL_Driver/stm32h7xx_hal_rcc_ex.o
 .ARM.attributes
                0x00000587       0x32 ./Drivers/STM32H7xx_HAL_Driver/stm32h7xx_hal_tim.o
 .ARM.attributes
                0x000005b9       0x32 ./Drivers/STM32H7xx_HAL_Driver/stm32h7xx_hal_tim_ex.o
 .ARM.attributes
                0x000005eb       0x32 ./Drivers/STM32H7xx_HAL_Driver/stm32h7xx_hal_uart.o
 .ARM.attributes
                0x0000061d       0x32 ./Drivers/STM32H7xx_HAL_Driver/stm32h7xx_hal_uart_ex.o
 .ARM.attributes
                0x0000064f       0x32 ./Middlewares/Third_Party/FreeRTOS/cmsis_os2.o
 .ARM.attributes
                0x00000681       0x32 ./Middlewares/Third_Party/FreeRTOS/heap_4.o
 .ARM.attributes
                0x000006b3       0x32 ./Middlewares/Third_Party/FreeRTOS/list.o
 .ARM.attributes
                0x000006e5       0x32 ./Middlewares/Third_Party/FreeRTOS/port.o
 .ARM.attributes
                0x00000717       0x32 ./Middlewares/Third_Party/FreeRTOS/queue.o
 .ARM.attributes
                0x00000749       0x32 ./Middlewares/Third_Party/FreeRTOS/tasks.o
 .ARM.attributes
                0x0000077b       0x32 ./Middlewares/Third_Party/FreeRTOS/timers.o
 .ARM.attributes
                0x000007ad       0x32 C:/ST/STM32CubeIDE_1.19.0/STM32CubeIDE/plugins/com.st.stm32cube.ide.mcu.externaltools.gnu-tools-for-stm32.13.3.rel1.win32_1.0.0.202411081344/tools/bin/../lib/gcc/arm-none-eabi/13.3.1/../../../../arm-none-eabi/lib/thumb/v7e-m+dp/hard\libc_nano.a(libc_a-mallocr.o)
 .ARM.attributes
                0x000007df       0x32 C:/ST/STM32CubeIDE_1.19.0/STM32CubeIDE/plugins/com.st.stm32cube.ide.mcu.externaltools.gnu-tools-for-stm32.13.3.rel1.win32_1.0.0.202411081344/tools/bin/../lib/gcc/arm-none-eabi/13.3.1/../../../../arm-none-eabi/lib/thumb/v7e-m+dp/hard\libc_nano.a(libc_a-mlock.o)
 .ARM.attributes
                0x00000811       0x32 C:/ST/STM32CubeIDE_1.19.0/STM32CubeIDE/plugins/com.st.stm32cube.ide.mcu.externaltools.gnu-tools-for-stm32.13.3.rel1.win32_1.0.0.202411081344/tools/bin/../lib/gcc/arm-none-eabi/13.3.1/../../../../arm-none-eabi/lib/thumb/v7e-m+dp/hard\libc_nano.a(libc_a-findfp.o)
 .ARM.attributes
                0x00000843       0x32 C:/ST/STM32CubeIDE_1.19.0/STM32CubeIDE/plugins/com.st.stm32cube.ide.mcu.externaltools.gnu-tools-for-stm32.13.3.rel1.win32_1.0.0.202411081344/tools/bin/../lib/gcc/arm-none-eabi/13.3.1/../../../../arm-none-eabi/lib/thumb/v7e-m+dp/hard\libc_nano.a(libc_a-memset.o)
 .ARM.attributes
                0x00000875       0x32 C:/ST/STM32CubeIDE_1.19.0/STM32CubeIDE/plugins/com.st.stm32cube.ide.mcu.externaltools.gnu-tools-for-stm32.13.3.rel1.win32_1.0.0.202411081344/tools/bin/../lib/gcc/arm-none-eabi/13.3.1/../../../../arm-none-eabi/lib/thumb/v7e-m+dp/hard\libc_nano.a(libc_a-reent.o)
 .ARM.attributes
                0x000008a7       0x32 C:/ST/STM32CubeIDE_1.19.0/STM32CubeIDE/plugins/com.st.stm32cube.ide.mcu.externaltools.gnu-tools-for-stm32.13.3.rel1.win32_1.0.0.202411081344/tools/bin/../lib/gcc/arm-none-eabi/13.3.1/../../../../arm-none-eabi/lib/thumb/v7e-m+dp/hard\libc_nano.a(libc_a-impure.o)
 .ARM.attributes
                0x000008d9       0x32 C:/ST/STM32CubeIDE_1.19.0/STM32CubeIDE/plugins/com.st.stm32cube.ide.mcu.externaltools.gnu-tools-for-stm32.13.3.rel1.win32_1.0.0.202411081344/tools/bin/../lib/gcc/arm-none-eabi/13.3.1/../../../../arm-none-eabi/lib/thumb/v7e-m+dp/hard\libc_nano.a(libc_a-init.o)
 .ARM.attributes
                0x0000090b       0x32 C:/ST/STM32CubeIDE_1.19.0/STM32CubeIDE/plugins/com.st.stm32cube.ide.mcu.externaltools.gnu-tools-for-stm32.13.3.rel1.win32_1.0.0.202411081344/tools/bin/../lib/gcc/arm-none-eabi/13.3.1/../../../../arm-none-eabi/lib/thumb/v7e-m+dp/hard\libc_nano.a(libc_a-lock.o)
 .ARM.attributes
                0x0000093d       0x32 C:/ST/STM32CubeIDE_1.19.0/STM32CubeIDE/plugins/com.st.stm32cube.ide.mcu.externaltools.gnu-tools-for-stm32.13.3.rel1.win32_1.0.0.202411081344/tools/bin/../lib/gcc/arm-none-eabi/13.3.1/../../../../arm-none-eabi/lib/thumb/v7e-m+dp/hard\libc_nano.a(libc_a-memcpy-stub.o)
 .ARM.attributes
                0x0000096f       0x17 C:/ST/STM32CubeIDE_1.19.0/STM32CubeIDE/plugins/com.st.stm32cube.ide.mcu.externaltools.gnu-tools-for-stm32.13.3.rel1.win32_1.0.0.202411081344/tools/bin/../lib/gcc/arm-none-eabi/13.3.1/../../../../arm-none-eabi/lib/thumb/v7e-m+dp/hard\libc_nano.a(libc_a-strlen.o)
 .ARM.attributes
                0x00000986       0x32 C:/ST/STM32CubeIDE_1.19.0/STM32CubeIDE/plugins/com.st.stm32cube.ide.mcu.externaltools.gnu-tools-for-stm32.13.3.rel1.win32_1.0.0.202411081344/tools/bin/../lib/gcc/arm-none-eabi/13.3.1/../../../../arm-none-eabi/lib/thumb/v7e-m+dp/hard\libc_nano.a(libc_a-freer.o)
 .ARM.attributes
                0x000009b8       0x20 C:/ST/STM32CubeIDE_1.19.0/STM32CubeIDE/plugins/com.st.stm32cube.ide.mcu.externaltools.gnu-tools-for-stm32.13.3.rel1.win32_1.0.0.202411081344/tools/bin/../lib/gcc/arm-none-eabi/13.3.1/thumb/v7e-m+dp/hard\libgcc.a(_aeabi_uldivmod.o)
 .ARM.attributes
                0x000009d8       0x32 C:/ST/STM32CubeIDE_1.19.0/STM32CubeIDE/plugins/com.st.stm32cube.ide.mcu.externaltools.gnu-tools-for-stm32.13.3.rel1.win32_1.0.0.202411081344/tools/bin/../lib/gcc/arm-none-eabi/13.3.1/thumb/v7e-m+dp/hard\libgcc.a(_udivmoddi4.o)
 .ARM.attributes
                0x00000a0a       0x20 C:/ST/STM32CubeIDE_1.19.0/STM32CubeIDE/plugins/com.st.stm32cube.ide.mcu.externaltools.gnu-tools-for-stm32.13.3.rel1.win32_1.0.0.202411081344/tools/bin/../lib/gcc/arm-none-eabi/13.3.1/thumb/v7e-m+dp/hard\libgcc.a(_dvmd_tls.o)
 .ARM.attributes
                0x00000a2a       0x20 C:/ST/STM32CubeIDE_1.19.0/STM32CubeIDE/plugins/com.st.stm32cube.ide.mcu.externaltools.gnu-tools-for-stm32.13.3.rel1.win32_1.0.0.202411081344/tools/bin/../lib/gcc/arm-none-eabi/13.3.1/thumb/v7e-m+dp/hard/crtn.o
OUTPUT(rtos_filetest_CM7.elf elf32-littlearm)
LOAD linker stubs
LOAD C:/ST/STM32CubeIDE_1.19.0/STM32CubeIDE/plugins/com.st.stm32cube.ide.mcu.externaltools.gnu-tools-for-stm32.13.3.rel1.win32_1.0.0.202411081344/tools/bin/../lib/gcc/arm-none-eabi/13.3.1/../../../../arm-none-eabi/lib/thumb/v7e-m+dp/hard\libc.a
LOAD C:/ST/STM32CubeIDE_1.19.0/STM32CubeIDE/plugins/com.st.stm32cube.ide.mcu.externaltools.gnu-tools-for-stm32.13.3.rel1.win32_1.0.0.202411081344/tools/bin/../lib/gcc/arm-none-eabi/13.3.1/../../../../arm-none-eabi/lib/thumb/v7e-m+dp/hard\libm.a
LOAD C:/ST/STM32CubeIDE_1.19.0/STM32CubeIDE/plugins/com.st.stm32cube.ide.mcu.externaltools.gnu-tools-for-stm32.13.3.rel1.win32_1.0.0.202411081344/tools/bin/../lib/gcc/arm-none-eabi/13.3.1/thumb/v7e-m+dp/hard\libgcc.a

.debug_info     0x00000000    0x2ff6b
 .debug_info    0x00000000      0xe73 ./Common/Src/system_stm32h7xx_dualcore_boot_cm4_cm7.o
 .debug_info    0x00000e73      0xcc0 ./Core/Src/TalonFX.o
 .debug_info    0x00001b33      0xa25 ./Core/Src/TalonSRX.o
 .debug_info    0x00002558     0x1258 ./Core/Src/adc.o
 .debug_info    0x000037b0      0xc3e ./Core/Src/control.o
 .debug_info    0x000043ee      0x926 ./Core/Src/debug.o
 .debug_info    0x00004d14     0x12ba ./Core/Src/fdcan.o
 .debug_info    0x00005fce     0x153a ./Core/Src/freertos.o
 .debug_info    0x00007508      0x634 ./Core/Src/gpio.o
 .debug_info    0x00007b3c     0x12cf ./Core/Src/main.o
 .debug_info    0x00008e0b      0x91f ./Core/Src/serial.o
 .debug_info    0x0000972a      0x838 ./Core/Src/stm32h7xx_hal_msp.o
 .debug_info    0x00009f62     0x10cd ./Core/Src/stm32h7xx_hal_timebase_tim.o
 .debug_info    0x0000b02f      0xbc7 ./Core/Src/stm32h7xx_it.o
 .debug_info    0x0000bbf6     0x150e ./Core/Src/usart.o
 .debug_info    0x0000d104      0x24a ./Core/Src/util.o
 .debug_info    0x0000d34e       0x30 ./Core/Startup/startup_stm32h755zitx.o
 .debug_info    0x0000d37e     0x177a ./Drivers/STM32H7xx_HAL_Driver/stm32h7xx_hal.o
 .debug_info    0x0000eaf8     0x1da7 ./Drivers/STM32H7xx_HAL_Driver/stm32h7xx_hal_adc.o
 .debug_info    0x0001089f     0x1ec8 ./Drivers/STM32H7xx_HAL_Driver/stm32h7xx_hal_adc_ex.o
 .debug_info    0x00012767     0x10d5 ./Drivers/STM32H7xx_HAL_Driver/stm32h7xx_hal_cortex.o
 .debug_info    0x0001383c      0xc43 ./Drivers/STM32H7xx_HAL_Driver/stm32h7xx_hal_dma.o
 .debug_info    0x0001447f     0x2baf ./Drivers/STM32H7xx_HAL_Driver/stm32h7xx_hal_fdcan.o
 .debug_info    0x0001702e      0xd06 ./Drivers/STM32H7xx_HAL_Driver/stm32h7xx_hal_gpio.o
 .debug_info    0x00017d34     0x1225 ./Drivers/STM32H7xx_HAL_Driver/stm32h7xx_hal_pwr_ex.o
 .debug_info    0x00018f59      0xe67 ./Drivers/STM32H7xx_HAL_Driver/stm32h7xx_hal_rcc.o
 .debug_info    0x00019dc0     0x1303 ./Drivers/STM32H7xx_HAL_Driver/stm32h7xx_hal_rcc_ex.o
 .debug_info    0x0001b0c3     0x2bae ./Drivers/STM32H7xx_HAL_Driver/stm32h7xx_hal_tim.o
 .debug_info    0x0001dc71     0x17eb ./Drivers/STM32H7xx_HAL_Driver/stm32h7xx_hal_tim_ex.o
 .debug_info    0x0001f45c     0x4b1d ./Drivers/STM32H7xx_HAL_Driver/stm32h7xx_hal_uart.o
 .debug_info    0x00023f79      0xfbf ./Drivers/STM32H7xx_HAL_Driver/stm32h7xx_hal_uart_ex.o
 .debug_info    0x00024f38     0x4447 ./Middlewares/Third_Party/FreeRTOS/cmsis_os2.o
 .debug_info    0x0002937f      0x4d5 ./Middlewares/Third_Party/FreeRTOS/heap_4.o
 .debug_info    0x00029854      0x2af ./Middlewares/Third_Party/FreeRTOS/list.o
 .debug_info    0x00029b03      0x4de ./Middlewares/Third_Party/FreeRTOS/port.o
 .debug_info    0x00029fe1     0x1b79 ./Middlewares/Third_Party/FreeRTOS/queue.o
 .debug_info    0x0002bb5a     0x28c1 ./Middlewares/Third_Party/FreeRTOS/tasks.o
 .debug_info    0x0002e41b     0x1b50 ./Middlewares/Third_Party/FreeRTOS/timers.o

.debug_abbrev   0x00000000     0x5929
 .debug_abbrev  0x00000000      0x165 ./Common/Src/system_stm32h7xx_dualcore_boot_cm4_cm7.o
 .debug_abbrev  0x00000165      0x20c ./Core/Src/TalonFX.o
 .debug_abbrev  0x00000371      0x1db ./Core/Src/TalonSRX.o
 .debug_abbrev  0x0000054c      0x225 ./Core/Src/adc.o
 .debug_abbrev  0x00000771      0x1fa ./Core/Src/control.o
 .debug_abbrev  0x0000096b      0x1d0 ./Core/Src/debug.o
 .debug_abbrev  0x00000b3b      0x234 ./Core/Src/fdcan.o
 .debug_abbrev  0x00000d6f      0x259 ./Core/Src/freertos.o
 .debug_abbrev  0x00000fc8      0x189 ./Core/Src/gpio.o
 .debug_abbrev  0x00001151      0x2e0 ./Core/Src/main.o
 .debug_abbrev  0x00001431      0x1b0 ./Core/Src/serial.o
 .debug_abbrev  0x000015e1      0x11c ./Core/Src/stm32h7xx_hal_msp.o
 .debug_abbrev  0x000016fd      0x212 ./Core/Src/stm32h7xx_hal_timebase_tim.o
 .debug_abbrev  0x0000190f      0x187 ./Core/Src/stm32h7xx_it.o
 .debug_abbrev  0x00001a96      0x24e ./Core/Src/usart.o
 .debug_abbrev  0x00001ce4       0xd7 ./Core/Src/util.o
 .debug_abbrev  0x00001dbb       0x24 ./Core/Startup/startup_stm32h755zitx.o
 .debug_abbrev  0x00001ddf      0x295 ./Drivers/STM32H7xx_HAL_Driver/stm32h7xx_hal.o
 .debug_abbrev  0x00002074      0x2be ./Drivers/STM32H7xx_HAL_Driver/stm32h7xx_hal_adc.o
 .debug_abbrev  0x00002332      0x307 ./Drivers/STM32H7xx_HAL_Driver/stm32h7xx_hal_adc_ex.o
 .debug_abbrev  0x00002639      0x339 ./Drivers/STM32H7xx_HAL_Driver/stm32h7xx_hal_cortex.o
 .debug_abbrev  0x00002972      0x248 ./Drivers/STM32H7xx_HAL_Driver/stm32h7xx_hal_dma.o
 .debug_abbrev  0x00002bba      0x288 ./Drivers/STM32H7xx_HAL_Driver/stm32h7xx_hal_fdcan.o
 .debug_abbrev  0x00002e42      0x205 ./Drivers/STM32H7xx_HAL_Driver/stm32h7xx_hal_gpio.o
 .debug_abbrev  0x00003047      0x2d7 ./Drivers/STM32H7xx_HAL_Driver/stm32h7xx_hal_pwr_ex.o
 .debug_abbrev  0x0000331e      0x2c8 ./Drivers/STM32H7xx_HAL_Driver/stm32h7xx_hal_rcc.o
 .debug_abbrev  0x000035e6      0x269 ./Drivers/STM32H7xx_HAL_Driver/stm32h7xx_hal_rcc_ex.o
 .debug_abbrev  0x0000384f      0x276 ./Drivers/STM32H7xx_HAL_Driver/stm32h7xx_hal_tim.o
 .debug_abbrev  0x00003ac5      0x281 ./Drivers/STM32H7xx_HAL_Driver/stm32h7xx_hal_tim_ex.o
 .debug_abbrev  0x00003d46      0x33d ./Drivers/STM32H7xx_HAL_Driver/stm32h7xx_hal_uart.o
 .debug_abbrev  0x00004083      0x2d2 ./Drivers/STM32H7xx_HAL_Driver/stm32h7xx_hal_uart_ex.o
 .debug_abbrev  0x00004355      0x54a ./Middlewares/Third_Party/FreeRTOS/cmsis_os2.o
 .debug_abbrev  0x0000489f      0x21d ./Middlewares/Third_Party/FreeRTOS/heap_4.o
 .debug_abbrev  0x00004abc       0xf5 ./Middlewares/Third_Party/FreeRTOS/list.o
 .debug_abbrev  0x00004bb1      0x25c ./Middlewares/Third_Party/FreeRTOS/port.o
 .debug_abbrev  0x00004e0d      0x3b6 ./Middlewares/Third_Party/FreeRTOS/queue.o
 .debug_abbrev  0x000051c3      0x3fe ./Middlewares/Third_Party/FreeRTOS/tasks.o
 .debug_abbrev  0x000055c1      0x368 ./Middlewares/Third_Party/FreeRTOS/timers.o

.debug_aranges  0x00000000     0x2278
 .debug_aranges
                0x00000000       0x30 ./Common/Src/system_stm32h7xx_dualcore_boot_cm4_cm7.o
 .debug_aranges
                0x00000030       0x58 ./Core/Src/TalonFX.o
 .debug_aranges
                0x00000088       0x38 ./Core/Src/TalonSRX.o
 .debug_aranges
                0x000000c0       0x30 ./Core/Src/adc.o
 .debug_aranges
                0x000000f0       0x28 ./Core/Src/control.o
 .debug_aranges
                0x00000118       0x30 ./Core/Src/debug.o
 .debug_aranges
                0x00000148       0x40 ./Core/Src/fdcan.o
 .debug_aranges
                0x00000188       0x48 ./Core/Src/freertos.o
 .debug_aranges
                0x000001d0       0x20 ./Core/Src/gpio.o
 .debug_aranges
                0x000001f0       0x38 ./Core/Src/main.o
 .debug_aranges
                0x00000228       0x28 ./Core/Src/serial.o
 .debug_aranges
                0x00000250       0x20 ./Core/Src/stm32h7xx_hal_msp.o
 .debug_aranges
                0x00000270       0x30 ./Core/Src/stm32h7xx_hal_timebase_tim.o
 .debug_aranges
                0x000002a0       0x58 ./Core/Src/stm32h7xx_it.o
 .debug_aranges
                0x000002f8       0x38 ./Core/Src/usart.o
 .debug_aranges
                0x00000330       0x48 ./Core/Src/util.o
 .debug_aranges
                0x00000378       0x28 ./Core/Startup/startup_stm32h755zitx.o
 .debug_aranges
                0x000003a0      0x200 ./Drivers/STM32H7xx_HAL_Driver/stm32h7xx_hal.o
 .debug_aranges
                0x000005a0      0x230 ./Drivers/STM32H7xx_HAL_Driver/stm32h7xx_hal_adc.o
 .debug_aranges
                0x000007d0      0x1e0 ./Drivers/STM32H7xx_HAL_Driver/stm32h7xx_hal_adc_ex.o
 .debug_aranges
                0x000009b0      0x130 ./Drivers/STM32H7xx_HAL_Driver/stm32h7xx_hal_cortex.o
 .debug_aranges
                0x00000ae0       0xa0 ./Drivers/STM32H7xx_HAL_Driver/stm32h7xx_hal_dma.o
 .debug_aranges
                0x00000b80      0x338 ./Drivers/STM32H7xx_HAL_Driver/stm32h7xx_hal_fdcan.o
 .debug_aranges
                0x00000eb8       0x58 ./Drivers/STM32H7xx_HAL_Driver/stm32h7xx_hal_gpio.o
 .debug_aranges
                0x00000f10      0x170 ./Drivers/STM32H7xx_HAL_Driver/stm32h7xx_hal_pwr_ex.o
 .debug_aranges
                0x00001080       0x88 ./Drivers/STM32H7xx_HAL_Driver/stm32h7xx_hal_rcc.o
 .debug_aranges
                0x00001108      0x100 ./Drivers/STM32H7xx_HAL_Driver/stm32h7xx_hal_rcc_ex.o
 .debug_aranges
                0x00001208      0x3e0 ./Drivers/STM32H7xx_HAL_Driver/stm32h7xx_hal_tim.o
 .debug_aranges